2019-11-03 20:59:07.383 7306-8088/? D/d.d.qhook: change 3dda0003-957f-7d4a-34a6-74696673696d: 81 01 01 00 24 32 00 00 00
2019-11-03 20:59:07.430 7306-8088/? D/d.d.qhook: change 3dda0004-957f-7d4a-34a6-74696673696d: 00 01 01 16 00 FF FF FF FF 78 44 BC 5D 55 00 3C 00 13 00 00 06 CA 01 E1 01 E2 09 DD 07 FD 00 FE 00 E2 04 7A 44 BC 5D 12 00 3C 00 FE FE 22 12 FF 01 1E 19 FF 01 77 FF FF 00 7F FF FF 00 7B FF FF 01 18 11 FF 01 1A 15 FF 01 01 00 FF 00 14 0F FF 00 77 FF FF 00 28 19 FF 02 1C 0E FF 01 1C 0E FF 01 7F FF FF 00 3E 20 FF 02 38 21 FF 02 10 0C FF 01 79 FF FF 00 75 FF FF 00 73 FF FF 01 79 FF FF 00 26 19 FF 01 01 00 FF 00 26 0F FF 01 38 10 FF 02 18 08 FF 01 1C 09 FF 01 7D FF FF 01 30 15 FF 01 20 0E FF 01 01 00 FF 00 12 0A FF 01 01 00 FF 00 22 0F FF 01 2C
2019-11-03 20:59:07.436 7306-8088/? D/d.d.qhook: change 3dda0004-957f-7d4a-34a6-74696673696d: 01 13 FF 02 3A 14 FF 02 3E 1C FF 02 20 0F FF 01 42 1C FF 02 1E 0E FF 02 1E 11 FF 00 24 1B FF 02 1C 1B FF 01 2C 1D FF 01 52 1A FF 03 4A 20 FF 03 38 19 FF 02 52 32 FF 03 5C 28 FF 43 22 0B FF 01 7D FF FF 00 24 0D FF 02 6E 1C FF 44 34 13 FF 02 56 1D FF 03 1A 0E FF 00 22 16 FF 02 18 11 FF 01 7B FF FF 00 16 16 FF 01 03 43 FF 00 7D FF FF 00 73 FF FF 00 2A 15 FF 02 36 18 FF 02 18 09 FF 00 10 07 FF 01 73 FF FF 00 20 0C FF 01 24 17 FF 01 16 11 FF 01 24 13 FF 01 14 11 FF 01 1A 13 FF 01 16 11 FF 01 7F FF FF 00 7D FF FF 01 16 0E FF 01 7B FF FF 00 10 0B
2019-11-03 20:59:07.464 7306-8088/? D/d.d.qhook: change 3dda0004-957f-7d4a-34a6-74696673696d: 02 FF 01 14 15 FF 00 26 17 FF 01 2C 15 FF 02 2E 17 FF 02 22 0F FF 01 75 FF FF 00 71 FF FF 00 75 FF FF 00 7F FF FF 01 7D FF FF 00 77 FF FF 00 73 FF FF 00 10 14 FF 01 75 FF FF 00 22 11 FF 01 77 FF FF 00 7D FF FF 01 71 FF FF 00 7F FF FF 00 10 11 FF 01 7B FF FF 00 7F FF FF 01 73 FF FF 00 12 16 FF 00 22 1C FF 02 20 20 FF 01 71 FF FF 00 71 FF FF 00 77 FF FF 00 12 13 FF 01 26 17 FF 01 7F FF FF 00 10 11 FF 01 14 10 FF 01 7D FF FF 00 77 FF FF 00 79 FF FF 01 73 FF FF 00 1C 11 FF 01 77 FF FF 00 71 FF FF 00 79 FF FF 00 71 FF FF 00 73 FF FF 00 77 FF FF
2019-11-03 20:59:07.476 7306-8088/? D/d.d.qhook: change 3dda0004-957f-7d4a-34a6-74696673696d: 03 00 71 FF FF 00 73 FF FF 00 77 FF FF 01 10 0F FF 00 73 FF FF 00 51 43 FF 00 71 FF FF 00 71 FF FF 00 73 FF FF 00 7F FF FF 01 73 FF FF 00 7F FF FF 00 10 10 FF 01 73 FF FF 00 7D FF FF 00 7B FF FF 01 7F FF FF 00 75 FF FF 00 79 FF FF 01 77 FF FF 00 79 FF FF 00 79 FF FF 01 79 FF FF 00 79 FF FF 00 71 FF FF 00 79 FF FF 00 73 FF FF 00 79 FF FF 01 77 FF FF 00 12 12 FF 00 77 FF FF 01 75 FF FF 00 75 FF FF 00 10 11 FF 01 7D FF FF 00 77 FF FF 00 71 FF FF 00 71 FF FF 00 71 FF FF 00 75 FF FF 00 71 FF FF 00 7B FF FF 01 14 0F FF 00 77 FF FF 01 71 FF FF 00
2019-11-03 20:59:07.505 7306-8088/? D/d.d.qhook: change 3dda0004-957f-7d4a-34a6-74696673696d: 04 71 FF FF 00 73 FF FF 00 73 FF FF 00 73 FF FF 00 75 FF FF 00 73 FF FF 00 61 63 FF 00 73 FF FF 00 61 CB FF 00 73 FF FF 00 73 FF FF 00 73 FF FF 00 73 FF FF 00 71 FF FF 00 77 FF FF 01 11 8F FF 00 73 FF FF 00 73 AF FF 00 73 FF FF 00 71 FF FF 00 75 FF FF 00 77 FF FF 00 75 FF FF 00 71 FF FF 00 71 FF FF 00 75 FF FF 00 73 FF FF 01 71 FF FF 00 7B FF FF 00 77 FF FF 00 79 FF FF 00 7F FF FF 01 7F FF FF 00 10 11 FF 01 18 11 FF 01 18 13 FF 01 7B FF FF 00 71 FF FF 00 14 11 FF 01 7B FF FF 00 77 FF FF 00 73 FF FF 00 7B FF FF 01 71 FF FF 00 73 FF FF 00 77
2019-11-03 20:59:07.523 7306-8088/? D/d.d.qhook: change 3dda0004-957f-7d4a-34a6-74696673696d: 05 FF FF 00 75 FF FF 00 7F FF FF 01 41 3F FF 00 77 FF FF 00 28 14 FF 01 12 0E FF 01 1C 16 FF 01 75 FF FF 00 77 FF FF 00 73 FF FF 00 75 FF FF 00 71 FF FF 00 79 FF FF 01 71 FF FF 00 75 FF FF 00 75 FF FF 00 79 FF FF 00 7D FF FF 01 79 FF FF 00 7B FF FF 00 75 FF FF 00 73 FF FF 00 75 FF FF 01 79 FF FF 00 71 FF FF 00 71 E3 FF 00 73 FF FF 00 77 FF FF 00 75 FF FF 00 7B FF FF 01 7D FF FF 00 16 16 FF 01 01 37 FF 00 7B FF FF 00 14 1B FF 01 75 FF FF 00 7D FF FF 00 77 FF FF 01 7F FF FF 00 7B FF FF 00 75 FF FF 01 73 FF FF 00 71 FF FF 00 01 6F FF 00 77 FF
2019-11-03 20:59:07.553 7306-8088/? D/d.d.qhook: change 3dda0004-957f-7d4a-34a6-74696673696d: 06 FF 00 79 FF FF 00 1E 13 FF 01 79 FF FF 01 79 FF FF 00 73 FF FF 00 71 FF FF 00 73 FF FF 00 71 97 FF 00 71 FF FF 00 75 FF FF 00 75 FF FF 00 73 FF FF 00 77 FF FF 01 12 16 FF 00 7D FF FF 01 20 1A FF 01 75 FF FF 00 7F FF FF 00 20 12 FF 01 7D FF FF 01 12 09 FF 00 14 15 FF 01 77 FF FF 00 79 FF FF 01 75 FF FF 00 77 FF FF 00 7B FF FF 00 79 FF FF 01 75 FF FF 00 79 FF FF 00 16 0A FF 01 7D FF FF 00 1C 15 FF 01 79 FF FF 00 14 0E FF 01 1C 17 FF 01 71 FF FF 00 73 FF FF 00 77 FF FF 00 7D FF FF 01 7F FF FF 00 28 1A FF 02 20 14 FF 01 10 10 FF 00 20 17 FF
2019-11-03 20:59:07.565 7306-8088/? D/d.d.qhook: change 3dda0004-957f-7d4a-34a6-74696673696d: 07 02 73 FF FF 00 79 FF FF 00 20 0D FF 01 26 19 FF 01 2A 19 FF 02 2E 1B FF 01 2E 19 FF 02 30 1A FF 02 10 0A FF 00 34 18 FF 02 3A 1A FF 02 38 1F FF 02 38 21 FF 02 38 21 FF 02 36 20 FF 02 48 20 FF 03 4C 20 FF 02 4E 20 FF 03 44 20 FF 02 36 20 FF 02 34 21 FF 02 30 1C FF 02 3C 20 FF 02 20 15 FF 01 79 FF FF 00 12 0F FF 01 7F FF FF 00 1C 17 FF 01 2A 1B FF 02 2E 1C FF 01 2C 1F FF 02 24 1C FF 01 2C 1A FF 02 26 1D FF 01 2E 19 FF 02 2A 19 FF 01 30 1B FF 02 26 16 FF 01 30 1B FF 02 2C 1D FF 01 28 1D FF 02 1A 11 FF 01 2E 19 FF 01 2C 1F FF 02 2A 1C FF 01
2019-11-03 20:59:07.583 7306-7306/? D/d.d.qhook: ABORT_FILE
2019-11-03 20:59:07.583 7306-7306/? D/d.d.qhook: write 3dda0003-957f-7d4a-34a6-74696673696d: 09 00 0B
2019-11-03 20:59:07.599 7306-8088/? D/d.d.qhook: change 3dda0004-957f-7d4a-34a6-74696673696d: 08 28 19 FF 02 26 16 FF 01 18 15 FF 01 7F FF FF 00 12 11 FF 01 7F FF FF 00 7B FF FF 01 75 FF FF 00 7B FF FF 00 24 18 FF 02 7B FF FF 00 79 FF FF 00 75 FF FF 00 77 FF FF 01 7F FF FF 00 7D FF FF 00 7F FF FF 01 12 16 FF 01 7B FF FF 00 12 14 FF 01 75 FF FF 00 79 FF FF 00 77 FF FF 00 79 FF FF 01 14 16 FF 00 12 19 FF 01 79 FF FF 00 7B FF FF 01 77 FF FF 00 7D FF FF 00 14 13 FF 01 12 11 FF 00 16 18 FF 01 12 17 FF 01 16 13 FF 01 7D FF FF 00 7D FF FF 00 7B FF FF 01 10 15 FF 00 10 14 FF 01 7B FF FF 00 7D FF FF 01 18 19 FF 00 12 18 FF 01 16 15 FF 01 12
2019-11-03 20:59:07.605 7306-8088/? D/d.d.qhook: change 3dda0004-957f-7d4a-34a6-74696673696d: 09 0C FF 01 79 FF FF 00 79 FF FF 00 7B FF FF 00 16 1A FF 01 18 17 FF 01 75 FF FF 00 77 FF FF 00 18 1A FF 01 18 14 FF 01 1C 1E FF 01 79 FF FF 00 10 0D FF 01 14 17 FF 01 1A 1B FF 01 20 21 FF 01 18 12 FF 01 79 FF FF 00 18 0C FF 01 1E 15 FF 01 16 12 FF 00 7B FF FF 01 14 14 FF 01 14 18 FF 00 24 20 FF 02 22 19 FF 01 24 1E FF 01 1C 1F FF 01 20 1D FF 01 22 18 FF 01 14 1C FF 01 10 17 FF 01 7D FF FF 00 7D FF FF 00 7D FF FF 01 1C 16 FF 01 16 18 FF 00 14 12 FF 01 14 12 FF 01 77 FF FF 00 1C 14 FF 01 22 19 FF 01 14 1A FF 01 14 15 FF 01 2C 1C FF 01 2C 1E
2019-11-03 20:59:07.640 7306-8088/? D/d.d.qhook: change 3dda0004-957f-7d4a-34a6-74696673696d: 0A FF 02 24 1B FF 01 24 1E FF 01 34 1E FF 02 16 18 FF 01 1C 1B FF 01 14 15 FF 01 75 FF FF 00 24 1C FF 01 26 18 FF 01 12 11 FF 01 1A 15 FF 01 1E 18 FF 01 1A 19 FF 01 1A 17 FF 01 12 15 FF 00 12 0E FF 01 26 1A FF 01 1C 13 FF 01 12 10 FF 01 77 FF FF 00 12 13 FF 01 1A 12 FF 01 10 0E FF 00 7B FF FF 01 7B FF FF 00 12 0B FF 01 18 0F FF 00 7B FF FF 01 79 FF FF 00 79 FF FF 00 7D FF FF 01 1C 10 FF 01 14 1B FF 01 77 FF FF 00 1A 15 FF 01 2A 19 FF 01 2E 1A FF 02 32 1C FF 01 2C 11 FF 02 61 57 FF 00 12 0E FF 01 1C 11 FF 01 77 FF FF 00 16 0F FF 01 16 0D FF
2019-11-03 20:59:07.641 7306-8088/? D/d.d.qhook: change 3dda0003-957f-7d4a-34a6-74696673696d: 89 00 0B 00
2019-11-03 20:59:07.658 7306-7306/? D/d.d.qhook: GET_FILE
2019-11-03 20:59:07.658 7306-7306/? D/d.d.qhook: write 3dda0003-957f-7d4a-34a6-74696673696d: 01 00 0B 00 00 00 00 FF FF FF FF
2019-11-03 20:59:07.689 7306-8088/? D/d.d.qhook: change 3dda0004-957f-7d4a-34a6-74696673696d: 0B 00 75 FF FF 00 7F FF FF 01 16 15 FF 01 18 10 FF 01 12 0C FF 00 75 FF FF 00 75 FF FF 01 1A 0B FF 00 10 09 FF 01 01 73 FF 00 7F FF FF 00 2E 1C FF 02 10 0B FF 01 73 FF FF 00 71 FF FF 00 61 4B FF 00 7F FF FF 00 71 FF FF 00 71 FF FF 00 71 FF FF 00 14 0E FF 01 73 FF FF 00 73 FF FF 00 31 8B FF 00 75 FF FF 00 71 FF FF 00 71 FF FF 00 71 FF FF 00 73 FF FF 00 71 FF FF 00 77 FF FF 00 7B FF FF 01 7B FF FF 00 01 00 FF 00 73 FF FF 00 79 FF FF 01 16 11 FF 00 7D FF FF 01 79 FF FF 00 71 FF FF 00 71 FF FF 00 71 FF FF 00 71 FF FF 00 01 00 FF 00 71 FF FF 00
2019-11-03 20:59:07.697 7306-8088/? D/d.d.qhook: change 3dda0004-957f-7d4a-34a6-74696673696d: 0C 71 FF FF 00 41 57 FF 00 71 FF FF 00 71 FF FF 00 01 00 FF 00 73 FF FF 00 01 05 FF 00 01 00 FF 00 41 E7 FF 00 77 FF FF 00 10 07 FF 01 14 0F FF 00 71 FF FF 00 18 16 FF 01 7B FF FF 01 7B FF FF 00 79 FF FF 00 1A 11 FF 01 10 0D FF 01 75 FF FF 00 7B FF FF 00 73 FF FF 00 73 FF FF 01 31 A3 FF 00 73 FF FF 00 01 AB FF 00 01 F3 FF 00 71 FF FF 00 71 FF FF 00 73 FF FF 00 71 FF FF 00 01 97 FF 00 71 FF FF 00 73 FF FF 00 51 A3 FF 00 01 53 FF 00 71 FF FF 00 71 FF FF 00 71 FF FF 00 01 2B FF 00 71 FF FF 00 01 7B FF 00 71 FF FF 00 01 00 FF 00 71 FF FF 00 11
2019-11-03 20:59:07.719 7306-8088/? D/d.d.qhook: change 3dda0004-957f-7d4a-34a6-74696673696d: 0D 97 FF 00 71 FF FF 00 71 FF FF 00 7F FF FF 00 01 F7 FF 00 01 C3 FF 00 01 EF FF 00 01 47 FF 00 01 0B FF 00 1C 03 FF 01 7F FF FF 01 01 13 FF 00 73 FF FF 00 01 05 FF 00 77 FF FF 00 71 FF FF 00 51 0B FF 00 01 00 FF 00 01 00 FF 00 01 00 FF 00 1C 06 FF 01 01 E3 FF 00 21 57 FF 00 01 D3 FF 00 71 77 FF 00 01 00 FF 00 11 73 FF 00 01 00 FF 00 51 3B FF 00 71 93 FF 00 71 FF FF 00 75 FF FF 00 71 FF FF 00 75 FF FF 00 75 FF FF 00 75 FF FF 00 79 FF FF 01 77 FF FF 00 79 FF FF 00 71 FF FF 00 71 FF FF 00 01 B7 FF 00 71 FF FF 00 77 FF FF 00 77 FF FF 01 71 AF
2019-11-03 20:59:07.722 7306-8088/? D/d.d.qhook: change 3dda0003-957f-7d4a-34a6-74696673696d: 81 00 0B 00 9C 00 00 00 01
2019-11-03 20:59:07.761 7306-8088/? D/d.d.qhook: change 3dda0004-957f-7d4a-34a6-74696673696d: 0E FF 00 71 FF FF 00 7F FF FF 00 10 10 FF 01 77 FF FF 00 73 FF FF 00 77 FF FF 00 71 FF FF 00 73 FF FF 00 73 FF FF 00 51 77 FF 00 73 FF FF 00 77 FF FF 01 16 0C FF 00 10 0F FF 01 10 0E FF 00 18 14 FF 01 10 17 FF 01 71 FF FF 00 73 FF FF 00 7B FF FF 00 12 13 FF 01 73 FF FF 00 12 0D FF 01 71 FF FF 00 7B FF FF 00 7D FF FF 00 1A 18 FF 01 7F FF FF 01 7D FF FF 00 2C 20 FF 02 24 1F FF 01 1E 11 FF 01 12 13 FF 01 77 FF FF 00 16 0F FF 01 1A 1B FF 01 1A 0E FF 00 1A 19 FF 01 73 FF FF 00 10 0F FF 01 71 FF FF 00 77 FF FF 00 77 FF FF 00 75 FF FF 01 71 FF FF
2019-11-03 20:59:07.766 7306-8088/? D/d.d.qhook: change 3dda0007-957f-7d4a-34a6-74696673696d: 80 00 0B 02 00 00 00 00 00 8C 00 00 00 01 00 0A 57 30 46 36 30 31 31 36 45 4C 02 00 08 48 57 2E 42 30 2E 41 30 03 00 0D 48 57 30 2E 30 2E 32 2E 34 72 2E 76 31 04 00 06 48 57 2E 30 2E 30 06 00 02 01 02 0A 00 1E 00 01 00 01 16 00 02 01 02 04 02 00 08 02 00 09 02 00 0A 02 00 0C 02 00 06 02 00 0E 02 00 0C 00 18 01 00 02 00 03 00 04 00 05 00 06 00 07 00 09 00 0A 00 0C 00 0D 00 11 00 0F 00 07 02 00 04 00 01 07 00 11 00 02 01 00 0B 00 01 01 13 00 04 FF 0E 00 00 87 79 F1 F2
2019-11-03 20:59:07.794 7306-8088/? D/d.d.qhook: change 3dda0004-957f-7d4a-34a6-74696673696d: 0F 00 79 FF FF 00 71 FF FF 00 7D FF FF 00 75 FF FF 00 71 FF FF 00 73 FF FF 01 73 FF FF 00 71 FF FF 00 71 A3 FF 00 79 FF FF 00 01 00 FF 00 77 FF FF 00 7F FF FF 01 14 10 FF 00 73 FF FF 00 16 0D FF 01 77 FF FF 00 79 FF FF 01 01 00 FF 00 71 FF FF 00 71 FF FF 00 71 FF FF 00 71 FF FF 00 71 FF FF 00 01 00 FF 00 71 FF FF 00 71 FF FF 00 71 FF FF 00 71 FF FF 00 71 FF FF 00 71 FF FF 00 73 FF FF 00 71 FF FF 00 77 FF FF 00 75 FF FF 00 75 FF FF 00 7B FF FF 00 7F FF FF 01 75 FF FF 00 7B FF FF 00 79 FF FF 01 12 13 FF 00 10 14 FF 01 10 0D FF 01 7D FF FF 00
2019-11-03 20:59:07.794 7306-8088/? D/d.d.qhook: change 3dda0003-957f-7d4a-34a6-74696673696d: 88 00 0B 00 9C 00 00 00 BC 28 D5 29
2019-11-03 20:59:07.831 7306-7387/? D/d.d.qhook: ABORT_FILE
2019-11-03 20:59:07.831 7306-7387/? D/d.d.qhook: write 3dda0003-957f-7d4a-34a6-74696673696d: 09 01 01
2019-11-03 20:59:07.848 7306-8088/? D/d.d.qhook: change 3dda0004-957f-7d4a-34a6-74696673696d: 10 18 16 FF 01 77 FF FF 00 7D FF FF 00 7B FF FF 01 18 14 FF 01 7B FF FF 00 16 13 FF 01 12 15 FF 00 18 17 FF 01 79 FF FF 00 43 EF FF 01 7F FF FF 00 12 0C FF 01 7D FF FF 00 12 0D FF 01 77 FF FF 00 11 87 FF 00 01 00 FF 00 75 FF FF 00 77 FF FF 00 71 FF FF 00 77 FF FF 01 77 FF FF 00 73 FF FF 00 77 FF FF 00 14 15 FF 01 71 FF FF 00 01 00 FF 00 79 FF FF 00 12 0E FF 01 75 FF FF 00 75 FF FF 00 14 0F FF 01 7F FF FF 00 16 12 FF 01 79 FF FF 00 79 FF FF 00 7D FF FF 01 14 11 FF 01 10 0F FF 00 77 FF FF 00 18 0D FF 01 7D FF FF 01 1A 1F FF 00 7D FF FF 01 77
2019-11-03 20:59:07.854 7306-8088/? D/d.d.qhook: change 3dda0004-957f-7d4a-34a6-74696673696d: 11 FF FF 00 12 0C FF 01 7D FF FF 00 75 FF FF 00 7D FF FF 01 7F FF FF 00 10 10 FF 01 75 FF FF 00 73 FF FF 00 7F FF FF 01 73 FF FF 00 77 FF FF 00 10 10 FF 00 77 FF FF 01 10 0E FF 00 7D FF FF 01 41 8B FF 00 79 FF FF 00 01 00 FF 00 11 2F FF 00 73 FF FF 00 01 00 FF 00 01 00 FF 00 01 00 FF 00 01 00 FF 00 01 00 FF 00 01 00 FF 00 01 00 FF 00 01 00 FF 00 01 00 FF 00 01 00 FF 00 01 00 FF 00 01 00 FF 00 01 00 FF 00 01 00 FF 00 01 00 FF 00 01 00 FF 00 01 00 FF 00 01 00 FF 00 01 00 FF 00 01 00 FF 00 01 00 FF 00 01 00 FF 00 01 00 FF 00 01 00 FF 00 01 00
2019-11-03 20:59:09.439 7306-8088/? D/d.d.qhook: change 3dda0003-957f-7d4a-34a6-74696673696d: 89 01 01 00
2019-11-03 20:59:09.455 7306-7306/? D/d.d.qhook: LIST_FILE
2019-11-03 20:59:09.455 7306-7306/? D/d.d.qhook: write 3dda0003-957f-7d4a-34a6-74696673696d: 02 FF 08
2019-11-03 20:59:09.845 7306-8088/? D/d.d.qhook: change 3dda0003-957f-7d4a-34a6-74696673696d: 82 FF 08 00 0A 00 00 00 00
2019-11-03 20:59:09.873 7306-8088/? D/d.d.qhook: change 3dda0004-957f-7d4a-34a6-74696673696d: 80 00 08 63 00 00 00 1A 3F 54 D5
2019-11-03 20:59:09.873 7306-8088/? D/d.d.qhook: change 3dda0003-957f-7d4a-34a6-74696673696d: 88 FF 08 00 0A 00 00 00 6B C6 CB 3E
2019-11-03 20:59:09.887 7306-7306/? D/d.d.qhook: GET_FILE
2019-11-03 20:59:09.887 7306-7306/? D/d.d.qhook: write 3dda0003-957f-7d4a-34a6-74696673696d: 01 00 08 00 00 00 00 FF FF FF FF
2019-11-03 20:59:10.413 7306-8088/? D/d.d.qhook: change 3dda0003-957f-7d4a-34a6-74696673696d: 81 00 08 00 63 00 00 00 00
2019-11-03 20:59:10.458 7306-8088/? D/d.d.qhook: change 3dda0004-957f-7d4a-34a6-74696673696d: 80 00 08 02 00 00 00 00 00 53 00 00 00 01 00 07 67 01 BC 00 46 00 00 02 00 04 7A 13 00 00 03 00 04 40 42 0F 00 04 00 04 AF 00 00 00 05 00 04 E8 03 00 00 06 00 02 00 00 07 00 02 1E 00 09 00 06 00 00 00 00 00 00 0A 00 01 64 0C 00 08 8E 31 BF 5D 23 00 3C 00 0D 00 03 59 0B 60 11 00 02 00 04 E1 FF EE 76
2019-11-03 20:59:10.460 7306-8088/? D/d.d.qhook: change 3dda0003-957f-7d4a-34a6-74696673696d: 88 00 08 00 63 00 00 00 1A 3F 54 D5
2019-11-03 20:59:10.499 7306-7387/? D/d.d.qhook: PUT_FILE
2019-11-03 20:59:10.499 7306-7387/? D/d.d.qhook: write 3dda0003-957f-7d4a-34a6-74696673696d: 03 00 08 00 00 00 00 1F 00 00 00 1F 00 00 00
2019-11-03 20:59:10.533 7306-8088/? D/d.d.qhook: change 3dda0003-957f-7d4a-34a6-74696673696d: 8A 00 08 00 03 30 75 00 00
2019-11-03 20:59:10.562 7306-8088/? D/d.d.qhook: change 3dda0003-957f-7d4a-34a6-74696673696d: 83 00 08 00 00
2019-11-03 20:59:10.566 7306-7306/? D/d.d.qhook: write 3dda0004-957f-7d4a-34a6-74696673696d: 00 00 08 02 00 00 00 00 00 0F 00 00 00 0C 00 08 8E 31 BF 5D E8 01 3C 00 0A 00 01 64 A7 C5 07 68
2019-11-03 20:59:10.592 7306-8088/? D/d.d.qhook: change 3dda0003-957f-7d4a-34a6-74696673696d: 88 00 08 00 1F 00 00 00 7B 71 1B 5E
2019-11-03 20:59:10.599 7306-7306/? D/d.d.qhook: VERIFY_FILE
2019-11-03 20:59:10.599 7306-7306/? D/d.d.qhook: write 3dda0003-957f-7d4a-34a6-74696673696d: 04 00 08
2019-11-03 20:59:10.624 7306-8088/? D/d.d.qhook: change 3dda0003-957f-7d4a-34a6-74696673696d: 8A 00 08 00 04 30 75 00 00
2019-11-03 20:59:10.653 7306-7322/? D/d.d.qhook: change 3dda0003-957f-7d4a-34a6-74696673696d: 84 00 08 00
2019-11-03 20:59:10.667 7306-7387/? D/d.d.qhook: PUT_FILE
2019-11-03 20:59:10.667 7306-7387/? D/d.d.qhook: write 3dda0003-957f-7d4a-34a6-74696673696d: 03 00 06 00 00 00 00 A0 01 00 00 A0 01 00 00
2019-11-03 20:59:10.713 7306-7322/? D/d.d.qhook: change 3dda0003-957f-7d4a-34a6-74696673696d: 8A 00 06 00 03 30 75 00 00
2019-11-03 20:59:10.743 7306-7322/? D/d.d.qhook: change 3dda0003-957f-7d4a-34a6-74696673696d: 83 00 06 00 00
2019-11-03 20:59:10.750 7306-7306/? D/d.d.qhook: write 3dda0004-957f-7d4a-34a6-74696673696d: 00 00 06 02 00 00 00 00 00 90 01 00 00 01 00 00 03 10 01 01 01 0C 00 00 20 04 01 02 18 00 00 01 02 14 00 00 01 02 1A 00 00 01 02 16 00 00 30 01 01 01 10 00 00 06 01 00 01 01 0C 2E 00 00 00 01 00 06 00 01 01 01 03 00 02 01 0F 00 8B 00 00 93 00 01 08 01 14 00 01 00 FE 08 00 93 00 02 01 00 BF D5 54 D1 01 00 01 02 18 36 00 00 00 01 00 08 00 04 00 00 07 02 01 00 01 01 1D 00 89 02 01 04 B0 02 00 89 05 01 07 B0 02 00 B0 02 00 B0 02 00 08 01 50 00 01 00 9C F6 EF CD 01 00 01 02 14 34 00 00 00 01 00 06 00 02 00 00 07 00 01 01 1D 00 89 02 01 04 B0 00
2019-11-03 20:59:10.756 7306-7306/? D/d.d.qhook: write 3dda0004-957f-7d4a-34a6-74696673696d: 01 00 89 05 01 07 B0 00 00 B0 00 00 B0 00 00 08 01 50 00 01 00 77 9C 0C 19 01 00 01 02 1A 36 00 00 00 01 00 08 00 04 00 00 07 02 00 00 01 01 1D 00 89 02 01 04 B0 03 00 89 05 01 07 B0 03 00 B0 03 00 B0 03 00 08 01 50 00 01 00 A6 79 57 CC 01 00 01 02 16 36 00 00 00 01 00 08 00 04 00 00 07 02 02 00 01 01 1D 00 89 02 01 04 B0 01 00 89 05 01 07 B0 01 00 B0 01 00 B0 01 00 08 01 50 00 01 00 C8 B7 88 87 01 00 01 01 10 5E 00 00 00 01 00 06 00 01 01 01 03 00 05 01 1D 00 85 01 F6 00 00 85 01 42 02 00 85 01 43 03 00 85 01 48 04 00 08 01 1E 00 01 00 02
2019-11-03 20:59:10.761 7306-7306/? D/d.d.qhook: write 3dda0004-957f-7d4a-34a6-74696673696d: 02 0D 00 8C 01 E9 00 01 93 00 01 01 00 03 0B 00 8C 01 E9 00 00 93 00 01 04 0A 00 8C 01 00 00 01 01 00 FE 08 00 93 00 02 01 00 34 17 48 35 00 49 F8 27 29 CE E6 F8 0B
2019-11-03 20:59:10.833 7306-7322/? D/d.d.qhook: change 3dda0003-957f-7d4a-34a6-74696673696d: 88 00 06 00 A0 01 00 00 41 F8 A9 3D
2019-11-03 20:59:10.838 7306-7306/? D/d.d.qhook: VERIFY_FILE
2019-11-03 20:59:10.838 7306-7306/? D/d.d.qhook: write 3dda0003-957f-7d4a-34a6-74696673696d: 04 00 06
2019-11-03 20:59:10.863 7306-7322/? D/d.d.qhook: change 3dda0003-957f-7d4a-34a6-74696673696d: 8A 00 06 00 04 30 75 00 00
2019-11-03 20:59:10.893 7306-7322/? D/d.d.qhook: change 3dda0003-957f-7d4a-34a6-74696673696d: 84 00 06 00
2019-11-03 20:59:10.940 7306-7387/? D/d.d.qhook: write 3dda0002-957f-7d4a-34a6-74696673696d: 02 F1 05
2019-11-03 20:59:10.987 7306-7360/? D/d.d.qhook: LIST_FILE
2019-11-03 20:59:10.987 7306-7360/? D/d.d.qhook: write 3dda0003-957f-7d4a-34a6-74696673696d: 02 FF 08
2019-11-03 20:59:11.044 7306-7322/? D/d.d.qhook: change 3dda0003-957f-7d4a-34a6-74696673696d: 82 FF 08 00 0A 00 00 00 00
2019-11-03 20:59:11.073 7306-8088/? D/d.d.qhook: change 3dda0004-957f-7d4a-34a6-74696673696d: 80 00 08 63 00 00 00 BC F2 97 97
2019-11-03 20:59:11.074 7306-8088/? D/d.d.qhook: change 3dda0003-957f-7d4a-34a6-74696673696d: 88 FF 08 00 0A 00 00 00 90 21 B9 B7
2019-11-03 20:59:11.088 7306-7306/? D/d.d.qhook: GET_FILE
2019-11-03 20:59:11.088 7306-7306/? D/d.d.qhook: write 3dda0003-957f-7d4a-34a6-74696673696d: 01 00 08 00 00 00 00 FF FF FF FF
2019-11-03 20:59:11.148 7306-7322/? D/d.d.qhook: change 3dda0003-957f-7d4a-34a6-74696673696d: 81 00 08 00 63 00 00 00 00
2019-11-03 20:59:11.198 7306-7322/? D/d.d.qhook: change 3dda0004-957f-7d4a-34a6-74696673696d: 80 00 08 02 00 00 00 00 00 53 00 00 00 01 00 07 67 01 BC 00 46 00 00 02 00 04 7A 13 00 00 03 00 04 40 42 0F 00 04 00 04 AF 00 00 00 05 00 04 E8 03 00 00 06 00 02 00 00 07 00 02 1E 00 09 00 06 00 00 00 00 00 00 0A 00 01 64 0C 00 08 8F 31 BF 5D 08 00 3C 00 0D 00 03 59 0B 60 11 00 02 00 04 72 0B 08 9C
2019-11-03 20:59:11.201 7306-8088/? D/d.d.qhook: change 3dda0003-957f-7d4a-34a6-74696673696d: 88 00 08 00 63 00 00 00 BC F2 97 97
2019-11-03 20:59:11.279 7306-7360/? D/d.d.qhook: LIST_FILE
2019-11-03 20:59:11.279 7306-7360/? D/d.d.qhook: write 3dda0003-957f-7d4a-34a6-74696673696d: 02 FF 01
2019-11-03 20:59:12.649 7306-7322/? D/d.d.qhook: change 3dda0003-957f-7d4a-34a6-74696673696d: 82 FF 01 00 0A 00 00 00 00
2019-11-03 20:59:12.678 7306-7322/? D/d.d.qhook: change 3dda0004-957f-7d4a-34a6-74696673696d: 80 01 01 2E 32 00 00 7A 03 FE F8
2019-11-03 20:59:12.679 7306-7322/? D/d.d.qhook: change 3dda0003-957f-7d4a-34a6-74696673696d: 88 FF 01 00 0A 00 00 00 A8 9B AE F7
2019-11-03 20:59:12.687 7306-7306/? D/d.d.qhook: LIST_FILE
2019-11-03 20:59:12.687 7306-7306/? D/d.d.qhook: write 3dda0003-957f-7d4a-34a6-74696673696d: 02 FF 02
2019-11-03 20:59:12.708 7306-8088/? D/d.d.qhook: change 3dda0003-957f-7d4a-34a6-74696673696d: 82 FF 02 00 0A 00 00 00 00
2019-11-03 20:59:12.737 7306-8088/? D/d.d.qhook: change 3dda0004-957f-7d4a-34a6-74696673696d: 80 00 02 00 01 00 00 0C 02 42 34
2019-11-03 20:59:12.738 7306-8088/? D/d.d.qhook: change 3dda0003-957f-7d4a-34a6-74696673696d: 88 FF 02 00 0A 00 00 00 A0 F9 A2 C1
2019-11-03 20:59:12.750 7306-7306/? D/d.d.qhook: LIST_FILE
2019-11-03 20:59:12.750 7306-7306/? D/d.d.qhook: write 3dda0003-957f-7d4a-34a6-74696673696d: 02 FF 01
2019-11-03 20:59:12.814 7306-8088/? D/d.d.qhook: change 3dda0003-957f-7d4a-34a6-74696673696d: 82 FF 01 00 0A 00 00 00 00
2019-11-03 20:59:12.858 7306-8088/? D/d.d.qhook: change 3dda0004-957f-7d4a-34a6-74696673696d: 80 01 01 2E 32 00 00 7A 03 FE F8
2019-11-03 20:59:12.859 7306-8088/? D/d.d.qhook: change 3dda0003-957f-7d4a-34a6-74696673696d: 88 FF 01 00 0A 00 00 00 A8 9B AE F7
2019-11-03 20:59:12.892 7306-7306/? D/d.d.qhook: VERIFY_DATA
2019-11-03 20:59:12.892 7306-7306/? D/d.d.qhook: write 3dda0003-957f-7d4a-34a6-74696673696d: 06 01 01 00 00 00 00 50 0B 00 00
2019-11-03 20:59:12.978 7306-7322/? D/d.d.qhook: change 3dda0003-957f-7d4a-34a6-74696673696d: 86 01 01 00 00 00 00 00 00 08 00 00 CF 1B B1 BE
2019-11-03 20:59:12.987 7306-7306/? D/d.d.qhook: VERIFY_DATA
2019-11-03 20:59:12.987 7306-7306/? D/d.d.qhook: write 3dda0003-957f-7d4a-34a6-74696673696d: 06 01 01 00 08 00 00 50 03 00 00
2019-11-03 20:59:13.053 7306-8088/? D/d.d.qhook: change 3dda0003-957f-7d4a-34a6-74696673696d: 86 01 01 00 00 08 00 00 00 00 00 00 FF FF FF FF
2019-11-03 20:59:13.076 7306-7306/? D/d.d.qhook: GET_FILE
2019-11-03 20:59:13.076 7306-7306/? D/d.d.qhook: write 3dda0003-957f-7d4a-34a6-74696673696d: 01 01 01 00 08 00 00 FF FF FF FF
2019-11-03 20:59:13.128 7306-8088/? D/d.d.qhook: change 3dda0003-957f-7d4a-34a6-74696673696d: 81 01 01 00 2E 2A 00 00 00
2019-11-03 20:59:13.175 7306-8088/? D/d.d.qhook: change 3dda0004-957f-7d4a-34a6-74696673696d: 00 71 FF FF 00 61 4B FF 00 7F FF FF 00 71 FF FF 00 71 FF FF 00 71 FF FF 00 14 0E FF 01 73 FF FF 00 73 FF FF 00 31 8B FF 00 75 FF FF 00 71 FF FF 00 71 FF FF 00 71 FF FF 00 73 FF FF 00 71 FF FF 00 77 FF FF 00 7B FF FF 01 7B FF FF 00 01 00 FF 00 73 FF FF 00 79 FF FF 01 16 11 FF 00 7D FF FF 01 79 FF FF 00 71 FF FF 00 71 FF FF 00 71 FF FF 00 71 FF FF 00 01 00 FF 00 71 FF FF 00 71 FF FF 00 41 57 FF 00 71 FF FF 00 71 FF FF 00 01 00 FF 00 73 FF FF 00 01 05 FF 00 01 00 FF 00 41 E7 FF 00 77 FF FF 00 10 07 FF 01 14 0F FF 00 71 FF FF 00 18 16 FF 01 7B
2019-11-03 20:59:13.180 7306-8088/? D/d.d.qhook: change 3dda0004-957f-7d4a-34a6-74696673696d: 01 FF FF 01 7B FF FF 00 79 FF FF 00 1A 11 FF 01 10 0D FF 01 75 FF FF 00 7B FF FF 00 73 FF FF 00 73 FF FF 01 31 A3 FF 00 73 FF FF 00 01 AB FF 00 01 F3 FF 00 71 FF FF 00 71 FF FF 00 73 FF FF 00 71 FF FF 00 01 97 FF 00 71 FF FF 00 73 FF FF 00 51 A3 FF 00 01 53 FF 00 71 FF FF 00 71 FF FF 00 71 FF FF 00 01 2B FF 00 71 FF FF 00 01 7B FF 00 71 FF FF 00 01 00 FF 00 71 FF FF 00 11 97 FF 00 71 FF FF 00 71 FF FF 00 7F FF FF 00 01 F7 FF 00 01 C3 FF 00 01 EF FF 00 01 47 FF 00 01 0B FF 00 1C 03 FF 01 7F FF FF 01 01 13 FF 00 73 FF FF 00 01 05 FF 00 77 FF
2019-11-03 20:59:13.210 7306-8088/? D/d.d.qhook: change 3dda0004-957f-7d4a-34a6-74696673696d: 02 FF 00 71 FF FF 00 51 0B FF 00 01 00 FF 00 01 00 FF 00 01 00 FF 00 1C 06 FF 01 01 E3 FF 00 21 57 FF 00 01 D3 FF 00 71 77 FF 00 01 00 FF 00 11 73 FF 00 01 00 FF 00 51 3B FF 00 71 93 FF 00 71 FF FF 00 75 FF FF 00 71 FF FF 00 75 FF FF 00 75 FF FF 00 75 FF FF 00 79 FF FF 01 77 FF FF 00 79 FF FF 00 71 FF FF 00 71 FF FF 00 01 B7 FF 00 71 FF FF 00 77 FF FF 00 77 FF FF 01 71 AF FF 00 71 FF FF 00 7F FF FF 00 10 10 FF 01 77 FF FF 00 73 FF FF 00 77 FF FF 00 71 FF FF 00 73 FF FF 00 73 FF FF 00 51 77 FF 00 73 FF FF 00 77 FF FF 01 16 0C FF 00 10 0F FF
2019-11-03 20:59:13.221 7306-8088/? D/d.d.qhook: change 3dda0004-957f-7d4a-34a6-74696673696d: 03 01 10 0E FF 00 18 14 FF 01 10 17 FF 01 71 FF FF 00 73 FF FF 00 7B FF FF 00 12 13 FF 01 73 FF FF 00 12 0D FF 01 71 FF FF 00 7B FF FF 00 7D FF FF 00 1A 18 FF 01 7F FF FF 01 7D FF FF 00 2C 20 FF 02 24 1F FF 01 1E 11 FF 01 12 13 FF 01 77 FF FF 00 16 0F FF 01 1A 1B FF 01 1A 0E FF 00 1A 19 FF 01 73 FF FF 00 10 0F FF 01 71 FF FF 00 77 FF FF 00 77 FF FF 00 75 FF FF 01 71 FF FF 00 79 FF FF 00 71 FF FF 00 7D FF FF 00 75 FF FF 00 71 FF FF 00 73 FF FF 01 73 FF FF 00 71 FF FF 00 71 A3 FF 00 79 FF FF 00 01 00 FF 00 77 FF FF 00 7F FF FF 01 14 10 FF 00
2019-11-03 20:59:13.251 7306-8088/? D/d.d.qhook: change 3dda0004-957f-7d4a-34a6-74696673696d: 04 73 FF FF 00 16 0D FF 01 77 FF FF 00 79 FF FF 01 01 00 FF 00 71 FF FF 00 71 FF FF 00 71 FF FF 00 71 FF FF 00 71 FF FF 00 01 00 FF 00 71 FF FF 00 71 FF FF 00 71 FF FF 00 71 FF FF 00 71 FF FF 00 71 FF FF 00 73 FF FF 00 71 FF FF 00 77 FF FF 00 75 FF FF 00 75 FF FF 00 7B FF FF 00 7F FF FF 01 75 FF FF 00 7B FF FF 00 79 FF FF 01 12 13 FF 00 10 14 FF 01 10 0D FF 01 7D FF FF 00 18 16 FF 01 77 FF FF 00 7D FF FF 00 7B FF FF 01 18 14 FF 01 7B FF FF 00 16 13 FF 01 12 15 FF 00 18 17 FF 01 79 FF FF 00 43 EF FF 01 7F FF FF 00 12 0C FF 01 7D FF FF 00 12
2019-11-03 20:59:13.257 7306-8088/? D/d.d.qhook: change 3dda0004-957f-7d4a-34a6-74696673696d: 05 0D FF 01 77 FF FF 00 11 87 FF 00 01 00 FF 00 75 FF FF 00 77 FF FF 00 71 FF FF 00 77 FF FF 01 77 FF FF 00 73 FF FF 00 77 FF FF 00 14 15 FF 01 71 FF FF 00 01 00 FF 00 79 FF FF 00 12 0E FF 01 75 FF FF 00 75 FF FF 00 14 0F FF 01 7F FF FF 00 16 12 FF 01 79 FF FF 00 79 FF FF 00 7D FF FF 01 14 11 FF 01 10 0F FF 00 77 FF FF 00 18 0D FF 01 7D FF FF 01 1A 1F FF 00 7D FF FF 01 77 FF FF 00 12 0C FF 01 7D FF FF 00 75 FF FF 00 7D FF FF 01 7F FF FF 00 10 10 FF 01 75 FF FF 00 73 FF FF 00 7F FF FF 01 73 FF FF 00 77 FF FF 00 10 10 FF 00 77 FF FF 01 10 0E
2019-11-03 20:59:13.284 7306-8088/? D/d.d.qhook: change 3dda0004-957f-7d4a-34a6-74696673696d: 06 FF 00 7D FF FF 01 41 8B FF 00 79 FF FF 00 01 00 FF 00 11 2F FF 00 73 FF FF 00 01 00 FF 00 01 00 FF 00 01 00 FF 00 01 00 FF 00 01 00 FF 00 01 00 FF 00 01 00 FF 00 01 00 FF 00 01 00 FF 00 01 00 FF 00 01 00 FF 00 01 00 FF 00 01 00 FF 00 01 00 FF 00 01 00 FF 00 01 00 FF 00 01 00 FF 00 01 00 FF 00 01 00 FF 00 01 00 FF 00 01 00 FF 00 01 00 FF 00 01 00 FF 00 01 00 FF 00 01 00 FF 00 01 00 FF 00 01 00 FF 00 01 00 FF 00 01 00 FF 00 01 00 FF 00 01 00 FF 00 01 00 FF 00 01 00 FF 00 01 00 FF 00 01 00 FF 00 51 8B FF 00 01 00 FF 00 01 0B FF 00 01 00 FF
2019-11-03 20:59:13.300 7306-8088/? D/d.d.qhook: change 3dda0004-957f-7d4a-34a6-74696673696d: 07 00 01 00 FF 00 01 00 FF 00 01 00 FF 00 01 00 FF 00 01 00 FF 00 01 00 FF 00 01 00 FF 00 01 00 FF 00 01 00 FF 00 01 00 FF 00 01 00 FF 00 01 00 FF 00 01 00 FF 00 01 00 FF 00 01 00 FF 00 01 00 FF 00 01 00 FF 00 01 A7 FF 00 01 00 FF 00 01 00 FF 00 01 00 FF 00 01 00 FF 00 01 00 FF 00 01 00 FF 00 01 00 FF 00 01 00 FF 00 01 00 FF 00 01 00 FF 00 01 00 FF 00 01 00 FF 00 01 00 FF 00 01 00 FF 00 01 00 FF 00 01 00 FF 00 01 00 FF 00 01 00 FF 00 01 00 FF 00 01 00 FF 00 01 00 FF 00 01 00 FF 00 01 00 FF 00 01 00 FF 00 11 4F FF 00 01 00 FF 00 01 00 FF 00
2019-11-03 20:59:13.331 7306-8088/? D/d.d.qhook: change 3dda0004-957f-7d4a-34a6-74696673696d: 08 01 00 FF 00 01 00 FF 00 01 00 FF 00 01 00 FF 00 01 00 FF 00 01 00 FF 00 01 00 FF 00 01 00 FF 00 01 00 FF 00 01 00 FF 00 01 00 FF 00 01 00 FF 00 01 00 FF 00 01 00 FF 00 01 00 FF 00 01 00 FF 00 01 00 FF 00 01 00 FF 00 01 00 FF 00 01 00 FF 00 01 00 FF 00 01 00 FF 00 01 00 FF 00 01 00 FF 00 01 00 FF 00 01 00 FF 00 01 00 FF 00 01 C7 FF 00 71 FF FF 00 01 00 FF 00 01 00 FF 00 01 00 FF 00 01 00 FF 00 01 00 FF 00 01 00 FF 00 01 00 FF 00 01 00 FF 00 01 00 FF 00 01 00 FF 00 01 00 FF 00 01 00 FF 00 01 5F FF 00 7F FF FF 00 41 17 FF 00 01 00 FF 00 01
2019-11-03 20:59:13.350 7306-8088/? D/d.d.qhook: change 3dda0004-957f-7d4a-34a6-74696673696d: 09 00 FF 00 01 83 FF 00 01 00 FF 00 01 00 FF 00 01 00 FF 00 01 00 FF 00 01 00 FF 00 01 00 FF 00 51 B3 FF 00 11 3F FF 00 01 00 FF 00 21 6F FF 00 01 00 FF 00 01 00 FF 00 01 00 FF 00 01 00 FF 00 01 00 FF 00 01 00 FF 00 01 00 FF 00 01 00 FF 00 01 00 FF 00 01 00 FF 00 01 00 FF 00 11 87 FF 00 71 FF FF 00 61 FB FF 00 01 0F FF 00 71 FF FF 00 01 00 FF 00 01 00 FF 00 01 00 FF 00 01 00 FF 00 01 00 FF 00 01 93 FF 00 75 FF FF 00 01 00 FF 00 01 00 FF 00 01 00 FF 00 01 00 FF 00 01 00 FF 00 01 00 FF 00 01 00 FF 00 01 00 FF 00 01 00 FF 00 01 00 FF 00 41 AB
2019-11-03 20:59:13.387 7306-8088/? D/d.d.qhook: change 3dda0004-957f-7d4a-34a6-74696673696d: 0A FF 00 01 00 FF 00 01 00 FF 00 21 6F FF 00 71 FF FF 00 01 43 FF 00 75 FF FF 01 71 FF FF 00 71 FF FF 00 01 00 FF 00 11 67 FF 00 01 00 FF 00 01 00 FF 00 71 FF FF 00 01 00 FF 00 01 00 FF 00 01 00 FF 00 01 00 FF 00 71 FF FF 00 11 AF FF 00 01 00 FF 00 01 00 FF 00 41 7B FF 00 01 27 FF 00 01 00 FF 00 01 00 FF 00 01 00 FF 00 01 00 FF 00 01 00 FF 00 01 00 FF 00 01 00 FF 00 01 00 FF 00 01 00 FF 00 01 00 FF 00 01 00 FF 00 01 00 FF 00 01 00 FF 00 01 00 FF 00 01 00 FF 00 01 00 FF 00 21 CB FF 00 01 00 FF 00 01 00 FF 00 01 00 FF 00 01 00 FF 00 01 00 FF
2019-11-03 20:59:13.397 7306-7322/? D/d.d.qhook: change 3dda0004-957f-7d4a-34a6-74696673696d: 0B 00 01 00 FF 00 01 00 FF 00 01 00 FF 00 01 00 FF 00 01 00 FF 00 01 00 FF 00 01 00 FF 00 01 00 FF 00 01 00 FF 00 01 00 FF 00 01 00 FF 00 01 00 FF 00 01 00 FF 00 01 D3 FF 00 7B FF FF 00 01 00 FF 00 11 17 FF 00 01 00 FF 00 01 00 FF 00 01 00 FF 00 01 00 FF 00 01 00 FF 00 01 00 FF 00 01 00 FF 00 01 00 FF 00 01 00 FF 00 01 00 FF 00 01 00 FF 00 01 00 FF 00 01 00 FF 00 01 B3 FF 00 41 D7 FF 00 01 00 FF 00 01 00 FF 00 01 00 FF 00 01 00 FF 00 01 00 FF 00 75 FF FF 00 21 D7 FF 00 01 00 FF 00 01 00 FF 00 01 00 FF 00 01 00 FF 00 01 00 FF 00 01 00 FF 00
2019-11-03 20:59:13.418 7306-8088/? D/d.d.qhook: change 3dda0004-957f-7d4a-34a6-74696673696d: 0C 01 47 FF 00 01 00 FF 00 01 A3 FF 00 01 00 FF 00 75 73 FF 00 01 00 FF 00 01 00 FF 00 01 0F FF 00 01 00 FF 00 01 00 FF 00 01 00 FF 00 73 FF FF 00 71 FF FF 00 01 00 FF 00 01 00 FF 00 01 00 FF 00 01 00 FF 00 21 F3 FF 00 31 03 FF 00 01 00 FF 00 01 00 FF 00 41 1F FF 00 01 00 FF 00 01 00 FF 00 01 00 FF 00 01 00 FF 00 01 00 FF 00 01 00 FF 00 01 00 FF 00 01 00 FF 00 01 00 FF 00 01 00 FF 00 43 2F FF 00 01 00 FF 00 01 00 FF 00 01 00 FF 00 01 00 FF 00 01 00 FF 00 01 00 FF 00 01 00 FF 00 01 00 FF 00 61 6F FF 00 01 00 FF 00 01 00 FF 00 01 00 FF 00 01
2019-11-03 20:59:13.430 7306-8088/? D/d.d.qhook: change 3dda0004-957f-7d4a-34a6-74696673696d: 0D 00 FF 00 01 00 FF 00 01 00 FF 00 01 00 FF 00 01 00 FF 00 01 00 FF 00 01 00 FF 00 71 FF FF 00 01 00 FF 00 01 00 FF 00 01 00 FF 00 01 00 FF 00 21 3B FF 00 01 00 FF 00 01 00 FF 00 01 00 FF 00 01 00 FF 00 11 8F FF 00 01 00 FF 00 01 00 FF 00 01 00 FF 00 01 00 FF 00 01 00 FF 00 01 00 FF 00 01 00 FF 00 01 00 FF 00 01 00 FF 00 01 00 FF 00 01 00 FF 00 01 00 FF 00 01 00 FF 00 01 00 FF 00 01 00 FF 00 21 8F FF 00 01 00 FF 00 01 00 FF 00 01 00 FF 00 01 00 FF 00 01 00 FF 00 01 00 FF 00 01 00 FF 00 01 00 FF 00 01 00 FF 00 01 00 FF 00 01 00 FF 00 01 00
2019-11-03 20:59:13.461 7306-8088/? D/d.d.qhook: change 3dda0004-957f-7d4a-34a6-74696673696d: 0E FF 00 01 00 FF 00 01 00 FF 00 41 4F FF 00 01 00 FF 00 43 47 FF 00 01 00 FF 00 01 05 FF 00 01 00 FF 00 01 00 FF 00 01 00 FF 00 01 00 FF 00 01 00 FF 00 01 00 FF 00 01 00 FF 00 11 0B FF 00 11 47 FF 00 10 05 FF 01 73 FF FF 00 01 CB FF 00 01 00 FF 00 63 BF FF 00 71 FF FF 00 71 FF FF 00 71 FF FF 00 71 FF FF 00 51 BF FF 00 01 00 FF 00 31 7F FF 00 71 FF FF 00 71 FF FF 00 71 FF FF 00 71 FF FF 00 7B FF FF 01 71 FF FF 00 41 77 FF 00 01 00 FF 00 01 00 FF 00 01 00 FF 00 01 00 FF 00 73 FF FF 00 01 00 FF 00 01 00 FF 00 01 00 FF 00 01 00 FF 00 01 00 FF
2019-11-03 20:59:13.465 7306-8088/? D/d.d.qhook: change 3dda0004-957f-7d4a-34a6-74696673696d: 0F 00 01 00 FF 00 75 FF FF 00 71 FF FF 00 73 FF FF 00 71 FF FF 00 71 FF FF 00 71 FF FF 00 01 00 FF 00 01 00 FF 00 01 00 FF 00 01 00 FF 00 01 00 FF 00 11 07 FF 00 01 00 FF 00 01 00 FF 00 01 00 FF 00 01 00 FF 00 01 00 FF 00 01 00 FF 00 71 FF FF 00 73 FF FF 00 01 00 FF 00 01 00 FF 00 01 00 FF 00 01 00 FF 00 01 00 FF 00 01 00 FF 00 01 00 FF 00 01 00 FF 00 01 00 FF 00 01 00 FF 00 01 00 FF 00 01 00 FF 00 01 00 FF 00 53 D7 FF 00 71 FF FF 00 75 FF FF 00 01 00 FF 00 01 00 FF 00 01 00 FF 00 01 00 FF 00 01 00 FF 00 01 00 FF 00 01 00 FF 00 01 00 FF 00
2019-11-03 20:59:13.500 7306-8088/? D/d.d.qhook: change 3dda0004-957f-7d4a-34a6-74696673696d: 10 01 00 FF 00 01 00 FF 00 01 00 FF 00 01 00 FF 00 01 00 FF 00 01 00 FF 00 01 00 FF 00 01 00 FF 00 01 00 FF 00 01 00 FF 00 03 7B FF 00 51 3F FF 00 01 00 FF 00 71 FF FF 00 01 00 FF 00 01 00 FF 00 01 00 FF 00 01 00 FF 00 01 00 FF 00 01 00 FF 00 73 FF FF 00 01 00 FF 00 01 00 FF 00 01 00 FF 00 01 00 FF 00 01 00 FF 00 01 00 FF 00 01 00 FF 00 71 FF FF 00 01 00 FF 00 01 00 FF 00 01 00 FF 00 01 00 FF 00 01 00 FF 00 01 00 FF 00 01 00 FF 00 01 00 FF 00 01 00 FF 00 01 00 FF 00 01 00 FF 00 01 00 FF 00 01 00 FF 00 01 00 FF 00 01 00 FF 00 01 00 FF 00 01
2019-11-03 20:59:13.505 7306-8088/? D/d.d.qhook: change 3dda0004-957f-7d4a-34a6-74696673696d: 11 00 FF 00 01 00 FF 00 01 00 FF 00 01 00 FF 00 01 00 FF 00 51 5B FF 00 01 00 FF 00 01 00 FF 00 31 4B FF 00 49 77 FF 01 1E 07 FF 01 69 BB FF 00 71 FF FF 00 71 FF FF 00 71 FF FF 00 71 FF FF 00 71 FF FF 00 73 FF FF 00 71 FF FF 00 01 00 FF 00 71 FF FF 00 01 02 FF 00 73 FF FF 00 71 FF FF 00 77 FF FF 00 73 FF FF 00 71 FF FF 00 73 FF FF 00 73 FF FF 00 71 FF FF 00 41 FF FF 00 71 FF FF 00 01 00 FF 00 73 FF FF 01 79 FF FF 00 71 FF FF 00 41 83 FF 00 73 FF FF 00 71 FF FF 00 73 FF FF 00 73 FF FF 00 71 FF FF 00 77 FF FF 00 73 FF FF 00 73 FF FF 00 75 FF
2019-11-03 20:59:13.538 7306-8088/? D/d.d.qhook: change 3dda0004-957f-7d4a-34a6-74696673696d: 12 FF 01 75 FF FF 00 77 FF FF 00 73 FF FF 00 79 FF FF 00 7D FF FF 01 71 FF FF 00 75 FF FF 00 7B FF FF 00 7D FF FF 00 10 0F FF 01 79 FF FF 00 71 FF FF 00 73 FF FF 00 79 FF FF 01 10 14 FF 00 77 FF FF 00 79 FF FF 01 7B FF FF 00 16 10 FF 01 77 FF FF 00 01 6F FF 00 31 FF FF 00 01 00 FF 00 18 12 FF 01 22 1A FF 01 2C 1D FF 02 20 1B FF 01 79 FF FF 00 75 FF FF 00 71 93 FF 00 01 00 FF 00 65 E3 FF 00 01 00 FF 00 18 11 FF 01 1C 16 FF 01 7B FF FF 01 01 00 FF 00 7B FF FF 00 75 FF FF 00 15 C7 FF 00 75 FF FF 00 01 00 FF 00 53 5B FF 00 79 FF FF 01 01 00 FF
2019-11-03 20:59:13.543 7306-8088/? D/d.d.qhook: change 3dda0004-957f-7d4a-34a6-74696673696d: 13 00 75 FF FF 00 75 FF FF 00 79 FF FF 00 16 17 FF 01 12 0B FF 01 18 0C FF 00 79 FF FF 01 77 FF FF 00 7F FF FF 00 10 0C FF 01 77 FF FF 00 1A 15 FF 01 7B FF FF 00 73 FF FF 01 01 00 FF 00 77 FF FF 00 77 FF FF 00 10 08 FF 01 24 16 FF 01 20 15 FF 01 7F FF FF 00 79 FF FF 01 73 FF FF 00 10 15 FF 00 01 53 FF 00 7D FF FF 01 12 06 FF 00 75 FF FF 01 75 FF FF 00 73 FF FF 00 75 FF FF 00 75 FF FF 00 71 FF FF 00 71 FF FF 00 79 FF FF 00 71 FF FF 00 75 FF FF 00 7B FF FF 01 14 12 FF 01 18 10 FF 00 16 11 FF 01 16 14 FF 01 24 11 FF 01 24 18 FF 01 22 1A FF 02
2019-11-03 20:59:13.573 7306-8088/? D/d.d.qhook: change 3dda0004-957f-7d4a-34a6-74696673696d: 14 28 1A FF 01 77 FF FF 00 1A 19 FF 01 14 18 FF 01 79 FF FF 00 23 67 FF 00 7B FF FF 00 1A 0C FF 01 7F FF FF 01 71 FF FF 00 75 FF FF 00 11 8F FF 00 11 3F FF 00 77 FF FF 00 73 FF FF 00 10 0F FF 01 73 FF FF 00 73 FF FF 00 73 FF FF 00 71 FF FF 00 77 FF FF 00 75 FF FF 00 7B FF FF 01 12 14 FF 00 1E 1F FF 01 1E 19 FF 01 7D FF FF 01 7B FF FF 00 75 FF FF 00 71 FF FF 00 75 FF FF 01 01 03 FF 00 7D FF FF 00 79 FF FF 00 7B FF FF 01 1A 15 FF 01 10 09 FF 00 1C 19 FF 01 16 1A FF 01 22 25 FF 01 20 17 FF 01 7F FF FF 01 16 15 FF 00 1A 1A FF 01 30 1F FF 02 12
2019-11-03 20:59:13.586 7306-8088/? D/d.d.qhook: change 3dda0004-957f-7d4a-34a6-74696673696d: 15 0D FF 01 1A 19 FF 00 7B FF FF 01 7F FF FF 00 10 10 FF 01 1A 14 FF 01 24 19 FF 01 16 13 FF 01 73 FF FF 00 26 17 FF 01 14 10 FF 01 1A 16 FF 01 7F FF FF 00 34 1A FF 02 12 0F FF 01 18 11 FF 01 77 FF FF 00 41 33 FF 00 71 FF FF 00 1E 14 FF 01 1C 0E FF 01 24 13 FF 01 1C 11 FF 01 12 18 FF 01 12 18 FF 00 24 1C FF 02 10 12 FF 00 7F FF FF 01 7F FF FF 00 73 FF FF 00 7B FF FF 01 73 FF FF 00 7B FF FF 00 7D FF FF 00 7F FF FF 01 7B FF FF 00 7D FF FF 01 73 FF FF 00 7F FF FF 00 75 FF FF 00 71 FF FF 00 14 1E FF 01 10 17 FF 01 7D FF FF 00 7B FF FF 01 79 FF
2019-11-03 20:59:13.616 7306-8088/? D/d.d.qhook: change 3dda0004-957f-7d4a-34a6-74696673696d: 16 FF 00 73 FF FF 00 75 FF FF 00 77 FF FF 00 77 FF FF 00 10 0A FF 01 1A 15 FF 01 7D FF FF 00 73 FF FF 00 12 10 FF 01 2E 23 FF 02 7F FF FF 00 79 FF FF 00 73 FF FF 00 79 FF FF 01 1E 19 FF 01 26 1D FF 01 2A 16 FF 02 1E 13 FF 01 16 15 FF 00 1A 0C FF 01 7D FF FF 01 22 1D FF 01 1E 14 FF 01 38 1B FF 02 34 1A FF 02 3A 1B FF 02 3A 18 FF 02 3C 17 FF 02 3A 18 FF 02 38 17 FF 02 42 18 FF 02 44 16 FF 03 38 16 FF 02 4E 1B FF 02 40 1D FF 03 34 1B FF 01 36 12 FF 02 2A 0F FF 02 30 10 FF 01 40 13 FF 03 32 17 FF 01 32 1D FF 02 26 19 FF 02 16 0E FF 00 2E 18 FF
2019-11-03 20:59:13.624 7306-8088/? D/d.d.qhook: change 3dda0004-957f-7d4a-34a6-74696673696d: 17 02 22 15 FF 01 30 1C FF 02 10 0F FF 00 12 15 FF 01 7F FF FF 00 7D FF FF 01 77 FF FF 00 79 FF FF 00 77 FF FF 01 12 11 FF 00 77 FF FF 00 79 FF FF 01 79 FF FF 00 77 FF FF 00 79 FF FF 01 14 10 FF 00 73 FF FF 00 7F FF FF 01 71 FF FF 00 12 08 FF 00 18 12 FF 01 7F FF FF 01 79 FF FF 00 75 FF FF 00 75 FF FF 00 11 8B FF 00 71 FF FF 00 71 FF FF 00 71 FF FF 00 41 C7 FF 00 71 FF FF 00 71 FF FF 00 71 FF FF 00 75 FF FF 00 7B FF FF 01 77 FF FF 00 71 FF FF 00 73 FF FF 00 7F FF FF 01 79 FF FF 00 14 10 FF 01 12 0B FF 00 7F FF FF 01 7F FF FF 00 16 13 FF 01
2019-11-03 20:59:13.648 7306-8088/? D/d.d.qhook: change 3dda0004-957f-7d4a-34a6-74696673696d: 18 10 15 FF 00 20 1E FF 02 1C 20 FF 01 26 0E FF 01 2E 13 FF 02 2A 11 FF 01 2E 12 FF 02 3C 0F FF 02 46 16 FF 02 40 1D FF 02 44 18 FF 03 32 1C FF 02 34 1D FF 01 4C 21 FF 03 48 1C FF 03 32 13 FF 01 2A 11 FF 02 44 1B FF 02 4C 1F FF 03 4C 1C FF 02 22 14 FF 02 40 13 FF 02 42 19 FF 02 36 1C FF 02 3A 15 FF 02 3E 19 FF 02 2E 17 FF 02 10 0F FF 00 10 10 FF 01 28 1E FF 01 20 1A FF 02 2A 1C FF 01 22 20 FF 01 1A 1E FF 01 79 FF FF 00 1A 12 FF 01 1C 1B FF 01 1A 16 FF 01 77 FF FF 00 79 FF FF 01 79 FF FF 00 22 1C FF 01 7B FF FF 00 12 11 FF 01 18 0B FF 01 18
2019-11-03 20:59:13.661 7306-8088/? D/d.d.qhook: change 3dda0004-957f-7d4a-34a6-74696673696d: 19 1C FF 01 7D FF FF 00 7B FF FF 01 1A 15 FF 01 1A 19 FF 00 7D FF FF 01 7B FF FF 00 7D FF FF 01 7D FF FF 00 77 FF FF 00 73 FF FF 00 75 FF FF 00 75 FF FF 01 71 FF FF 00 71 FF FF 00 73 FF FF 00 71 FF FF 00 71 FF FF 00 73 FF FF 00 71 FF FF 00 73 FF FF 00 71 FF FF 00 1C 19 FF 01 26 14 FF 01 79 FF FF 00 75 FF FF 01 71 FF FF 00 79 FF FF 00 73 FF FF 00 73 FF FF 00 73 FF FF 00 75 FF FF 00 73 FF FF 00 75 FF FF 00 71 FF FF 00 73 FF FF 01 75 FF FF 00 01 13 FF 00 11 EB FF 00 71 FF FF 00 71 FF FF 00 73 FF FF 00 75 FF FF 00 75 FF FF 00 73 FF FF 00 73 FF
2019-11-03 20:59:13.687 7306-8088/? D/d.d.qhook: change 3dda0004-957f-7d4a-34a6-74696673696d: 1A FF 00 71 FF FF 00 73 FF FF 00 3A 28 FF 02 22 24 FF 01 75 FF FF 01 75 FF FF 00 73 FF FF 00 61 3B FF 00 73 FF FF 00 77 FF FF 00 71 FF FF 00 71 FF FF 00 73 FF FF 00 71 FF FF 00 73 FF FF 00 71 FF FF 00 71 FF FF 00 71 FF FF 00 01 00 FF 00 71 FF FF 00 71 FF FF 00 75 FF FF 00 75 FF FF 00 71 FF FF 00 12 0F FF 01 73 FF FF 00 12 17 FF 01 7B FF FF 00 75 FF FF 00 71 FF FF 00 79 FF FF 01 13 53 FF 00 57 5F FF 00 01 00 FF 00 7D FF FF 00 16 11 FF 01 7B FF FF 00 73 FF FF 00 79 FF FF 01 7F FF FF 00 7F FF FF 01 77 FF FF 00 7F FF FF 00 7B FF FF 01 7D FF FF
2019-11-03 20:59:13.696 7306-8088/? D/d.d.qhook: change 3dda0004-957f-7d4a-34a6-74696673696d: 1B 00 7B FF FF 01 71 FF FF 00 33 17 FF 00 73 FF FF 00 75 FF FF 00 75 FF FF 00 77 FF FF 00 7B FF FF 01 73 FF FF 00 73 FF FF 00 71 FF FF 00 75 FF FF 00 7B FF FF 00 73 FF FF 00 73 FF FF 00 16 0E FF 01 7F FF FF 01 77 FF FF 00 75 FF FF 00 71 FF FF 00 33 73 FF 00 22 19 FF 01 26 13 FF 01 7F FF FF 01 7D FF FF 00 1E 1B FF 02 7D FF FF 00 12 0D FF 01 1C 18 FF 01 18 14 FF 00 12 11 FF 01 75 FF FF 00 73 FF FF 00 75 FF FF 00 77 FF FF 01 7B FF FF 00 73 FF FF 00 73 FF FF 00 75 FF FF 00 7F FF FF 01 75 FF FF 00 73 FF FF 00 73 FF FF 00 71 FF FF 00 71 FF FF 00
2019-11-03 20:59:13.722 7306-8088/? D/d.d.qhook: change 3dda0004-957f-7d4a-34a6-74696673696d: 1C 71 FF FF 00 01 00 FF 00 71 FF FF 00 71 FF FF 00 71 FF FF 00 73 FF FF 00 71 FF FF 00 71 FF FF 00 71 FF FF 00 71 FF FF 00 71 FF FF 00 01 13 FF 00 7D FF FF 00 71 FF FF 00 01 4F FF 00 01 00 FF 00 01 00 FF 00 7F FF FF 01 14 10 FF 01 75 FF FF 00 14 0C FF 01 12 0B FF 00 14 17 FF 01 73 FF FF 00 73 FF FF 00 7B FF FF 00 7B FF FF 01 71 FF FF 00 71 FF FF 00 73 FF FF 00 71 FF FF 00 51 83 FF 00 77 FF FF 00 11 43 FF 00 33 F3 FF 00 77 FF FF 00 75 FF FF 00 71 FF FF 00 79 FF FF 01 79 FF FF 00 75 FF FF 00 75 FF FF 00 12 0E FF 01 14 11 FF 01 79 FF FF 00 47
2019-11-03 20:59:13.730 7306-8088/? D/d.d.qhook: change 3dda0004-957f-7d4a-34a6-74696673696d: 1D 47 FF 00 01 00 FF 00 7F FF FF 01 73 FF FF 00 71 FF FF 00 71 FF FF 00 73 FF FF 00 73 FF FF 00 71 FF FF 00 73 FF FF 00 71 FF FF 00 71 FF FF 00 71 FF FF 00 71 FF FF 00 71 FF FF 00 01 57 FF 00 75 FF FF 00 71 FF FF 00 01 23 FF 00 71 FF FF 00 01 0B FF 00 01 00 FF 00 71 FF FF 00 51 73 FF 00 71 03 FF 00 01 00 FF 00 73 FF FF 00 01 00 FF 00 73 FF FF 00 71 FF FF 00 71 FF FF 00 73 FF FF 00 7D FF FF 01 7D FF FF 00 4E 19 FF 03 14 0F FF 00 14 0B FF 01 79 FF FF 00 79 FF FF 01 75 FF FF 00 77 FF FF 00 73 FF FF 00 41 83 FF 00 7B FF FF 00 75 FF FF 01 77 FF
2019-11-03 20:59:13.761 7306-8088/? D/d.d.qhook: change 3dda0004-957f-7d4a-34a6-74696673696d: 1E FF 00 73 FF FF 00 75 FF FF 00 75 FF FF 00 73 FF FF 00 75 FF FF 00 79 FF FF 01 73 FF FF 00 79 FF FF 00 7B FF FF 00 75 FF FF 01 16 18 FF 00 10 12 FF 01 71 FF FF 00 75 FF FF 00 7F FF FF 00 7D FF FF 01 18 17 FF 01 12 16 FF 00 7F FF FF 01 71 FF FF 00 71 FF FF 00 75 FF FF 00 71 FF FF 00 77 FF FF 00 73 FF FF 00 7B FF FF 01 63 B7 FF 00 11 03 FF 00 77 FF FF 00 75 FF FF 00 71 FF FF 00 71 FF FF 00 73 FF FF 00 71 FF FF 00 75 FF FF 00 73 FF FF 00 71 FF FF 00 71 FF FF 00 73 FF FF 00 71 FF FF 00 71 FF FF 00 01 00 FF 00 71 FF FF 00 01 00 FF 00 71 FF FF
2019-11-03 20:59:13.779 7306-8088/? D/d.d.qhook: change 3dda0004-957f-7d4a-34a6-74696673696d: 1F 00 71 FF FF 00 71 FF FF 00 71 FF FF 00 71 FF FF 00 71 FF FF 00 73 FF FF 00 79 FF FF 01 71 FF FF 00 01 00 FF 00 01 00 FF 00 71 33 FF 00 01 00 FF 00 01 00 FF 00 71 FF FF 00 71 FF FF 00 71 FF FF 00 71 FF FF 00 71 FF FF 00 71 FF FF 00 71 FF FF 00 71 FF FF 00 73 FF FF 00 73 FF FF 00 79 FF FF 00 79 FF FF 01 73 FF FF 00 75 FF FF 00 71 FF FF 00 71 FF FF 00 71 FF FF 00 71 FF FF 00 73 FF FF 00 01 E7 FF 00 71 FF FF 00 71 FF FF 00 75 FF FF 00 75 FF FF 00 71 FF FF 00 73 FF FF 00 73 FF FF 00 75 FF FF 00 73 FF FF 00 73 FF FF 00 79 FF FF 01 79 FF FF 00
2019-11-03 20:59:13.806 7306-8088/? D/d.d.qhook: change 3dda0004-957f-7d4a-34a6-74696673696d: 20 75 FF FF 00 7B FF FF 00 75 FF FF 01 77 FF FF 00 75 FF FF 00 65 7B FF 00 77 FF FF 00 7F FF FF 01 73 FF FF 00 7B FF FF 00 43 FB FF 00 75 FF FF 00 79 FF FF 01 16 14 FF 01 01 B7 FF 00 31 9B FF 00 71 FF FF 00 75 FF FF 00 75 FF FF 00 71 FF FF 00 01 37 FF 00 71 FF FF 00 71 FF FF 00 71 FF FF 00 75 FF FF 00 71 FF FF 00 11 23 FF 00 73 FF FF 00 73 FF FF 00 71 FF FF 00 71 FF FF 00 75 FF FF 00 71 FF FF 00 71 FF FF 00 71 FF FF 00 71 FF FF 00 77 FF FF 00 73 FF FF 01 77 FF FF 00 73 FF FF 00 21 07 FF 00 41 67 FF 00 73 FF FF 00 01 37 FF 00 31 CF FF 00 75
2019-11-03 20:59:13.837 7306-8088/? D/d.d.qhook: change 3dda0004-957f-7d4a-34a6-74696673696d: 21 FF FF 00 71 FF FF 00 73 FF FF 00 73 FF FF 00 73 FF FF 00 01 67 FF 00 71 FF FF 00 71 FF FF 00 71 FF FF 00 71 FF FF 00 73 FF FF 00 31 03 FF 00 73 FF FF 00 71 FF FF 00 71 93 FF 00 71 CF FF 00 01 00 FF 00 71 FF FF 00 71 FF FF 00 71 FF FF 00 75 FF FF 01 71 FF FF 00 71 FF FF 00 71 FF FF 00 71 FF FF 00 71 FF FF 00 71 FF FF 00 71 FF FF 00 71 FF FF 00 71 3B FF 00 71 FF FF 00 71 FF FF 00 01 4B FF 00 71 FF FF 00 71 FF FF 00 71 FF FF 00 71 FF FF 00 71 FF FF 00 75 FF FF 00 77 FF FF 00 31 D3 FF 00 01 63 FF 00 7B FF FF 00 73 FF FF 00 71 FF FF 00 41 37
2019-11-03 20:59:13.868 7306-8088/? D/d.d.qhook: change 3dda0004-957f-7d4a-34a6-74696673696d: 22 FF 00 01 97 FF 00 77 FF FF 00 7F FF FF 01 7F FF FF 00 10 08 FF 01 12 0B FF 01 73 FF FF 00 7B FF FF 00 12 0A FF 01 16 0E FF 00 18 17 FF 01 1A 1F FF 01 18 1C FF 01 16 16 FF 01 7F FF FF 00 20 19 FF 01 22 1C FF 02 75 FF FF 00 77 FF FF 00 01 2B FF 00 71 FF FF 00 77 FF FF 00 14 0B FF 01 23 4F FF 00 75 FF FF 00 7D FF FF 01 75 FF FF 00 75 FF FF 00 71 FF FF 00 51 D7 FF 00 71 FF FF 00 01 87 FF 00 01 3F FF 00 75 FF FF 00 71 FF FF 00 11 BB FF 00 01 00 FF 00 01 00 FF 00 01 00 FF 00 01 00 FF 00 01 00 FF 00 01 00 FF 00 63 C3 FF 00 01 00 FF 00 01 00 FF
2019-11-03 20:59:13.877 7306-7322/? D/d.d.qhook: change 3dda0004-957f-7d4a-34a6-74696673696d: 23 00 01 00 FF 00 01 00 FF 00 01 00 FF 00 01 00 FF 00 01 00 FF 00 01 00 FF 00 01 00 FF 00 01 00 FF 00 01 00 FF 00 01 00 FF 00 01 00 FF 00 01 00 FF 00 01 00 FF 00 01 00 FF 00 01 00 FF 00 01 00 FF 00 01 00 FF 00 01 00 FF 00 01 00 FF 00 01 00 FF 00 01 00 FF 00 01 00 FF 00 01 00 FF 00 01 00 FF 00 01 00 FF 00 01 00 FF 00 01 00 FF 00 01 00 FF 00 01 00 FF 00 01 00 FF 00 01 00 FF 00 01 00 FF 00 01 00 FF 00 01 03 FF 00 61 0F FF 00 01 00 FF 00 41 9F FF 00 01 00 FF 00 01 00 FF 00 01 00 FF 00 01 00 FF 00 01 00 FF 00 01 00 FF 00 01 00 FF 00 01 00 FF 00
2019-11-03 20:59:13.900 7306-8088/? D/d.d.qhook: change 3dda0004-957f-7d4a-34a6-74696673696d: 24 01 00 FF 00 01 00 FF 00 01 00 FF 00 01 00 FF 00 01 00 FF 00 01 00 FF 00 01 00 FF 00 01 00 FF 00 01 00 FF 00 01 00 FF 00 01 00 FF 00 01 00 FF 00 01 00 FF 00 01 CB FF 00 01 00 FF 00 01 00 FF 00 01 00 FF 00 01 00 FF 00 51 9B FF 00 01 00 FF 00 01 00 FF 00 01 00 FF 00 01 00 FF 00 01 00 FF 00 01 00 FF 00 01 00 FF 00 01 00 FF 00 01 00 FF 00 01 00 FF 00 01 00 FF 00 01 00 FF 00 01 00 FF 00 01 00 FF 00 41 03 FF 00 01 00 FF 00 01 00 FF 00 73 7F FF 00 13 07 FF 00 01 00 FF 00 01 00 FF 00 01 00 FF 00 01 00 FF 00 01 00 FF 00 01 00 FF 00 01 00 FF 00 01
2019-11-03 20:59:13.912 7306-8088/? D/d.d.qhook: change 3dda0004-957f-7d4a-34a6-74696673696d: 25 00 FF 00 01 00 FF 00 01 00 FF 00 01 00 FF 00 01 00 FF 00 01 00 FF 00 01 00 FF 00 01 00 FF 00 01 00 FF 00 01 00 FF 00 01 00 FF 00 01 00 FF 00 01 00 FF 00 01 00 FF 00 01 00 FF 00 01 00 FF 00 01 00 FF 00 71 6B FF 00 73 FF FF 00 01 00 FF 00 01 00 FF 00 01 00 FF 00 01 00 FF 00 01 00 FF 00 01 00 FF 00 01 00 FF 00 01 00 FF 00 11 13 FF 00 01 00 FF 00 01 00 FF 00 01 00 FF 00 01 00 FF 00 01 00 FF 00 01 00 FF 00 01 00 FF 00 01 00 FF 00 01 00 FF 00 01 00 FF 00 71 FF FF 00 01 00 FF 00 01 00 FF 00 01 00 FF 00 51 33 FF 00 61 EF FF 00 01 00 FF 00 01 00
2019-11-03 20:59:13.941 7306-8088/? D/d.d.qhook: change 3dda0004-957f-7d4a-34a6-74696673696d: 26 FF 00 11 E7 FF 00 01 00 FF 00 01 00 FF 00 01 00 FF 00 01 00 FF 00 01 00 FF 00 01 00 FF 00 01 00 FF 00 01 00 FF 00 01 00 FF 00 01 00 FF 00 01 00 FF 00 01 00 FF 00 01 00 FF 00 01 00 FF 00 01 00 FF 00 75 FF FF 00 11 73 FF 00 01 00 FF 00 01 00 FF 00 01 00 FF 00 01 00 FF 00 01 00 FF 00 01 00 FF 00 71 FF FF 00 51 BB FF 00 73 FF FF 01 01 00 FF 00 01 00 FF 00 73 FF FF 00 01 00 FF 00 01 00 FF 00 01 00 FF 00 01 00 FF 00 01 00 FF 00 01 00 FF 00 01 00 FF 00 41 47 FF 00 01 00 FF 00 01 00 FF 00 01 00 FF 00 41 7F FF 00 11 47 FF 00 01 00 FF 00 01 00 FF
2019-11-03 20:59:13.945 7306-8088/? D/d.d.qhook: change 3dda0004-957f-7d4a-34a6-74696673696d: 27 00 01 00 FF 00 01 00 FF 00 01 00 FF 00 01 00 FF 00 01 00 FF 00 01 00 FF 00 01 00 FF 00 01 00 FF 00 01 00 FF 00 01 00 FF 00 01 00 FF 00 01 00 FF 00 01 00 FF 00 01 00 FF 00 01 00 FF 00 01 00 FF 00 01 00 FF 00 79 FF FF 00 01 00 FF 00 01 00 FF 00 01 00 FF 00 01 00 FF 00 01 00 FF 00 01 00 FF 00 01 00 FF 00 01 00 FF 00 01 00 FF 00 01 00 FF 00 73 FF FF 00 01 00 FF 00 01 00 FF 00 01 00 FF 00 01 00 FF 00 01 00 FF 00 01 00 FF 00 01 06 FF 00 01 97 FF 00 01 0A FF 00 01 00 FF 00 01 00 FF 00 01 3F FF 00 01 00 FF 00 21 37 FF 00 01 00 FF 00 01 00 FF 00
2019-11-03 20:59:13.976 7306-8088/? D/d.d.qhook: change 3dda0004-957f-7d4a-34a6-74696673696d: 28 51 9B FF 00 01 00 FF 00 01 00 FF 00 01 00 FF 00 01 00 FF 00 01 00 FF 00 01 00 FF 00 71 FF FF 00 01 00 FF 00 01 00 FF 00 01 00 FF 00 01 00 FF 00 01 00 FF 00 01 00 FF 00 01 00 FF 00 01 00 FF 00 01 00 FF 00 01 00 FF 00 01 00 FF 00 01 00 FF 00 01 00 FF 00 71 FF FF 00 01 00 FF 00 01 00 FF 00 01 00 FF 00 71 FF FF 00 01 00 FF 00 01 00 FF 00 01 00 FF 00 01 00 FF 00 01 00 FF 00 01 00 FF 00 01 00 FF 00 01 00 FF 00 01 00 FF 00 01 00 FF 00 11 F7 FF 00 01 00 FF 00 01 00 FF 00 01 00 FF 00 11 3F FF 00 61 73 FF 00 11 5F FF 00 01 00 FF 00 01 00 FF 00 01
2019-11-03 20:59:13.986 7306-8088/? D/d.d.qhook: change 3dda0004-957f-7d4a-34a6-74696673696d: 29 F3 FF 00 01 00 FF 00 01 00 FF 00 01 00 FF 00 01 00 FF 00 11 E3 FF 00 01 00 FF 00 01 00 FF 00 13 C7 FF 00 31 4F FF 00 01 00 FF 00 01 00 FF 00 01 00 FF 00 01 00 FF 00 11 AB FF 00 01 00 FF 00 01 00 FF 00 01 00 FF 00 01 00 FF 00 01 00 FF 00 01 00 FF 00 01 00 FF 00 01 00 FF 00 01 00 FF 00 01 00 FF 00 01 00 FF 00 01 00 FF 00 01 00 FF 00 01 00 FF 00 01 00 FF 00 01 00 FF 00 01 00 FF 00 01 00 FF 00 01 00 FF 00 01 00 FF 00 01 00 FF 00 01 5F FF 00 53 9B FF 00 01 00 FF 00 01 00 FF 00 01 00 FF 00 01 00 FF 00 01 00 FF 00 75 FF FF 00 75 FF FF 00 01 00
2019-11-03 20:59:14.017 7306-8088/? D/d.d.qhook: change 3dda0004-957f-7d4a-34a6-74696673696d: 2A FF 00 01 00 FF 00 01 00 FF 00 01 00 FF 00 01 00 FF 00 01 00 FF 00 01 00 FF 00 01 00 FF 00 11 43 FF 00 73 FF FF 00 01 00 FF 00 01 00 FF 00 01 00 FF 00 01 00 FF 00 01 00 FF 00 61 A3 FF 00 01 00 FF 00 01 00 FF 00 41 EB FF 00 41 DF FF 00 01 00 FF 00 01 00 FF 00 51 27 FF 00 71 AB FF 00 01 00 FF 00 01 00 FF 00 61 6B FF 00 01 00 FF 00 01 00 FF 00 01 00 FF 00 01 00 FF 00 71 83 FF 00 01 00 FF 00 01 00 FF 00 01 00 FF 00 01 00 FF 00 71 FF FF 00 01 00 FF 00 01 00 FF 00 01 00 FF 00 01 00 FF 00 75 FF FF 00 75 FF FF 01 01 00 FF 00 01 00 FF 00 01 00 FF
