2019-11-03 20:59:02.583 7306-7322/? D/d.d.qhook: change 3dda0006-957f-7d4a-34a6-74696673696d: 01 06 9A 06 00 FF 02 00 FF 01
2019-11-03 20:59:02.590 7306-7306/? D/d.d.qhook: write 3dda0002-957f-7d4a-34a6-74696673696d 00002902-0000-1000-8000-00805f9b34fb: 01 00
2019-11-03 20:59:02.671 7306-7306/? D/d.d.qhook: LIST_FILE
2019-11-03 20:59:02.671 7306-7306/? D/d.d.qhook: write 3dda0003-957f-7d4a-34a6-74696673696d: 02 FF 0B
2019-11-03 20:59:03.378 7306-7322/? D/d.d.qhook: change 3dda0003-957f-7d4a-34a6-74696673696d: 82 FF 0B 00 0A 00 00 00 00
2019-11-03 20:59:03.408 7306-7322/? D/d.d.qhook: change 3dda0004-957f-7d4a-34a6-74696673696d: 80 00 0B 9C 00 00 00 BC 28 D5 29
2019-11-03 20:59:03.408 7306-7322/? D/d.d.qhook: change 3dda0003-957f-7d4a-34a6-74696673696d: 88 FF 0B 00 0A 00 00 00 59 18 F7 C6
2019-11-03 20:59:03.431 7306-7306/? D/d.d.qhook: GET_FILE
2019-11-03 20:59:03.431 7306-7306/? D/d.d.qhook: write 3dda0003-957f-7d4a-34a6-74696673696d: 01 00 0B 00 00 00 00 FF FF FF FF
2019-11-03 20:59:04.113 7306-7322/? D/d.d.qhook: change 3dda0003-957f-7d4a-34a6-74696673696d: 81 00 0B 00 9C 00 00 00 00
2019-11-03 20:59:04.166 7306-7322/? D/d.d.qhook: change 3dda0004-957f-7d4a-34a6-74696673696d: 80 00 0B 02 00 00 00 00 00 8C 00 00 00 01 00 0A 57 30 46 36 30 31 31 36 45 4C 02 00 08 48 57 2E 42 30 2E 41 30 03 00 0D 48 57 30 2E 30 2E 32 2E 34 72 2E 76 31 04 00 06 48 57 2E 30 2E 30 06 00 02 01 02 0A 00 1E 00 01 00 01 16 00 02 01 02 04 02 00 08 02 00 09 02 00 0A 02 00 0C 02 00 06 02 00 0E 02 00 0C 00 18 01 00 02 00 03 00 04 00 05 00 06 00 07 00 09 00 0A 00 0C 00 0D 00 11 00 0F 00 07 02 00 04 00 01 07 00 11 00 02 01 00 0B 00 01 01 13 00 04 FF 0E 00 00 87 79 F1 F2
2019-11-03 20:59:04.173 7306-7322/? D/d.d.qhook: change 3dda0003-957f-7d4a-34a6-74696673696d: 88 00 0B 00 9C 00 00 00 BC 28 D5 29
2019-11-03 20:59:04.249 7306-7306/? D/d.d.qhook: write 3dda0002-957f-7d4a-34a6-74696673696d: 01 F1 28
2019-11-03 20:59:04.294 7306-7322/? D/d.d.qhook: change 3dda0002-957f-7d4a-34a6-74696673696d: 03 F1 28 B6 00
2019-11-03 20:59:04.304 7306-7306/? D/d.d.qhook: ABORT_FILE
2019-11-03 20:59:04.304 7306-7306/? D/d.d.qhook: write 3dda0003-957f-7d4a-34a6-74696673696d: 09 FF FF
2019-11-03 20:59:04.369 7306-7322/? D/d.d.qhook: change 3dda0003-957f-7d4a-34a6-74696673696d: 89 FF FF 00
2019-11-03 20:59:04.394 7306-7306/? D/d.d.qhook: write 3dda0002-957f-7d4a-34a6-74696673696d: 02 09 0C 00 0C 00 2D 00 58 02
2019-11-03 20:59:04.429 7306-7322/? D/d.d.qhook: change 3dda0002-957f-7d4a-34a6-74696673696d: 03 0A 00 0C 00 2D 00 58 02
2019-11-03 20:59:04.447 7306-7306/? D/d.d.qhook: write 3dda0002-957f-7d4a-34a6-74696673696d: 02 17 01
2019-11-03 20:59:04.508 7306-7306/? D/d.d.qhook: LIST_FILE
2019-11-03 20:59:04.508 7306-7306/? D/d.d.qhook: write 3dda0003-957f-7d4a-34a6-74696673696d: 02 FF 0B
2019-11-03 20:59:04.534 7306-7328/? D/d.d.qhook: change 3dda0003-957f-7d4a-34a6-74696673696d: 82 FF 0B 00 0A 00 00 00 00
2019-11-03 20:59:04.535 7306-7306/? D/d.d.qhook: write 3dda0006-957f-7d4a-34a6-74696673696d: 02 06 9A 06 00 FF 02 00 FF 01
2019-11-03 20:59:04.563 7306-7328/? D/d.d.qhook: change 3dda0004-957f-7d4a-34a6-74696673696d: 80 00 0B 9C 00 00 00 BC 28 D5 29
2019-11-03 20:59:04.563 7306-7328/? D/d.d.qhook: change 3dda0003-957f-7d4a-34a6-74696673696d: 88 FF 0B 00 0A 00 00 00 59 18 F7 C6
2019-11-03 20:59:04.579 7306-7306/? D/d.d.qhook: GET_FILE
2019-11-03 20:59:04.579 7306-7306/? D/d.d.qhook: write 3dda0003-957f-7d4a-34a6-74696673696d: 01 00 0B 00 00 00 00 FF FF FF FF
2019-11-03 20:59:04.608 7306-7328/? D/d.d.qhook: change 3dda0003-957f-7d4a-34a6-74696673696d: 02 FF 02
2019-11-03 20:59:04.608 7306-7306/? D/d.d.qhook: LIST_FILE
2019-11-03 20:59:04.608 7306-7306/? D/d.d.qhook: write 3dda0003-957f-7d4a-34a6-74696673696d: 02 FF 02
2019-11-03 20:59:04.649 7306-7328/? D/d.d.qhook: change 3dda0004-957f-7d4a-34a6-74696673696d: 80 00 0B 02 00 00 00 00 00 8C 00 00 00 01 00 0A 57 30 46 36 30 31 31 36 45 4C 02 00 08 48 57 2E 42 30 2E 41 30 03 00 0D 48 57 30 2E 30 2E 32 2E 34 72 2E 76 31 04 00 06 48 57 2E 30 2E 30 06 00 02 01 02 0A 00 1E 00 01 00 01 16 00 02 01 02 04 02 00 08 02 00 09 02 00 0A 02 00 0C 02 00 06 02 00 0E 02 00 0C 00 18 01 00 02 00 03 00 04 00 05 00 06 00 07 00 09 00 0A 00 0C 00 0D 00 11 00 0F 00 07 02 00 04 00 01 07 00 11 00 02 01 00 0B 00 01 01 13 00 04 FF 0E 00 00 87 79 F1 F2
2019-11-03 20:59:04.660 7306-7328/? D/d.d.qhook: change 3dda0003-957f-7d4a-34a6-74696673696d: 88 00 0B 00 9C 00 00 00 BC 28 D5 29
2019-11-03 20:59:04.683 7306-7322/? D/d.d.qhook: change 3dda0003-957f-7d4a-34a6-74696673696d: 82 FF 02 00 0A 00 00 00 00
2019-11-03 20:59:04.713 7306-7322/? D/d.d.qhook: change 3dda0004-957f-7d4a-34a6-74696673696d: 80 00 02 40 30 00 00 4B E8 91 2B
2019-11-03 20:59:04.713 7306-7322/? D/d.d.qhook: change 3dda0003-957f-7d4a-34a6-74696673696d: 88 FF 02 00 0A 00 00 00 70 3B 80 63
2019-11-03 20:59:04.727 7306-7306/? D/d.d.qhook: GET_FILE
2019-11-03 20:59:04.727 7306-7306/? D/d.d.qhook: write 3dda0003-957f-7d4a-34a6-74696673696d: 01 00 02 00 00 00 00 FF FF FF FF
2019-11-03 20:59:04.773 7306-7322/? D/d.d.qhook: change 3dda0003-957f-7d4a-34a6-74696673696d: 81 00 02 00 40 30 00 00 00
2019-11-03 20:59:04.826 7306-7322/? D/d.d.qhook: change 3dda0004-957f-7d4a-34a6-74696673696d: 00 00 01 02 57 48 00 00 00 78 44 BC 5D 23 00 3C 00 C5 09 2C 00 00 00 00 00 78 44 BC 5D 23 00 3C 00 F9 02 00 08 01 01 00 00 78 44 BC 5D 23 00 3C 00 F9 02 00 08 01 02 00 00 78 44 BC 5D 29 00 3C 00 D0 78 44 BC 5D 3C 00 00 78 44 BC 5D 55 00 3C 00 80 80 01 00 13 00 00 00 78 44 BC 5D 55 00 3C 00 A0 88 00 00 00 00 00 00 78 44 BC 5D 55 00 3C 00 A0 89 00 00 00 00 00 00 78 44 BC 5D 55 00 3C 00 A0 86 40 00 00 00 00 00 78 44 BC 5D 55 00 3C 00 A0 87 40 00 00 00 00 00 78 44 BC 5D 55 00 3C 00 A0 90 00 00 00 00 00 00 78 44 BC 5D 55 00 3C 00 A0 91 00 00 00
2019-11-03 20:59:04.834 7306-7322/? D/d.d.qhook: change 3dda0004-957f-7d4a-34a6-74696673696d: 01 00 00 00 78 44 BC 5D 55 00 3C 00 A0 8E 1E 00 00 00 00 00 78 44 BC 5D 55 00 3C 00 A0 8F 1E 00 00 00 00 00 78 44 BC 5D 55 00 3C 00 A0 8C 00 00 00 00 00 00 78 44 BC 5D 55 00 3C 00 A0 8D 00 00 00 00 00 00 78 44 BC 5D 55 00 3C 00 A0 8A E8 03 00 00 00 00 78 44 BC 5D 55 00 3C 00 A0 8B E8 03 00 00 00 00 78 44 BC 5D 55 00 3C 00 A2 67 01 BC 00 46 00 00 78 44 BC 5D 55 00 3C 00 F9 02 00 0A 01 01 00 00 78 44 BC 5D 61 00 3C 00 F9 02 00 0A 01 02 00 00 79 44 BC 5D 01 00 3C 00 F9 02 00 0C 01 01 00 00 79 44 BC 5D 18 00 3C 00 F9 02 00 0C 01 02 00 00 79 44
2019-11-03 20:59:04.860 7306-7322/? D/d.d.qhook: change 3dda0004-957f-7d4a-34a6-74696673696d: 02 BC 5D 21 00 3C 00 F9 02 00 06 01 01 00 00 79 44 BC 5D 30 00 3C 00 F9 02 00 06 01 02 00 00 79 44 BC 5D 3A 00 3C 00 F9 02 00 0C 01 01 00 00 79 44 BC 5D 4B 00 3C 00 F9 02 00 0C 01 02 00 00 79 44 BC 5D 55 00 3C 00 F9 02 00 0C 01 01 00 00 90 44 BC 5D 28 00 3C 00 F9 02 00 0C 01 02 00 00 90 44 BC 5D 31 00 3C 00 F9 02 00 0C 01 01 00 00 96 44 BC 5D 62 00 3C 00 F9 02 00 0C 01 02 00 00 97 44 BC 5D 09 00 3C 00 F9 02 00 0C 01 01 00 00 9F 44 BC 5D 13 00 3C 00 F9 02 00 0C 01 02 00 00 9F 44 BC 5D 20 00 3C 00 F9 02 00 0C 01 01 00 00 A9 44 BC 5D 10 00 3C
2019-11-03 20:59:04.868 7306-7322/? D/d.d.qhook: change 3dda0004-957f-7d4a-34a6-74696673696d: 03 00 F9 02 00 0C 01 02 00 00 A9 44 BC 5D 1A 00 3C 00 F9 02 00 0C 01 01 00 00 96 45 BC 5D 21 00 3C 00 F9 02 00 0C 01 02 00 00 96 45 BC 5D 2C 00 3C 00 F9 02 00 0C 01 01 00 00 9F 45 BC 5D 4C 00 3C 00 F9 02 00 0C 01 02 00 00 9F 45 BC 5D 56 00 3C 00 F9 02 00 0C 01 01 00 00 B2 45 BC 5D 1A 00 3C 00 F9 02 00 0C 01 02 00 00 B3 45 BC 5D 05 00 3C 00 F9 02 00 0C 01 01 00 00 BC 45 BC 5D 04 00 3C 00 F9 02 00 0C 01 02 00 00 BC 45 BC 5D 11 00 3C 00 F9 02 00 0C 01 01 00 00 D0 45 BC 5D 38 00 3C 00 F9 02 00 0C 01 02 00 00 D0 45 BC 5D 45 00 3C 00 F9 02 00 08
2019-11-03 20:59:04.896 7306-7322/? D/d.d.qhook: change 3dda0004-957f-7d4a-34a6-74696673696d: 04 02 01 00 00 75 47 BC 5D 62 00 3C 00 F9 02 00 08 02 02 00 00 76 47 BC 5D 02 00 3C 00 F9 02 00 0C 01 01 00 00 76 47 BC 5D 0A 00 3C 00 F9 02 00 0C 01 02 00 00 76 47 BC 5D 17 00 3C 00 F9 02 00 08 02 01 00 00 A1 47 BC 5D 0E 00 3C 00 F9 02 00 08 02 02 00 00 A1 47 BC 5D 12 00 3C 00 F9 02 00 0C 01 01 00 00 A1 47 BC 5D 1A 00 3C 00 F9 02 00 0C 01 02 00 00 A1 47 BC 5D 25 00 3C 00 F9 02 00 09 01 01 00 00 A5 47 BC 5D 0E 00 3C 00 F9 02 00 09 01 02 00 00 A5 47 BC 5D 13 00 3C 00 F9 02 00 09 01 01 00 00 AB 47 BC 5D 29 00 3C 00 F9 02 00 09 01 02 00 00 AB
2019-11-03 20:59:04.906 7306-7322/? D/d.d.qhook: change 3dda0004-957f-7d4a-34a6-74696673696d: 05 47 BC 5D 33 00 3C 00 F9 02 00 09 01 01 00 00 AE 47 BC 5D 61 00 3C 00 F9 02 00 09 01 02 00 00 AF 47 BC 5D 04 00 3C 00 F9 02 00 09 01 01 00 00 B0 47 BC 5D 33 00 3C 00 F9 02 00 09 01 02 00 00 B0 47 BC 5D 3D 00 3C 00 F9 02 00 09 01 01 00 00 B2 47 BC 5D 28 00 3C 00 F9 02 00 09 01 02 00 00 B2 47 BC 5D 2F 00 3C 00 F9 02 00 09 01 01 00 00 B3 47 BC 5D 62 00 3C 00 F9 02 00 09 01 02 00 00 B4 47 BC 5D 03 00 3C 00 F9 02 00 08 01 01 00 00 C8 47 BC 5D 42 00 3C 00 F9 02 00 08 01 02 00 00 C8 47 BC 5D 4A 00 3C 00 A0 86 40 00 00 00 00 00 C8 47 BC 5D 57 00
2019-11-03 20:59:04.931 7306-7322/? D/d.d.qhook: change 3dda0004-957f-7d4a-34a6-74696673696d: 06 3C 00 A0 87 40 42 0F 00 00 00 C8 47 BC 5D 57 00 3C 00 F9 01 01 00 80 00 08 00 1A 4B BC 5D 01 00 3C 00 F9 02 00 09 01 01 00 00 58 4E BC 5D 1D 00 3C 00 F9 02 00 09 01 02 00 00 58 4E BC 5D 26 00 3C 00 C4 06 01 00 00 00 00 00 E9 50 BC 5D 36 00 3C 00 C4 09 00 00 00 00 00 00 E9 50 BC 5D 48 00 3C 00 F9 01 01 00 80 00 08 00 22 52 BC 5D 01 00 3C 00 F9 02 00 09 01 01 00 00 6D 55 BC 5D 4C 00 3C 00 F9 02 00 09 01 02 00 00 6F 55 BC 5D 47 00 3C 00 F9 02 00 09 01 01 00 00 81 55 BC 5D 22 00 3C 00 F9 02 00 09 01 02 00 00 82 55 BC 5D 4B 00 3C 00 F9 01 01
2019-11-03 20:59:04.992 7306-7322/? D/d.d.qhook: change 3dda0004-957f-7d4a-34a6-74696673696d: 07 00 80 00 08 00 2A 59 BC 5D 01 00 3C 00 E0 01 14 03 F9 17 00 00 58 59 BC 5D 53 00 3C 00 E0 02 49 01 00 00 00 00 58 59 BC 5D 53 00 3C 00 E1 01 15 03 36 12 00 00 58 59 BC 5D 53 00 3C 00 E1 02 5B 01 00 00 00 00 58 59 BC 5D 53 00 3C 00 F2 B2 0B 4D 0B 22 61 5F 93 59 BC 5D 0E 00 3C 00 71 4C 03 2E 02 4A 08 00 93 59 BC 5D 0E 00 3C 00 73 02 0C 30 63 5F 60 2B 93 59 BC 5D 0E 00 3C 00 F9 01 01 00 80 00 08 00 32 60 BC 5D 01 00 3C 00 F9 01 01 00 80 00 08 00 3A 67 BC 5D 01 00 3C 00 F9 02 00 09 01 01 00 00 3B 67 BC 5D 2A 00 3C 00 F9 02 00 09 01 02 00 00
2019-11-03 20:59:05.085 7306-7322/? D/d.d.qhook: change 3dda0004-957f-7d4a-34a6-74696673696d: 08 3B 67 BC 5D 34 00 3C 00 F9 01 01 00 80 00 08 00 42 6E BC 5D 01 00 3C 00 F9 02 00 09 01 01 00 00 35 74 BC 5D 1F 00 3C 00 F9 02 00 09 01 02 00 00 35 74 BC 5D 2A 00 3C 00 F9 01 01 00 80 00 08 00 4A 75 BC 5D 01 00 3C 00 F9 02 00 09 01 01 00 00 9B 76 BC 5D 38 00 3C 00 F9 02 00 09 01 02 00 00 9B 76 BC 5D 40 00 3C 00 F9 02 00 09 01 01 00 00 EB 76 BC 5D 0F 00 3C 00 F9 02 00 09 01 02 00 00 EB 76 BC 5D 15 00 3C 00 F9 02 00 09 01 01 00 00 4E 77 BC 5D 4B 00 3C 00 F9 02 00 09 01 02 00 00 4E 77 BC 5D 50 00 3C 00 F9 02 00 09 01 01 00 00 77 77 BC 5D 10
2019-11-03 20:59:05.094 7306-8088/? D/d.d.qhook: change 3dda0004-957f-7d4a-34a6-74696673696d: 09 00 3C 00 F9 02 00 09 01 02 00 00 78 77 BC 5D 39 00 3C 00 F9 02 00 09 01 01 00 00 CD 79 BC 5D 06 00 3C 00 F9 02 00 09 01 02 00 00 CD 79 BC 5D 0E 00 3C 00 F9 01 01 00 80 00 08 00 52 7C BC 5D 01 00 3C 00 F9 02 00 09 01 01 00 00 FC 7D BC 5D 12 00 3C 00 F9 02 00 09 01 02 00 00 FC 7D BC 5D 60 00 3C 00 F9 02 00 09 01 01 00 00 6D 7E BC 5D 22 00 3C 00 F9 02 00 09 01 02 00 00 6D 7E BC 5D 2A 00 3C 00 F9 02 00 09 01 01 00 00 82 7E BC 5D 0F 00 3C 00 F9 02 00 09 01 02 00 00 83 7E BC 5D 38 00 3C 00 F9 02 00 09 01 01 00 00 00 7F BC 5D 5D 00 3C 00 F9 02
2019-11-03 20:59:05.256 7306-8088/? D/d.d.qhook: change 3dda0004-957f-7d4a-34a6-74696673696d: 0A 00 09 01 02 00 00 00 7F BC 5D 63 00 3C 00 F9 02 00 09 01 01 00 00 82 7F BC 5D 39 00 3C 00 F9 02 00 09 01 02 00 00 82 7F BC 5D 3F 00 3C 00 F9 02 00 09 01 01 00 00 A7 7F BC 5D 53 00 3C 00 F9 02 00 09 01 02 00 00 A7 7F BC 5D 5A 00 3C 00 C4 06 01 00 00 00 00 00 4D 83 BC 5D 53 00 3C 00 C4 09 00 00 00 00 00 00 4E 83 BC 5D 01 00 3C 00 F9 01 01 00 80 00 08 00 5A 83 BC 5D 01 00 3C 00 E0 01 62 05 73 11 00 00 88 83 BC 5D 53 00 3C 00 E0 02 40 00 00 00 00 00 88 83 BC 5D 53 00 3C 00 E1 01 61 05 BC 18 00 00 88 83 BC 5D 53 00 3C 00 E1 02 41 00 00 00 00
2019-11-03 20:59:05.304 7306-8088/? D/d.d.qhook: change 3dda0004-957f-7d4a-34a6-74696673696d: 0B 00 88 83 BC 5D 53 00 3C 00 F2 B4 0B 4E 0B 23 61 5F C6 83 BC 5D 17 00 3C 00 71 A3 03 63 02 DB 08 00 C6 83 BC 5D 17 00 3C 00 73 02 0D 20 63 5F 60 2B C6 83 BC 5D 17 00 3C 00 F9 02 00 09 01 01 00 00 F5 85 BC 5D 43 00 3C 00 F9 02 00 09 01 02 00 00 F5 85 BC 5D 48 00 3C 00 F9 02 00 09 01 01 00 00 07 86 BC 5D 38 00 3C 00 F9 02 00 09 01 02 00 00 07 86 BC 5D 3D 00 3C 00 F9 01 01 00 80 00 08 00 62 8A BC 5D 01 00 3C 00 F9 02 00 09 01 01 00 00 79 8B BC 5D 24 00 3C 00 F9 02 00 09 01 02 00 00 79 8B BC 5D 2C 00 3C 00 F9 01 01 00 80 00 08 00 6A 91 BC 5D
2019-11-03 20:59:05.346 7306-8088/? D/d.d.qhook: change 3dda0004-957f-7d4a-34a6-74696673696d: 0C 01 00 3C 00 F9 02 00 09 01 01 00 00 4A 97 BC 5D 2A 00 3C 00 F9 02 00 09 01 02 00 00 4A 97 BC 5D 2F 00 3C 00 F9 02 00 09 01 01 00 00 4A 97 BC 5D 39 00 3C 00 F9 02 00 09 01 02 00 00 4A 97 BC 5D 3E 00 3C 00 F9 02 00 09 01 01 00 00 4A 97 BC 5D 48 00 3C 00 F9 02 00 09 01 02 00 00 4A 97 BC 5D 4C 00 3C 00 F9 02 00 09 01 01 00 00 7A 97 BC 5D 4E 00 3C 00 F9 02 00 09 01 02 00 00 7A 97 BC 5D 55 00 3C 00 F9 02 00 09 01 01 00 00 7B 97 BC 5D 1C 00 3C 00 F9 02 00 09 01 02 00 00 7B 97 BC 5D 21 00 3C 00 F9 02 00 09 01 01 00 00 80 97 BC 5D 50 00 3C 00 F9
2019-11-03 20:59:05.352 7306-8088/? D/d.d.qhook: change 3dda0004-957f-7d4a-34a6-74696673696d: 0D 02 00 09 01 02 00 00 80 97 BC 5D 54 00 3C 00 F9 02 00 09 01 01 00 00 84 97 BC 5D 5E 00 3C 00 F9 02 00 09 01 02 00 00 84 97 BC 5D 63 00 3C 00 F9 01 01 00 80 00 08 00 72 98 BC 5D 01 00 3C 00 F9 02 00 09 01 01 00 00 21 9A BC 5D 5E 00 3C 00 F9 02 00 09 01 02 00 00 23 9A BC 5D 24 00 3C 00 F9 02 00 09 01 01 00 00 D3 9A BC 5D 1E 00 3C 00 F9 02 00 09 01 02 00 00 D3 9A BC 5D 23 00 3C 00 F9 02 00 09 01 01 00 00 E1 9A BC 5D 08 00 3C 00 F9 02 00 09 01 02 00 00 E1 9A BC 5D 0C 00 3C 00 F9 02 00 09 01 01 00 00 88 9B BC 5D 37 00 3C 00 F9 02 00 09 01 02
2019-11-03 20:59:05.410 7306-8088/? D/d.d.qhook: change 3dda0004-957f-7d4a-34a6-74696673696d: 0E 00 00 88 9B BC 5D 3A 00 3C 00 F9 01 01 00 80 00 08 00 D0 9C BC 5D 55 00 3C 00 F9 02 00 09 01 01 00 00 5B A3 BC 5D 45 00 3C 00 F9 02 00 09 01 02 00 00 5B A3 BC 5D 4C 00 3C 00 F9 01 01 00 80 00 08 00 D8 A3 BC 5D 55 00 3C 00 F9 02 00 09 01 01 00 00 00 A6 BC 5D 55 00 3C 00 F9 02 00 09 01 02 00 00 00 A6 BC 5D 5B 00 3C 00 F9 02 00 09 01 01 00 00 03 A6 BC 5D 43 00 3C 00 F9 02 00 09 01 02 00 00 03 A6 BC 5D 49 00 3C 00 F9 02 00 09 01 01 00 00 E7 A8 BC 5D 52 00 3C 00 F9 02 00 09 01 02 00 00 E7 A8 BC 5D 57 00 3C 00 F9 01 01 00 80 00 08 00 E0 AA BC
2019-11-03 20:59:05.416 7306-8088/? D/d.d.qhook: change 3dda0004-957f-7d4a-34a6-74696673696d: 0F 5D 55 00 3C 00 E0 01 C1 04 1B 20 00 00 B8 AD BC 5D 53 00 3C 00 E0 02 FD 02 00 00 00 00 B8 AD BC 5D 53 00 3C 00 E1 01 C1 04 14 0A 00 00 B8 AD BC 5D 53 00 3C 00 E1 02 1F 00 00 00 00 00 B8 AD BC 5D 53 00 3C 00 F2 B1 0B 4A 0B 20 61 5F F9 AD BC 5D 20 00 3C 00 71 37 04 98 02 6D 09 00 F9 AD BC 5D 20 00 3C 00 73 02 0D 20 63 5F 60 2B F9 AD BC 5D 20 00 3C 00 F9 01 01 00 80 00 08 00 E8 B1 BC 5D 55 00 3C 00 F9 02 00 09 01 01 00 00 A9 B3 BC 5D 62 00 3C 00 F9 02 00 09 01 02 00 00 AA B3 BC 5D 02 00 3C 00 F9 02 00 09 01 01 00 00 AB B3 BC 5D 3D 00 3C 00
2019-11-03 20:59:05.439 7306-8088/? D/d.d.qhook: change 3dda0004-957f-7d4a-34a6-74696673696d: 10 F9 02 00 09 01 02 00 00 AB B3 BC 5D 46 00 3C 00 66 01 00 00 00 00 00 00 9A B4 BC 5D 39 00 3C 00 90 81 13 01 C7 95 70 00 9A B4 BC 5D 39 00 3C 00 90 85 40 00 00 00 00 00 9A B4 BC 5D 39 00 3C 00 90 86 00 00 00 00 00 00 9A B4 BC 5D 3A 00 3C 00 A1 88 65 03 00 00 00 00 F0 B8 BC 5D 55 00 3C 00 C5 05 09 00 00 07 01 00 F0 B8 BC 5D 55 00 3C 00 C5 06 07 00 00 07 00 00 F0 B8 BC 5D 55 00 3C 00 C5 07 04 00 00 04 00 00 F0 B8 BC 5D 55 00 3C 00 F3 80 20 08 00 00 00 00 F0 B8 BC 5D 55 00 3C 00 F5 02 51 00 00 00 00 00 F0 B8 BC 5D 55 00 3C 00 C6 0A E6 04 97
2019-11-03 20:59:05.451 7306-8088/? D/d.d.qhook: change 3dda0004-957f-7d4a-34a6-74696673696d: 11 07 90 04 F0 B8 BC 5D 55 00 3C 00 C5 0D 17 01 73 A5 02 00 F0 B8 BC 5D 55 00 3C 00 C5 10 2A 00 00 00 00 00 F0 B8 BC 5D 55 00 3C 00 C5 11 00 00 00 00 00 00 F0 B8 BC 5D 55 00 3C 00 C5 0E 28 24 00 00 00 00 F0 B8 BC 5D 56 00 3C 00 C5 25 00 00 00 00 00 00 F0 B8 BC 5D 56 00 3C 00 C5 14 0A 00 00 00 00 00 F0 B8 BC 5D 56 00 3C 00 C5 15 00 00 00 00 00 00 F0 B8 BC 5D 56 00 3C 00 86 00 00 00 00 00 00 00 F0 B8 BC 5D 56 00 3C 00 B5 01 00 01 01 0C 00 00 F0 B8 BC 5D 56 00 3C 00 B5 02 66 06 00 00 07 00 F0 B8 BC 5D 56 00 3C 00 B5 03 07 00 00 00 00 00 F0 B8
2019-11-03 20:59:05.545 7306-8088/? D/d.d.qhook: change 3dda0004-957f-7d4a-34a6-74696673696d: 12 BC 5D 56 00 3C 00 B5 04 00 00 00 00 07 00 F0 B8 BC 5D 56 00 3C 00 B5 FF 00 01 01 0C 05 00 F0 B8 BC 5D 56 00 3C 00 B5 01 00 01 01 10 00 00 F0 B8 BC 5D 56 00 3C 00 B5 02 AB 01 00 00 01 00 F0 B8 BC 5D 56 00 3C 00 B5 03 01 00 00 00 00 00 F0 B8 BC 5D 56 00 3C 00 B5 04 00 00 00 00 01 00 F0 B8 BC 5D 56 00 3C 00 B5 FF 00 01 01 10 05 00 F0 B8 BC 5D 56 00 3C 00 B5 01 00 01 02 18 00 00 F0 B8 BC 5D 56 00 3C 00 B5 02 B8 06 00 00 02 00 F0 B8 BC 5D 56 00 3C 00 B5 03 02 00 00 00 00 00 F0 B8 BC 5D 56 00 3C 00 B5 04 00 00 00 00 02 00 F0 B8 BC 5D 56 00 3C
2019-11-03 20:59:05.634 7306-8088/? D/d.d.qhook: change 3dda0004-957f-7d4a-34a6-74696673696d: 13 00 B5 FF 00 01 02 18 05 00 F0 B8 BC 5D 56 00 3C 00 B5 01 71 F8 FF 00 00 00 F0 B8 BC 5D 56 00 3C 00 B5 02 00 00 00 00 00 00 F0 B8 BC 5D 56 00 3C 00 B5 03 00 00 00 00 00 00 F0 B8 BC 5D 56 00 3C 00 B5 04 00 00 00 00 00 00 F0 B8 BC 5D 56 00 3C 00 B5 05 01 04 00 00 00 00 F0 B8 BC 5D 57 00 3C 00 B5 FF 71 F8 FF 00 06 00 F0 B8 BC 5D 57 00 3C 00 B5 01 00 01 02 14 00 00 F0 B8 BC 5D 57 00 3C 00 B5 02 4A 04 00 00 02 00 F0 B8 BC 5D 57 00 3C 00 B5 03 02 00 00 00 00 00 F0 B8 BC 5D 57 00 3C 00 B5 04 00 00 00 00 02 00 F0 B8 BC 5D 57 00 3C 00 B5 FF 00 01
2019-11-03 20:59:05.724 7306-8088/? D/d.d.qhook: change 3dda0004-957f-7d4a-34a6-74696673696d: 14 02 14 05 00 F0 B8 BC 5D 57 00 3C 00 A0 84 10 0D 00 00 00 00 F0 B8 BC 5D 57 00 3C 00 A0 85 28 24 00 00 00 00 F0 B8 BC 5D 57 00 3C 00 85 01 04 B9 02 00 F9 08 F0 B8 BC 5D 57 00 3C 00 85 02 83 87 02 00 00 00 F0 B8 BC 5D 57 00 3C 00 85 03 FE 00 00 00 CB 27 F0 B8 BC 5D 57 00 3C 00 85 04 00 00 F7 08 00 00 F0 B8 BC 5D 57 00 3C 00 90 80 24 00 00 00 F4 01 50 D0 BC 5D 5F 00 3C 00 F9 01 01 06 80 00 08 00 50 D0 BC 5D 5F 00 3C 00 F9 01 01 00 80 00 08 00 52 D0 BC 5D 17 00 3C 00 F9 02 00 08 02 01 00 00 53 D0 BC 5D 3A 00 3C 00 C3 01 02 00 00 00 00 00 53
2019-11-03 20:59:05.738 7306-8088/? D/d.d.qhook: change 3dda0004-957f-7d4a-34a6-74696673696d: 15 D0 BC 5D 3F 00 3C 00 F9 02 00 08 02 02 00 00 53 D0 BC 5D 44 00 3C 00 F9 02 00 0C 01 01 00 00 53 D0 BC 5D 4C 00 3C 00 C2 01 06 00 00 00 00 00 56 D0 BC 5D 33 00 3C 00 90 88 24 00 00 00 F4 01 64 D0 BC 5D 5C 00 3C 00 90 82 0C 00 2D 00 58 02 65 D0 BC 5D 24 00 3C 00 90 89 00 00 00 00 00 00 65 D0 BC 5D 24 00 3C 00 C4 06 01 00 00 00 00 00 7C D1 BC 5D 5F 00 3C 00 C4 09 00 00 00 00 00 00 7D D1 BC 5D 0D 00 3C 00 F9 01 01 00 80 00 08 00 5A D7 BC 5D 18 00 3C 00 E0 01 CD 02 82 11 00 00 E8 D7 BC 5D 53 00 3C 00 E0 02 B2 00 00 00 00 00 E8 D7 BC 5D 53 00
2019-11-03 20:59:05.774 7306-8088/? D/d.d.qhook: change 3dda0004-957f-7d4a-34a6-74696673696d: 16 3C 00 E1 01 CE 02 AD 18 00 00 E8 D7 BC 5D 53 00 3C 00 E1 02 BD 00 00 00 00 00 E8 D7 BC 5D 53 00 3C 00 F2 B6 0B 53 0B 23 61 5F 2C D8 BC 5D 29 00 3C 00 71 44 04 A7 02 8B 09 00 2C D8 BC 5D 29 00 3C 00 73 02 0D 20 63 5F 60 2B 2C D8 BC 5D 29 00 3C 00 F9 01 01 00 80 00 08 00 62 DE BC 5D 18 00 3C 00 F9 01 01 00 80 00 08 00 6A E5 BC 5D 18 00 3C 00 F9 01 01 00 80 00 08 00 72 EC BC 5D 18 00 3C 00 F9 02 00 08 02 01 00 00 D5 EF BC 5D 3B 00 3C 00 F9 02 00 08 02 02 00 00 D5 EF BC 5D 3F 00 3C 00 F9 02 00 0C 01 01 00 00 D5 EF BC 5D 43 00 3C 00 F9 01 01
2019-11-03 20:59:05.785 7306-8088/? D/d.d.qhook: change 3dda0004-957f-7d4a-34a6-74696673696d: 17 00 80 00 08 00 7A F3 BC 5D 18 00 3C 00 F9 01 01 00 80 00 08 00 82 FA BC 5D 18 00 3C 00 F9 01 01 00 80 00 08 00 8A 01 BD 5D 18 00 3C 00 E0 01 FE 01 60 11 00 00 18 02 BD 5D 53 00 3C 00 E0 02 7B 00 00 00 00 00 18 02 BD 5D 53 00 3C 00 E1 01 FE 01 CF 18 00 00 18 02 BD 5D 53 00 3C 00 E1 02 75 07 00 00 00 00 18 02 BD 5D 53 00 3C 00 F2 B8 0B 5C 0B 27 61 5F 5F 02 BD 5D 32 00 3C 00 71 4B 04 B6 02 9B 09 00 5F 02 BD 5D 32 00 3C 00 73 02 0D 20 63 5F 60 2B 5F 02 BD 5D 32 00 3C 00 C4 06 01 00 00 00 00 00 E1 03 BD 5D 19 00 3C 00 C4 09 00 00 00 00 00 00
2019-11-03 20:59:05.818 7306-8088/? D/d.d.qhook: change 3dda0004-957f-7d4a-34a6-74696673696d: 18 E1 03 BD 5D 2B 00 3C 00 F9 01 01 00 80 00 08 00 92 08 BD 5D 18 00 3C 00 F9 01 01 00 80 00 08 00 9A 0F BD 5D 18 00 3C 00 F9 01 01 00 80 00 08 00 A2 16 BD 5D 18 00 3C 00 F9 01 01 00 80 00 08 00 AA 1D BD 5D 18 00 3C 00 F9 01 01 00 80 00 08 00 B2 24 BD 5D 18 00 3C 00 66 01 00 00 00 00 00 00 E5 28 BD 5D 15 00 3C 00 90 81 08 01 A0 94 58 00 E5 28 BD 5D 15 00 3C 00 90 85 40 00 00 00 00 00 E5 28 BD 5D 15 00 3C 00 90 86 00 00 00 00 00 00 E5 28 BD 5D 16 00 3C 00 90 80 24 00 00 00 F4 01 FD 28 BD 5D 22 00 3C 00 F9 01 01 06 80 00 08 00 FD 28 BD 5D 23
2019-11-03 20:59:05.856 7306-8088/? D/d.d.qhook: change 3dda0004-957f-7d4a-34a6-74696673696d: 19 00 3C 00 F9 01 01 00 80 00 08 00 FE 28 BD 5D 4E 00 3C 00 F9 02 00 08 02 01 00 00 00 29 BD 5D 15 00 3C 00 F9 02 00 08 02 02 00 00 00 29 BD 5D 28 00 3C 00 F9 02 00 0C 01 01 00 00 00 29 BD 5D 39 00 3C 00 C3 01 02 00 00 00 00 00 01 29 BD 5D 10 00 3C 00 C2 01 06 00 00 00 00 00 03 29 BD 5D 3B 00 3C 00 90 88 24 00 00 00 F4 01 11 29 BD 5D 23 00 3C 00 90 82 0C 00 2D 00 58 02 11 29 BD 5D 55 00 3C 00 90 89 00 00 00 00 00 00 11 29 BD 5D 55 00 3C 00 E0 01 1C 00 71 01 00 00 48 2C BD 5D 53 00 3C 00 E0 02 26 00 00 05 00 00 48 2C BD 5D 53 00 3C 00 E1 01
2019-11-03 20:59:05.862 7306-8088/? D/d.d.qhook: change 3dda0004-957f-7d4a-34a6-74696673696d: 1A 1C 00 BE 28 00 00 48 2C BD 5D 53 00 3C 00 E1 02 0F 07 00 04 00 00 48 2C BD 5D 53 00 3C 00 F2 BC 0B 5C 0B 27 61 5F 92 2C BD 5D 3A 00 3C 00 71 4B 04 C1 02 AD 09 00 92 2C BD 5D 3A 00 3C 00 73 02 0D 20 63 5F 60 2B 92 2C BD 5D 3A 00 3C 00 F9 01 01 00 80 00 08 00 06 30 BD 5D 4E 00 3C 00 C4 06 01 00 00 00 00 00 0D 37 BD 5D 26 00 3C 00 C4 09 00 00 00 00 00 00 0D 37 BD 5D 37 00 3C 00 F9 01 01 00 80 00 08 00 0E 37 BD 5D 4E 00 3C 00 F9 01 01 00 80 00 08 00 16 3E BD 5D 4E 00 3C 00 F9 02 00 09 01 01 00 00 D4 44 BD 5D 0F 00 3C 00 F9 01 01 00 80 00 08
2019-11-03 20:59:05.866 7306-8088/? D/d.d.qhook: change 3dda0004-957f-7d4a-34a6-74696673696d: 1B 00 1E 45 BD 5D 4E 00 3C 00 F9 01 01 00 80 00 08 00 26 4C BD 5D 4E 00 3C 00 F9 01 01 00 80 00 08 00 2E 53 BD 5D 4E 00 3C 00 F9 02 00 08 02 01 00 00 B6 55 BD 5D 5A 00 3C 00 F9 02 00 08 02 02 00 00 B6 55 BD 5D 5E 00 3C 00 F9 02 00 0C 01 01 00 00 B6 55 BD 5D 63 00 3C 00 F9 02 00 09 01 01 00 00 C3 55 BD 5D 50 00 3C 00 E0 01 40 00 A4 03 00 00 78 56 BD 5D 53 00 3C 00 E0 02 45 00 00 00 00 00 78 56 BD 5D 53 00 3C 00 E1 01 40 00 8B 26 00 00 78 56 BD 5D 53 00 3C 00 E1 02 82 04 00 00 00 00 78 56 BD 5D 53 00 3C 00 F2 BE 0B 5B 0B 25 60 5F C5 56 BD 5D
2019-11-03 20:59:05.906 7306-8088/? D/d.d.qhook: change 3dda0004-957f-7d4a-34a6-74696673696d: 1C 43 00 3C 00 71 4B 04 CC 02 DA 09 00 C5 56 BD 5D 43 00 3C 00 73 02 0D 20 63 5F 60 2B C5 56 BD 5D 43 00 3C 00 F9 02 00 09 01 01 00 00 42 59 BD 5D 42 00 3C 00 F9 01 01 00 80 00 08 00 36 5A BD 5D 4E 00 3C 00 66 01 00 00 00 00 00 00 AA 5D BD 5D 3D 00 3C 00 90 81 08 01 A0 AD 34 00 AA 5D BD 5D 3E 00 3C 00 90 85 40 00 00 00 00 00 AA 5D BD 5D 3E 00 3C 00 90 86 00 00 00 00 00 00 AA 5D BD 5D 3F 00 3C 00 90 80 24 00 00 00 F4 01 3D 5F BD 5D 3F 00 3C 00 F9 01 01 06 80 00 08 00 3D 5F BD 5D 3F 00 3C 00 F9 01 01 00 80 00 08 00 43 5F BD 5D 21 00 3C 00 C3
2019-11-03 20:59:05.911 7306-8088/? D/d.d.qhook: change 3dda0004-957f-7d4a-34a6-74696673696d: 1D 01 02 00 00 00 00 00 46 5F BD 5D 5C 00 3C 00 90 88 24 00 00 00 F4 01 53 5F BD 5D 46 00 3C 00 66 01 00 00 00 00 00 00 55 5F BD 5D 31 00 3C 00 90 81 08 01 A2 17 00 00 55 5F BD 5D 31 00 3C 00 90 85 40 00 00 00 00 00 55 5F BD 5D 31 00 3C 00 90 86 00 00 00 00 00 00 55 5F BD 5D 32 00 3C 00 90 80 24 00 00 00 F4 01 6F 5F BD 5D 3F 00 3C 00 F9 01 01 06 80 00 08 00 6F 5F BD 5D 3F 00 3C 00 C3 01 02 00 00 00 00 00 75 5F BD 5D 36 00 3C 00 C2 01 06 00 00 00 00 00 78 5F BD 5D 53 00 3C 00 90 88 24 00 00 00 F4 01 79 5F BD 5D 51 00 3C 00 90 82 0C 00 2D 00
2019-11-03 20:59:05.963 7306-8088/? D/d.d.qhook: change 3dda0004-957f-7d4a-34a6-74696673696d: 1E 58 02 7A 5F BD 5D 1F 00 3C 00 90 89 00 00 00 00 00 00 7A 5F BD 5D 1F 00 3C 00 66 01 00 00 00 00 00 00 CB 5F BD 5D 2C 00 3C 00 90 81 08 01 9E 5B 00 00 CB 5F BD 5D 2C 00 3C 00 90 85 40 00 00 00 00 00 CB 5F BD 5D 2C 00 3C 00 90 86 00 00 00 00 00 00 CB 5F BD 5D 2E 00 3C 00 90 80 24 00 00 00 F4 01 D5 5F BD 5D 34 00 3C 00 F9 01 01 06 80 00 08 00 D5 5F BD 5D 34 00 3C 00 C3 01 02 00 00 00 00 00 DA 5F BD 5D 22 00 3C 00 C2 01 06 00 00 00 00 00 DE 5F BD 5D 11 00 3C 00 90 88 24 00 00 00 F4 01 DF 5F BD 5D 41 00 3C 00 90 82 0C 00 2D 00 58 02 E0 5F BD
2019-11-03 20:59:05.969 7306-8088/? D/d.d.qhook: change 3dda0004-957f-7d4a-34a6-74696673696d: 1F 5D 4E 00 3C 00 90 89 00 00 00 00 00 00 E0 5F BD 5D 4E 00 3C 00 66 01 00 00 00 00 00 00 30 60 BD 5D 47 00 3C 00 90 81 08 01 9F 5B 00 00 30 60 BD 5D 47 00 3C 00 90 85 40 00 00 00 00 00 30 60 BD 5D 47 00 3C 00 90 86 00 00 00 00 00 00 30 60 BD 5D 48 00 3C 00 90 80 24 00 00 00 F4 01 3F 60 BD 5D 50 00 3C 00 F9 01 01 06 80 00 08 00 3F 60 BD 5D 50 00 3C 00 C3 01 02 00 00 00 00 00 46 60 BD 5D 3D 00 3C 00 90 88 24 00 00 00 F4 01 49 60 BD 5D 58 00 3C 00 90 82 0C 00 2D 00 58 02 4B 60 BD 5D 2B 00 3C 00 90 89 00 00 00 00 00 00 4B 60 BD 5D 2B 00 3C 00
2019-11-03 20:59:05.994 7306-8088/? D/d.d.qhook: change 3dda0004-957f-7d4a-34a6-74696673696d: 20 C2 01 06 00 00 00 00 00 53 60 BD 5D 03 00 3C 00 66 01 00 00 00 00 00 00 D4 60 BD 5D 0D 00 3C 00 90 81 08 01 A0 94 00 00 D4 60 BD 5D 0D 00 3C 00 90 85 40 00 00 00 00 00 D4 60 BD 5D 0D 00 3C 00 90 86 00 00 00 00 00 00 D4 60 BD 5D 0E 00 3C 00 90 80 24 00 00 00 F4 01 B0 61 BD 5D 19 00 3C 00 F9 01 01 06 80 00 08 00 B0 61 BD 5D 19 00 3C 00 C3 01 02 00 00 00 00 00 B2 61 BD 5D 35 00 3C 00 C2 01 06 00 00 00 00 00 B4 61 BD 5D 3C 00 3C 00 90 88 24 00 00 00 F4 01 BA 61 BD 5D 32 00 3C 00 90 82 0C 00 2D 00 58 02 BA 61 BD 5D 62 00 3C 00 90 89 00 00 00
2019-11-03 20:59:06.007 7306-8088/? D/d.d.qhook: change 3dda0004-957f-7d4a-34a6-74696673696d: 21 00 00 00 BA 61 BD 5D 63 00 3C 00 F9 01 01 06 80 00 08 00 B8 68 BD 5D 19 00 3C 00 C4 06 01 00 00 00 00 00 94 6E BD 5D 1C 00 3C 00 C4 09 00 00 00 00 00 00 94 6E BD 5D 2D 00 3C 00 F9 01 01 06 80 00 08 00 C0 6F BD 5D 1A 00 3C 00 F9 01 01 00 80 00 08 00 00 71 BD 5D 0C 00 3C 00 F9 02 00 08 02 01 00 00 05 71 BD 5D 1F 00 3C 00 F9 02 00 08 02 02 00 00 05 71 BD 5D 22 00 3C 00 F9 02 00 0C 01 01 00 00 05 71 BD 5D 2F 00 3C 00 F9 02 00 08 02 01 00 00 9A 71 BD 5D 34 00 3C 00 F9 02 00 08 02 02 00 00 9A 71 BD 5D 38 00 3C 00 F9 02 00 0C 01 01 00 00 9B 71
2019-11-03 20:59:06.098 7306-8088/? D/d.d.qhook: change 3dda0004-957f-7d4a-34a6-74696673696d: 22 BD 5D 62 00 3C 00 F9 01 01 00 80 00 08 00 08 78 BD 5D 0C 00 3C 00 F9 01 01 00 80 00 08 00 10 7F BD 5D 0C 00 3C 00 E0 01 F0 01 24 09 00 00 A8 80 BD 5D 53 00 3C 00 E0 02 9B 00 00 00 00 00 A8 80 BD 5D 53 00 3C 00 E1 01 EF 01 0B 21 00 00 A8 80 BD 5D 53 00 3C 00 E1 02 04 05 00 00 00 00 A8 80 BD 5D 53 00 3C 00 F2 BD 0B 59 0B 22 60 5F F9 80 BD 5D 60 00 3C 00 71 4B 04 E2 02 17 0A 00 F9 80 BD 5D 60 00 3C 00 73 02 0D 20 63 5F 60 2B F9 80 BD 5D 60 00 3C 00 F9 01 01 00 80 00 08 00 18 86 BD 5D 0C 00 3C 00 F9 01 01 00 80 00 08 00 20 8D BD 5D 0C 00 3C
2019-11-03 20:59:06.103 7306-8088/? D/d.d.qhook: change 3dda0004-957f-7d4a-34a6-74696673696d: 23 00 F9 01 01 00 80 00 08 00 28 94 BD 5D 0C 00 3C 00 66 01 00 00 00 00 00 00 88 97 BD 5D 45 00 3C 00 90 81 08 01 A2 D8 35 00 88 97 BD 5D 45 00 3C 00 90 85 40 00 00 00 00 00 88 97 BD 5D 45 00 3C 00 90 86 00 00 00 00 00 00 88 97 BD 5D 46 00 3C 00 90 80 24 00 00 00 F4 01 C7 97 BD 5D 02 00 3C 00 F9 01 01 06 80 00 08 00 C7 97 BD 5D 02 00 3C 00 C3 01 02 00 00 00 00 00 C9 97 BD 5D 19 00 3C 00 C2 01 06 00 00 00 00 00 CB 97 BD 5D 2E 00 3C 00 90 88 24 00 00 00 F4 01 D1 97 BD 5D 1A 00 3C 00 90 82 0C 00 2D 00 58 02 D1 97 BD 5D 47 00 3C 00 90 89 00 00
2019-11-03 20:59:06.278 7306-8088/? D/d.d.qhook: change 3dda0004-957f-7d4a-34a6-74696673696d: 24 00 00 00 00 D1 97 BD 5D 47 00 3C 00 F9 01 01 06 80 00 08 00 CF 9E BD 5D 02 00 3C 00 C4 06 01 00 00 00 00 00 53 A2 BD 5D 04 00 3C 00 C4 09 00 00 00 00 00 00 53 A2 BD 5D 15 00 3C 00 F9 01 01 06 80 00 08 00 D7 A5 BD 5D 03 00 3C 00 E0 01 3F 04 0A 19 00 00 D8 AA BD 5D 53 00 3C 00 E0 02 0C 02 00 00 00 00 D8 AA BD 5D 53 00 3C 00 E1 01 3F 04 25 11 00 00 D8 AA BD 5D 53 00 3C 00 E1 02 93 00 00 00 00 00 D8 AA BD 5D 53 00 3C 00 F2 BB 0B 4F 0B 1E 60 5F 2D AB BD 5D 05 00 3C 00 71 4F 04 E8 02 17 0A 00 2D AB BD 5D 05 00 3C 00 73 02 0D 20 63 5F 60 2B 2D
2019-11-03 20:59:06.283 7306-8088/? D/d.d.qhook: change 3dda0004-957f-7d4a-34a6-74696673696d: 25 AB BD 5D 05 00 3C 00 F9 01 01 06 80 00 08 00 DF AC BD 5D 03 00 3C 00 F9 01 01 06 80 00 08 00 E7 B3 BD 5D 03 00 3C 00 F9 01 01 06 80 00 08 00 EF BA BD 5D 03 00 3C 00 66 01 00 00 00 00 00 00 A0 BC BD 5D 45 00 3C 00 90 81 08 01 9F D9 24 00 A0 BC BD 5D 45 00 3C 00 90 85 40 00 00 00 00 00 A0 BC BD 5D 45 00 3C 00 90 86 00 00 00 00 00 00 A0 BC BD 5D 46 00 3C 00 90 80 24 00 00 00 F4 01 AF BC BD 5D 4E 00 3C 00 F9 01 01 06 80 00 08 00 AF BC BD 5D 4E 00 3C 00 C3 01 02 00 00 00 00 00 B2 BC BD 5D 00 00 3C 00 C2 01 06 00 00 00 00 00 B4 BC BD 5D 03 00
2019-11-03 20:59:06.326 7306-8088/? D/d.d.qhook: change 3dda0004-957f-7d4a-34a6-74696673696d: 26 3C 00 90 88 24 00 00 00 F4 01 BA BC BD 5D 06 00 3C 00 90 82 0C 00 2D 00 58 02 BA BC BD 5D 37 00 3C 00 90 89 00 00 00 00 00 00 BA BC BD 5D 37 00 3C 00 66 01 00 00 00 00 00 00 B7 BD BD 5D 33 00 3C 00 90 81 08 01 9F 07 01 00 B7 BD BD 5D 33 00 3C 00 90 85 40 00 00 00 00 00 B7 BD BD 5D 33 00 3C 00 90 86 00 00 00 00 00 00 B7 BD BD 5D 34 00 3C 00 90 80 24 00 00 00 F4 01 BD BD BD 5D 38 00 3C 00 F9 01 01 06 80 00 08 00 BD BD BD 5D 38 00 3C 00 C3 01 02 00 00 00 00 00 C0 BD BD 5D 24 00 3C 00 C2 01 06 00 00 00 00 00 C2 BD BD 5D 2B 00 3C 00 90 88 24
2019-11-03 20:59:06.331 7306-7322/? D/d.d.qhook: change 3dda0004-957f-7d4a-34a6-74696673696d: 27 00 00 00 F4 01 C7 BD BD 5D 55 00 3C 00 90 82 0C 00 2D 00 58 02 C8 BD BD 5D 21 00 3C 00 90 89 00 00 00 00 00 00 C8 BD BD 5D 21 00 3C 00 F9 01 01 06 80 00 08 00 C5 C4 BD 5D 38 00 3C 00 F9 01 01 06 80 00 08 00 CD CB BD 5D 39 00 3C 00 F9 01 01 06 80 00 08 00 D5 D2 BD 5D 39 00 3C 00 66 01 00 00 00 00 00 00 1F D3 BD 5D 05 00 3C 00 90 81 08 01 9E 61 15 00 1F D3 BD 5D 05 00 3C 00 90 85 40 00 00 00 00 00 1F D3 BD 5D 05 00 3C 00 90 86 00 00 00 00 00 00 1F D3 BD 5D 06 00 3C 00 90 80 24 00 00 00 F4 01 94 D3 BD 5D 40 00 3C 00 F9 01 01 06 80 00 08 00
2019-11-03 20:59:06.370 7306-8088/? D/d.d.qhook: change 3dda0004-957f-7d4a-34a6-74696673696d: 28 94 D3 BD 5D 40 00 3C 00 C3 01 02 00 00 00 00 00 97 D3 BD 5D 1D 00 3C 00 C2 01 06 00 00 00 00 00 99 D3 BD 5D 5A 00 3C 00 90 88 24 00 00 00 F4 01 9E D3 BD 5D 57 00 3C 00 90 82 0C 00 2D 00 58 02 9F D3 BD 5D 23 00 3C 00 90 89 00 00 00 00 00 00 9F D3 BD 5D 23 00 3C 00 66 01 00 00 00 00 00 00 F5 D3 BD 5D 4A 00 3C 00 90 81 08 01 9F 61 00 00 F5 D3 BD 5D 4A 00 3C 00 90 85 40 00 00 00 00 00 F5 D3 BD 5D 4A 00 3C 00 90 86 00 00 00 00 00 00 F5 D3 BD 5D 4B 00 3C 00 90 80 24 00 00 00 F4 01 6F D4 BD 5D 26 00 3C 00 F9 01 01 06 80 00 08 00 6F D4 BD 5D 26
2019-11-03 20:59:06.375 7306-8088/? D/d.d.qhook: change 3dda0004-957f-7d4a-34a6-74696673696d: 29 00 3C 00 C3 01 02 00 00 00 00 00 71 D4 BD 5D 51 00 3C 00 C2 01 06 00 00 00 00 00 73 D4 BD 5D 54 00 3C 00 90 88 24 00 00 00 F4 01 79 D4 BD 5D 40 00 3C 00 90 82 0C 00 2D 00 58 02 7A D4 BD 5D 09 00 3C 00 90 89 00 00 00 00 00 00 7A D4 BD 5D 09 00 3C 00 E0 01 B3 03 99 1E 00 00 08 D5 BD 5D 53 00 3C 00 E0 02 CD 01 00 00 00 00 08 D5 BD 5D 53 00 3C 00 E1 01 B4 03 96 0B 00 00 08 D5 BD 5D 53 00 3C 00 E1 02 78 00 00 00 00 00 08 D5 BD 5D 53 00 3C 00 F2 BD 0B 58 0B 23 60 5F 60 D5 BD 5D 0E 00 3C 00 71 4F 04 EE 02 17 0A 00 60 D5 BD 5D 0E 00 3C 00 73 02
2019-11-03 20:59:06.414 7306-8088/? D/d.d.qhook: change 3dda0004-957f-7d4a-34a6-74696673696d: 2A 0D 20 63 5F 60 2C 60 D5 BD 5D 0E 00 3C 00 66 01 00 00 00 00 00 00 EC D5 BD 5D 1D 00 3C 00 90 81 08 01 9F 7C 01 00 EC D5 BD 5D 1D 00 3C 00 90 85 40 00 00 00 00 00 EC D5 BD 5D 1D 00 3C 00 90 86 00 00 00 00 00 00 EC D5 BD 5D 1E 00 3C 00 90 80 24 00 00 00 F4 01 F6 D5 BD 5D 24 00 3C 00 F9 01 01 06 80 00 08 00 F6 D5 BD 5D 24 00 3C 00 C3 01 02 00 00 00 00 00 FD D5 BD 5D 44 00 3C 00 90 88 24 00 00 00 F4 01 00 D6 BD 5D 37 00 3C 00 C2 01 06 00 00 00 00 00 02 D6 BD 5D 00 00 3C 00 90 82 0C 00 2D 00 58 02 02 D6 BD 5D 24 00 3C 00 90 89 00 00 00 00 00
2019-11-03 20:59:06.420 7306-7322/? D/d.d.qhook: change 3dda0004-957f-7d4a-34a6-74696673696d: 2B 00 02 D6 BD 5D 24 00 3C 00 66 01 00 00 00 00 00 00 28 D6 BD 5D 0C 00 3C 00 90 81 08 01 A0 31 00 00 28 D6 BD 5D 0C 00 3C 00 90 85 40 00 00 00 00 00 28 D6 BD 5D 0C 00 3C 00 90 86 00 00 00 00 00 00 28 D6 BD 5D 0D 00 3C 00 90 80 24 00 00 00 F4 01 28 D6 BD 5D 0E 00 3C 00 F9 01 01 06 80 00 08 00 28 D6 BD 5D 0E 00 3C 00 C3 01 02 00 00 00 00 00 2A D6 BD 5D 3B 00 3C 00 C2 01 06 00 00 00 00 00 2D D6 BD 5D 02 00 3C 00 90 88 24 00 00 00 F4 01 32 D6 BD 5D 28 00 3C 00 66 01 00 00 00 00 00 00 3C D6 BD 5D 27 00 3C 00 90 81 08 01 A0 14 00 00 3C D6 BD 5D
2019-11-03 20:59:06.457 7306-8088/? D/d.d.qhook: change 3dda0004-957f-7d4a-34a6-74696673696d: 2C 27 00 3C 00 90 85 40 00 00 00 00 00 3C D6 BD 5D 27 00 3C 00 90 86 00 00 00 00 00 00 3C D6 BD 5D 28 00 3C 00 90 80 24 00 00 00 F4 01 44 D6 BD 5D 2D 00 3C 00 F9 01 01 06 80 00 08 00 44 D6 BD 5D 2D 00 3C 00 C3 01 02 00 00 00 00 00 47 D6 BD 5D 42 00 3C 00 C2 01 06 00 00 00 00 00 4B D6 BD 5D 03 00 3C 00 90 88 24 00 00 00 F4 01 4E D6 BD 5D 46 00 3C 00 90 82 0C 00 2D 00 58 02 4F D6 BD 5D 11 00 3C 00 90 89 00 00 00 00 00 00 4F D6 BD 5D 11 00 3C 00 66 01 00 00 00 00 00 00 7E D6 BD 5D 5B 00 3C 00 90 81 08 01 9F 3A 00 00 7E D6 BD 5D 5B 00 3C 00 90
2019-11-03 20:59:06.473 7306-8088/? D/d.d.qhook: change 3dda0004-957f-7d4a-34a6-74696673696d: 2D 85 40 00 00 00 00 00 7E D6 BD 5D 5B 00 3C 00 90 86 00 00 00 00 00 00 7E D6 BD 5D 5C 00 3C 00 90 80 24 00 00 00 F4 01 9B D6 BD 5D 08 00 3C 00 F9 01 01 06 80 00 08 00 9B D6 BD 5D 08 00 3C 00 C3 01 02 00 00 00 00 00 9E D6 BD 5D 01 00 3C 00 C2 01 06 00 00 00 00 00 A1 D6 BD 5D 07 00 3C 00 90 88 24 00 00 00 F4 01 A5 D6 BD 5D 28 00 3C 00 90 82 0C 00 2D 00 58 02 A5 D6 BD 5D 54 00 3C 00 90 89 00 00 00 00 00 00 A5 D6 BD 5D 54 00 3C 00 66 01 00 00 00 00 00 00 F0 D6 BD 5D 10 00 3C 00 90 81 08 01 9E 55 00 00 F0 D6 BD 5D 10 00 3C 00 90 85 40 00 00 00
2019-11-03 20:59:06.503 7306-8088/? D/d.d.qhook: change 3dda0004-957f-7d4a-34a6-74696673696d: 2E 00 00 F0 D6 BD 5D 10 00 3C 00 90 86 00 00 00 00 00 00 F0 D6 BD 5D 11 00 3C 00 90 80 24 00 00 00 F4 01 0C D7 BD 5D 20 00 3C 00 F9 01 01 06 80 00 08 00 0C D7 BD 5D 20 00 3C 00 C3 01 02 00 00 00 00 00 14 D7 BD 5D 4D 00 3C 00 90 88 24 00 00 00 F4 01 16 D7 BD 5D 2F 00 3C 00 90 82 0C 00 2D 00 58 02 18 D7 BD 5D 20 00 3C 00 90 89 00 00 00 00 00 00 18 D7 BD 5D 20 00 3C 00 C2 01 06 00 00 00 00 00 1C D7 BD 5D 51 00 3C 00 66 01 00 00 00 00 00 00 3A D7 BD 5D 56 00 3C 00 90 81 08 01 A1 2E 00 00 3A D7 BD 5D 56 00 3C 00 90 85 40 00 00 00 00 00 3A D7 BD
2019-11-03 20:59:06.509 7306-8088/? D/d.d.qhook: change 3dda0004-957f-7d4a-34a6-74696673696d: 2F 5D 56 00 3C 00 90 86 00 00 00 00 00 00 3A D7 BD 5D 57 00 3C 00 90 80 24 00 00 00 F4 01 51 D7 BD 5D 62 00 3C 00 F9 01 01 06 80 00 08 00 51 D7 BD 5D 62 00 3C 00 C3 01 02 00 00 00 00 00 56 D7 BD 5D 06 00 3C 00 C2 01 06 00 00 00 00 00 5A D7 BD 5D 2B 00 3C 00 90 88 24 00 00 00 F4 01 5C D7 BD 5D 16 00 3C 00 90 82 0C 00 2D 00 58 02 5C D7 BD 5D 48 00 3C 00 90 89 00 00 00 00 00 00 5C D7 BD 5D 48 00 3C 00 66 01 00 00 00 00 00 00 B9 D7 BD 5D 57 00 3C 00 90 81 08 01 9F 67 00 00 B9 D7 BD 5D 57 00 3C 00 90 85 40 00 00 00 00 00 B9 D7 BD 5D 57 00 3C 00
2019-11-03 20:59:06.534 7306-8088/? D/d.d.qhook: change 3dda0004-957f-7d4a-34a6-74696673696d: 30 90 86 00 00 00 00 00 00 B9 D7 BD 5D 58 00 3C 00 90 80 24 00 00 00 F4 01 D2 D7 BD 5D 01 00 3C 00 F9 01 01 06 80 00 08 00 D2 D7 BD 5D 01 00 3C 00 C3 01 02 00 00 00 00 00 D4 D7 BD 5D 1D 00 3C 00 C2 01 06 00 00 00 00 00 D6 D7 BD 5D 31 00 3C 00 90 88 24 00 00 00 F4 01 DC D7 BD 5D 1B 00 3C 00 90 82 0C 00 2D 00 58 02 DC D7 BD 5D 46 00 3C 00 90 89 00 00 00 00 00 00 DC D7 BD 5D 46 00 3C 00 C4 06 01 00 00 00 00 00 2A DA BD 5D 02 00 3C 00 C4 09 00 00 00 00 00 00 2A DA BD 5D 13 00 3C 00 66 01 00 00 00 00 00 00 C8 DE BD 5D 52 00 3C 00 90 81 13 01 C6
2019-11-03 20:59:06.546 7306-8088/? D/d.d.qhook: change 3dda0004-957f-7d4a-34a6-74696673696d: 31 F6 06 00 C8 DE BD 5D 52 00 3C 00 90 85 40 00 00 00 00 00 C8 DE BD 5D 52 00 3C 00 90 86 00 00 00 00 00 00 C8 DE BD 5D 53 00 3C 00 F9 01 01 02 00 00 00 00 50 EE BD 5D 55 00 3C 00 90 80 24 00 00 00 F4 01 1F FA BD 5D 4D 00 3C 00 F9 01 01 06 80 00 08 00 1F FA BD 5D 4D 00 3C 00 C3 01 02 00 00 00 00 00 22 FA BD 5D 1E 00 3C 00 C2 01 06 00 00 00 00 00 24 FA BD 5D 20 00 3C 00 90 88 24 00 00 00 F4 01 2A FA BD 5D 0D 00 3C 00 90 82 0C 00 2D 00 58 02 2A FA BD 5D 3A 00 3C 00 90 89 00 00 00 00 00 00 2A FA BD 5D 3A 00 3C 00 E0 01 4B 03 5D 13 00 00 38 FF
2019-11-03 20:59:06.576 7306-8088/? D/d.d.qhook: change 3dda0004-957f-7d4a-34a6-74696673696d: 32 BD 5D 53 00 3C 00 E0 02 D1 00 00 00 00 00 38 FF BD 5D 53 00 3C 00 E1 01 4B 03 D2 16 00 00 38 FF BD 5D 53 00 3C 00 E1 02 91 00 00 00 00 00 38 FF BD 5D 53 00 3C 00 F2 BD 0B 5B 0B 24 60 5F 93 FF BD 5D 17 00 3C 00 71 4F 04 F4 02 17 0A 00 93 FF BD 5D 17 00 3C 00 73 02 0D 20 63 5F 60 2C 93 FF BD 5D 17 00 3C 00 F9 01 01 06 80 00 08 00 27 01 BE 5D 4E 00 3C 00 F9 01 01 06 80 00 08 00 2F 08 BE 5D 4E 00 3C 00 A1 8C 36 03 00 00 00 00 70 0A BE 5D 55 00 3C 00 C5 05 0A 00 00 0A 00 00 70 0A BE 5D 55 00 3C 00 C5 06 02 00 00 02 00 00 70 0A BE 5D 55 00 3C
2019-11-03 20:59:06.580 7306-8088/? D/d.d.qhook: change 3dda0004-957f-7d4a-34a6-74696673696d: 33 00 C5 07 01 00 00 01 00 00 70 0A BE 5D 55 00 3C 00 F3 80 20 08 00 00 00 00 70 0A BE 5D 55 00 3C 00 F5 02 51 00 00 00 00 00 70 0A BE 5D 55 00 3C 00 C6 0A 1C 01 6C 04 54 01 70 0A BE 5D 55 00 3C 00 C5 0D BB 00 6F 8C 14 00 70 0A BE 5D 55 00 3C 00 C5 10 00 00 00 00 00 00 70 0A BE 5D 55 00 3C 00 C5 11 00 00 00 00 00 00 70 0A BE 5D 55 00 3C 00 C5 0E 9A 27 00 00 00 00 70 0A BE 5D 56 00 3C 00 C5 25 00 00 00 00 00 00 70 0A BE 5D 56 00 3C 00 C5 14 00 00 00 00 00 00 70 0A BE 5D 56 00 3C 00 C5 15 00 00 00 00 00 00 70 0A BE 5D 56 00 3C 00 86 00 00 00
2019-11-03 20:59:06.609 7306-8088/? D/d.d.qhook: change 3dda0004-957f-7d4a-34a6-74696673696d: 34 00 00 00 00 70 0A BE 5D 56 00 3C 00 B5 01 00 01 01 0C 00 00 70 0A BE 5D 56 00 3C 00 B5 02 58 07 00 00 08 00 70 0A BE 5D 56 00 3C 00 B5 03 08 00 00 00 00 00 70 0A BE 5D 56 00 3C 00 B5 04 00 00 00 00 08 00 70 0A BE 5D 56 00 3C 00 B5 FF 00 01 01 0C 05 00 70 0A BE 5D 56 00 3C 00 B5 01 00 01 02 18 00 00 70 0A BE 5D 56 00 3C 00 B5 02 E1 13 00 00 01 00 70 0A BE 5D 56 00 3C 00 B5 03 01 00 00 00 00 00 70 0A BE 5D 56 00 3C 00 B5 04 00 00 00 00 01 00 70 0A BE 5D 56 00 3C 00 B5 FF 00 01 02 18 05 00 70 0A BE 5D 56 00 3C 00 B5 01 00 01 02 14 00 00 70
2019-11-03 20:59:06.622 7306-8088/? D/d.d.qhook: change 3dda0004-957f-7d4a-34a6-74696673696d: 35 0A BE 5D 56 00 3C 00 B5 02 FE 21 00 00 01 00 70 0A BE 5D 56 00 3C 00 B5 03 01 00 00 00 00 00 70 0A BE 5D 56 00 3C 00 B5 04 00 00 00 00 01 00 70 0A BE 5D 56 00 3C 00 B5 FF 00 01 02 14 05 00 70 0A BE 5D 56 00 3C 00 B5 01 00 01 01 10 00 00 70 0A BE 5D 56 00 3C 00 B5 02 A6 01 00 00 01 00 70 0A BE 5D 56 00 3C 00 B5 03 01 00 00 00 00 00 70 0A BE 5D 57 00 3C 00 B5 04 00 00 00 00 01 00 70 0A BE 5D 57 00 3C 00 B5 FF 00 01 01 10 05 00 70 0A BE 5D 57 00 3C 00 A0 84 EE 09 00 00 01 00 70 0A BE 5D 57 00 3C 00 A0 85 9A 27 00 00 00 00 70 0A BE 5D 57 00
2019-11-03 20:59:06.651 7306-8088/? D/d.d.qhook: change 3dda0004-957f-7d4a-34a6-74696673696d: 36 3C 00 85 01 E5 44 02 00 3B 23 70 0A BE 5D 57 00 3C 00 85 02 DB F2 01 00 00 00 70 0A BE 5D 57 00 3C 00 85 03 74 03 00 00 B9 2E 70 0A BE 5D 57 00 3C 00 85 04 00 00 27 23 00 00 70 0A BE 5D 57 00 3C 00 F9 01 01 06 80 00 08 00 37 0F BE 5D 4E 00 3C 00 F9 01 01 06 80 00 08 00 3F 16 BE 5D 4F 00 3C 00 F9 01 01 06 80 00 08 00 47 1D BE 5D 4F 00 3C 00 F9 01 01 06 80 00 08 00 4F 24 BE 5D 50 00 3C 00 C4 06 01 00 00 00 00 00 FF 28 BE 5D 57 00 3C 00 C4 09 00 00 00 00 00 00 00 29 BE 5D 05 00 3C 00 E0 01 91 03 BF 13 00 00 68 29 BE 5D 53 00 3C 00 E0 02 63
2019-11-03 20:59:06.656 7306-8088/? D/d.d.qhook: change 3dda0004-957f-7d4a-34a6-74696673696d: 37 00 00 00 00 00 68 29 BE 5D 53 00 3C 00 E1 01 91 03 70 16 00 00 68 29 BE 5D 53 00 3C 00 E1 02 C1 00 00 00 00 00 68 29 BE 5D 53 00 3C 00 F2 C0 0B 5A 0B 24 60 5F C6 29 BE 5D 20 00 3C 00 71 4F 04 FA 02 17 0A 00 C6 29 BE 5D 20 00 3C 00 73 02 0D 20 63 5F 60 2C C6 29 BE 5D 20 00 3C 00 F9 01 01 06 80 00 08 00 57 2B BE 5D 50 00 3C 00 F9 01 01 06 80 00 08 00 5F 32 BE 5D 50 00 3C 00 F9 01 01 06 80 00 08 00 67 39 BE 5D 50 00 3C 00 F9 01 01 06 80 00 08 00 6F 40 BE 5D 51 00 3C 00 F9 01 01 06 80 00 08 00 77 47 BE 5D 51 00 3C 00 F9 01 01 06 80 00 08 00
2019-11-03 20:59:06.684 7306-8088/? D/d.d.qhook: change 3dda0004-957f-7d4a-34a6-74696673696d: 38 7F 4E BE 5D 52 00 3C 00 E0 01 29 00 04 01 00 00 98 53 BE 5D 53 00 3C 00 E0 02 14 00 00 00 00 00 98 53 BE 5D 53 00 3C 00 E1 01 28 00 2B 29 00 00 98 53 BE 5D 53 00 3C 00 E1 02 70 08 00 00 00 00 98 53 BE 5D 53 00 3C 00 F2 C2 0B 5B 0B 24 60 5F F9 53 BE 5D 28 00 3C 00 71 4F 04 FF 02 17 0A 00 F9 53 BE 5D 28 00 3C 00 73 02 0D 20 63 5F 60 2C F9 53 BE 5D 28 00 3C 00 F9 01 01 06 80 00 08 00 87 55 BE 5D 52 00 3C 00 66 01 00 00 00 00 00 00 80 56 BE 5D 1A 00 3C 00 90 81 08 01 9E 60 5C 00 80 56 BE 5D 1A 00 3C 00 90 85 40 00 00 00 00 00 80 56 BE 5D 1A
2019-11-03 20:59:06.695 7306-8088/? D/d.d.qhook: change 3dda0004-957f-7d4a-34a6-74696673696d: 39 00 3C 00 90 86 00 00 00 00 00 00 80 56 BE 5D 1B 00 3C 00 90 80 24 00 00 00 F4 01 90 5B BE 5D 4A 00 3C 00 F9 01 01 06 80 00 08 00 90 5B BE 5D 4A 00 3C 00 C3 01 02 00 00 00 00 00 92 5B BE 5D 61 00 3C 00 C2 01 06 00 00 00 00 00 95 5B BE 5D 00 00 3C 00 90 88 24 00 00 00 F4 01 9A 5B BE 5D 60 00 3C 00 90 82 0C 00 2D 00 58 02 9B 5B BE 5D 27 00 3C 00 90 89 00 00 00 00 00 00 9B 5B BE 5D 27 00 3C 00 C4 06 01 00 00 00 00 00 6C 61 BE 5D 4B 00 3C 00 C4 09 00 00 00 00 00 00 6C 61 BE 5D 5C 00 3C 00 F9 01 01 06 80 00 08 00 98 62 BE 5D 4A 00 3C 00 F9 01
2019-11-03 20:59:06.727 7306-8088/? D/d.d.qhook: change 3dda0004-957f-7d4a-34a6-74696673696d: 3A 01 06 80 00 08 00 A0 69 BE 5D 4A 00 3C 00 F9 01 01 06 80 00 08 00 A8 70 BE 5D 4A 00 3C 00 F9 01 01 06 80 00 08 00 B0 77 BE 5D 4B 00 3C 00 E0 01 20 00 DC 01 00 00 C8 7D BE 5D 53 00 3C 00 E0 02 21 00 00 05 00 00 C8 7D BE 5D 53 00 3C 00 E1 01 21 00 53 28 00 00 C8 7D BE 5D 53 00 3C 00 E1 02 3D 05 00 01 00 00 C8 7D BE 5D 53 00 3C 00 F2 C0 0B 61 0B 25 60 5F 2D 7E BE 5D 45 00 3C 00 71 4F 04 05 03 17 0A 00 2D 7E BE 5D 45 00 3C 00 73 02 0D 20 63 5F 60 2C 2D 7E BE 5D 45 00 3C 00 F9 01 01 06 80 00 08 00 B8 7E BE 5D 4B 00 3C 00 F9 01 01 06 80 00 08
2019-11-03 20:59:06.733 7306-8088/? D/d.d.qhook: change 3dda0004-957f-7d4a-34a6-74696673696d: 3B 00 C0 85 BE 5D 4C 00 3C 00 F9 01 01 06 80 00 08 00 C8 8C BE 5D 4C 00 3C 00 F9 01 01 06 80 00 08 00 D0 93 BE 5D 4C 00 3C 00 C4 06 01 00 00 00 00 00 D1 93 BE 5D 03 00 3C 00 C4 09 00 00 00 00 00 00 D1 93 BE 5D 14 00 3C 00 F9 01 01 06 80 00 08 00 D8 9A BE 5D 4C 00 3C 00 F9 01 01 06 80 00 08 00 E0 A1 BE 5D 4D 00 3C 00 E0 01 18 00 96 01 00 00 F8 A7 BE 5D 53 00 3C 00 E0 02 1F 00 00 05 00 00 F8 A7 BE 5D 53 00 3C 00 E1 01 18 00 99 28 00 00 F8 A7 BE 5D 53 00 3C 00 E1 02 6A 06 00 05 00 00 F8 A7 BE 5D 53 00 3C 00 F2 C1 0B 5F 0B 24 60 5F 60 A8 BE 5D
2019-11-03 20:59:06.760 7306-8088/? D/d.d.qhook: change 3dda0004-957f-7d4a-34a6-74696673696d: 3C 4E 00 3C 00 71 4F 04 0B 03 17 0A 00 60 A8 BE 5D 4E 00 3C 00 73 02 0D 20 62 5F 60 2C 60 A8 BE 5D 4E 00 3C 00 F9 01 01 06 80 00 08 00 E8 A8 BE 5D 4D 00 3C 00 F9 01 01 06 80 00 08 00 F0 AF BE 5D 4E 00 3C 00 F9 01 01 06 80 00 08 00 F8 B6 BE 5D 4E 00 3C 00 F9 01 01 06 80 00 08 00 00 BE BE 5D 4F 00 3C 00 F9 01 01 06 80 00 08 00 08 C5 BE 5D 4F 00 3C 00 C4 06 01 00 00 00 00 00 35 C6 BE 5D 1F 00 3C 00 C4 09 00 00 00 00 00 00 35 C6 BE 5D 30 00 3C 00 F9 01 01 06 80 00 08 00 10 CC BE 5D 4F 00 3C 00 66 01 00 00 00 00 00 00 BF CD BE 5D 2A 00 3C 00 90
2019-11-03 20:59:06.771 7306-8088/? D/d.d.qhook: change 3dda0004-957f-7d4a-34a6-74696673696d: 3D 81 08 01 A2 2E 72 00 BF CD BE 5D 2A 00 3C 00 90 85 40 00 00 00 00 00 BF CD BE 5D 2A 00 3C 00 90 86 00 00 00 00 00 00 BF CD BE 5D 2B 00 3C 00 90 80 24 00 00 00 F4 01 F4 CD BE 5D 47 00 3C 00 F9 01 01 06 80 00 08 00 F4 CD BE 5D 47 00 3C 00 C3 01 02 00 00 00 00 00 F7 CD BE 5D 0B 00 3C 00 C2 01 06 00 00 00 00 00 F9 CD BE 5D 17 00 3C 00 90 88 24 00 00 00 F4 01 FE CD BE 5D 63 00 3C 00 90 82 0C 00 2D 00 58 02 FF CD BE 5D 2B 00 3C 00 90 89 00 00 00 00 00 00 FF CD BE 5D 2C 00 3C 00 66 01 00 00 00 00 00 00 14 CE BE 5D 05 00 3C 00 90 81 08 01 A0 1F
2019-11-03 20:59:06.801 7306-8088/? D/d.d.qhook: change 3dda0004-957f-7d4a-34a6-74696673696d: 3E 00 00 14 CE BE 5D 06 00 3C 00 90 85 40 00 00 00 00 00 14 CE BE 5D 06 00 3C 00 90 86 00 00 00 00 00 00 14 CE BE 5D 07 00 3C 00 90 80 24 00 00 00 F4 01 3A CE BE 5D 1A 00 3C 00 F9 01 01 06 80 00 08 00 3A CE BE 5D 1A 00 3C 00 C3 01 02 00 00 00 00 00 3C CE BE 5D 40 00 3C 00 C2 01 06 00 00 00 00 00 3E CE BE 5D 5D 00 3C 00 90 88 24 00 00 00 F4 01 44 CE BE 5D 35 00 3C 00 90 82 0C 00 2D 00 58 02 44 CE BE 5D 60 00 3C 00 90 89 00 00 00 00 00 00 44 CE BE 5D 60 00 3C 00 E0 01 66 00 B0 04 00 00 28 D2 BE 5D 53 00 3C 00 E0 02 65 00 00 00 00 00 28 D2 BE
2019-11-03 20:59:06.808 7306-8088/? D/d.d.qhook: change 3dda0004-957f-7d4a-34a6-74696673696d: 3F 5D 53 00 3C 00 E1 01 65 00 7F 25 00 00 28 D2 BE 5D 53 00 3C 00 E1 02 39 06 00 00 00 00 28 D2 BE 5D 53 00 3C 00 F2 C1 0B 60 0B 24 60 5F 93 D2 BE 5D 57 00 3C 00 71 4F 04 11 03 17 0A 00 93 D2 BE 5D 57 00 3C 00 73 02 0D 20 62 5F 60 2C 93 D2 BE 5D 57 00 3C 00 F9 01 01 06 80 00 08 00 42 D5 BE 5D 1A 00 3C 00 F9 01 01 06 80 00 08 00 4A DC BE 5D 1B 00 3C 00 F9 01 01 06 80 00 08 00 52 E3 BE 5D 1B 00 3C 00 F9 01 01 06 80 00 08 00 5A EA BE 5D 1C 00 3C 00 F9 01 01 06 80 00 08 00 62 F1 BE 5D 1C 00 3C 00 F9 01 01 06 80 00 08 00 6A F8 BE 5D 1C 00 3C 00
2019-11-03 20:59:06.832 7306-8088/? D/d.d.qhook: change 3dda0004-957f-7d4a-34a6-74696673696d: 00 C4 06 01 00 00 00 00 00 96 F9 BE 5D 23 00 3C 00 C4 09 00 00 00 00 00 00 96 F9 BE 5D 35 00 3C 00 66 01 00 00 00 00 00 00 34 FC BE 5D 52 00 3C 00 90 81 13 01 CB FA 2D 00 34 FC BE 5D 52 00 3C 00 90 85 40 00 00 00 00 00 34 FC BE 5D 52 00 3C 00 90 86 00 00 00 00 00 00 34 FC BE 5D 53 00 3C 00 E0 01 A9 02 1C 11 00 00 58 FC BE 5D 53 00 3C 00 E0 02 5C 00 00 00 00 00 58 FC BE 5D 53 00 3C 00 E1 01 A9 02 13 19 00 00 58 FC BE 5D 53 00 3C 00 E1 02 8C 02 00 00 00 00 58 FC BE 5D 53 00 3C 00 F2 C0 0B 59 0B 21 60 5F C6 FC BE 5D 60 00 3C 00 71 4F 04 17 03
2019-11-03 20:59:06.845 7306-8088/? D/d.d.qhook: change 3dda0004-957f-7d4a-34a6-74696673696d: 01 17 0A 00 C6 FC BE 5D 60 00 3C 00 73 02 0D 20 62 5F 60 2C C6 FC BE 5D 60 00 3C 00 E0 01 E3 02 30 10 00 00 88 26 BF 5D 53 00 3C 00 E0 02 46 00 00 00 00 00 88 26 BF 5D 53 00 3C 00 E1 01 E4 02 FF 19 00 00 88 26 BF 5D 53 00 3C 00 E1 02 03 01 00 00 00 00 88 26 BF 5D 53 00 3C 00 F2 C3 0B 59 0B 22 60 5F FA 26 BF 5D 05 00 3C 00 71 4F 04 1D 03 17 0A 00 FA 26 BF 5D 05 00 3C 00 73 02 0D 20 62 5F 60 2C FA 26 BF 5D 05 00 3C 00 90 80 24 00 00 00 F4 01 D0 2E BF 5D 30 00 3C 00 F9 01 01 06 80 00 08 00 D0 2E BF 5D 30 00 3C 00 C3 01 02 00 00 00 00 00 D2 2E
2019-11-03 20:59:06.874 7306-8088/? D/d.d.qhook: change 3dda0004-957f-7d4a-34a6-74696673696d: 02 BF 5D 5A 00 3C 00 C2 01 06 00 00 00 00 00 D5 2E BF 5D 06 00 3C 00 90 88 24 00 00 00 F4 01 DA 2E BF 5D 57 00 3C 00 90 82 0C 00 2D 00 58 02 DB 2E BF 5D 29 00 3C 00 90 89 00 00 00 00 00 00 DB 2E BF 5D 29 00 3C 00 66 01 00 00 00 00 00 00 0A 31 BF 5D 53 00 3C 00 90 81 08 01 A2 3A 02 00 0A 31 BF 5D 53 00 3C 00 90 85 40 00 00 00 00 00 0A 31 BF 5D 53 00 3C 00 90 86 00 00 00 00 00 00 0A 31 BF 5D 54 00 3C 00 90 80 24 00 00 00 F4 01 20 31 BF 5D 61 00 3C 00 F9 01 01 06 80 00 08 00 20 31 BF 5D 61 00 3C 00 C3 01 02 00 00 00 00 00 23 31 BF 5D 2B 00 3C
2019-11-03 20:59:06.879 7306-8088/? D/d.d.qhook: change 3dda0004-957f-7d4a-34a6-74696673696d: 03 00 C2 01 06 00 00 00 00 00 25 31 BF 5D 4D 00 3C 00 90 88 24 00 00 00 F4 01 2B 31 BF 5D 22 00 3C 00 90 82 0C 00 2D 00 58 02 2C 31 BF 5D 07 00 3C 00 90 89 00 00 00 00 00 00 2C 31 BF 5D 07 00 3C 00 F9 01 01 00 80 00 08 00 87 31 BF 5D 09 00 3C 00 F9 02 00 0B 02 01 00 00 88 31 BF 5D 3E 00 3C 00 F9 02 00 0B 02 02 00 00 88 31 BF 5D 42 00 3C 00 90 83 0C 00 00 2D 58 02 88 31 BF 5D 5D 00 3C 00 F9 01 02 00 00 00 40 01 89 31 BF 5D 07 00 3C 00 C3 01 01 00 00 00 00 00 89 31 BF 5D 0A 00 3C 00 F9 02 00 0B 02 01 00 00 89 31 BF 5D 0B 00 3C 00 C3 01 03 00
2019-11-03 20:59:06.919 7306-8088/? D/d.d.qhook: change 3dda0004-957f-7d4a-34a6-74696673696d: 84 00 00 00 00 89 31 BF 5D 0D 00 3C 00 F9 02 00 0B 02 02 00 00 89 31 BF 5D 0F 00 3C 00 FF FF FF FF FF FF FF FF FF FF FF FF FF FF FF FF
2019-11-03 20:59:06.919 7306-8088/? D/d.d.qhook: change 3dda0003-957f-7d4a-34a6-74696673696d: 88 00 02 00 40 30 00 00 4B E8 91 2B
2019-11-03 20:59:06.951 7306-7306/? D/d.d.qhook: DELETE_FILE
2019-11-03 20:59:06.951 7306-7306/? D/d.d.qhook: write 3dda0003-957f-7d4a-34a6-74696673696d: 0B 00 02
2019-11-03 20:59:07.173 7306-7322/? D/d.d.qhook: change 3dda0003-957f-7d4a-34a6-74696673696d: 8B 00 02 00
2019-11-03 20:59:07.236 7306-7306/? D/d.d.qhook: LIST_FILE
2019-11-03 20:59:07.236 7306-7306/? D/d.d.qhook: write 3dda0003-957f-7d4a-34a6-74696673696d: 02 FF 01
2019-11-03 20:59:07.307 7306-8088/? D/d.d.qhook: change 3dda0003-957f-7d4a-34a6-74696673696d: 82 FF 01 00 0A 00 00 00 00
2019-11-03 20:59:07.337 7306-8088/? D/d.d.qhook: change 3dda0004-957f-7d4a-34a6-74696673696d: 80 01 01 24 32 00 00 9B 0E 31 40
2019-11-03 20:59:07.338 7306-8088/? D/d.d.qhook: change 3dda0003-957f-7d4a-34a6-74696673696d: 88 FF 01 00 0A 00 00 00 51 C2 AD 89
2019-11-03 20:59:07.345 7306-7306/? D/d.d.qhook: GET_FILE
2019-11-03 20:59:07.345 7306-7306/? D/d.d.qhook: write 3dda0003-957f-7d4a-34a6-74696673696d: 01 01 01 00 00 00 00 FF FF FF FF
