2019-11-03 20:59:14.024 7306-8088/? D/d.d.qhook: change 3dda0004-957f-7d4a-34a6-74696673696d: 2B 00 01 00 FF 00 01 00 FF 00 01 00 FF 00 01 00 FF 00 01 00 FF 00 01 00 FF 00 01 00 FF 00 01 00 FF 00 01 00 FF 00 01 00 FF 00 01 00 FF 00 01 00 FF 00 01 00 FF 00 01 00 FF 00 01 00 FF 00 01 00 FF 00 01 00 FF 00 01 00 FF 00 01 00 FF 00 01 00 FF 00 01 00 FF 00 01 00 FF 00 01 00 FF 00 71 FB FF 00 31 BF FF 00 01 00 FF 00 01 00 FF 00 01 00 FF 00 01 00 FF 00 01 00 FF 00 71 FF FF 00 01 00 FF 00 01 00 FF 00 73 FF FF 00 01 00 FF 00 01 00 FF 00 01 00 FF 00 01 00 FF 00 01 00 FF 00 01 00 FF 00 01 00 FF 00 01 00 FF 00 01 00 FF 00 01 00 FF 00 01 00 FF 00
2019-11-03 20:59:14.051 7306-8088/? D/d.d.qhook: change 3dda0004-957f-7d4a-34a6-74696673696d: 2C 01 00 FF 00 01 00 FF 00 01 00 FF 00 01 00 FF 00 01 00 FF 00 01 00 FF 00 01 00 FF 00 21 CF FF 00 71 FF FF 00 01 00 FF 00 61 A7 FF 00 73 FF FF 00 01 BF FF 00 01 00 FF 00 71 FF FF 00 11 43 FF 00 01 00 FF 00 01 00 FF 00 01 00 FF 00 01 00 FF 00 01 00 FF 00 01 00 FF 00 01 00 FF 00 01 00 FF 00 73 FF FF 00 01 00 FF 00 01 00 FF 00 01 00 FF 00 7B FF FF 00 01 00 FF 00 01 00 FF 00 01 00 FF 00 01 00 FF 00 01 00 FF 00 01 00 FF 00 01 00 FF 00 01 00 FF 00 01 00 FF 00 01 00 FF 00 71 FF FF 00 21 1B FF 00 01 00 FF 00 01 00 FF 00 01 00 FF 00 11 CB FF 00 01
2019-11-03 20:59:14.062 7306-8088/? D/d.d.qhook: change 3dda0004-957f-7d4a-34a6-74696673696d: 2D 00 FF 00 21 AB FF 00 01 00 FF 00 01 00 FF 00 01 00 FF 00 01 00 FF 00 11 37 FF 00 01 C3 FF 00 01 00 FF 00 01 00 FF 00 01 00 FF 00 71 FF FF 00 01 00 FF 00 01 00 FF 00 01 00 FF 00 01 00 FF 00 01 00 FF 00 01 00 FF 00 01 00 FF 00 01 00 FF 00 01 00 FF 00 01 00 FF 00 01 00 FF 00 01 00 FF 00 71 FF FF 00 01 00 FF 00 01 00 FF 00 01 00 FF 00 01 00 FF 00 01 00 FF 00 01 00 FF 00 01 00 FF 00 01 00 FF 00 01 00 FF 00 01 00 FF 00 01 00 FF 00 01 00 FF 00 01 00 FF 00 01 00 FF 00 01 00 FF 00 01 00 FF 00 01 00 FF 00 41 1B FF 00 01 00 FF 00 01 00 FF 00 71 F7
2019-11-03 20:59:14.092 7306-8088/? D/d.d.qhook: change 3dda0004-957f-7d4a-34a6-74696673696d: 2E FF 00 01 00 FF 00 01 00 FF 00 01 00 FF 00 01 00 FF 00 01 00 FF 00 01 00 FF 00 01 00 FF 00 01 00 FF 00 01 00 FF 00 01 00 FF 00 01 00 FF 00 01 00 FF 00 01 00 FF 00 01 00 FF 00 01 00 FF 00 01 00 FF 00 01 00 FF 00 01 00 FF 00 01 00 FF 00 01 00 FF 00 51 F7 FF 00 71 FF FF 00 01 00 FF 00 01 00 FF 00 01 00 FF 00 01 00 FF 00 01 00 FF 00 01 00 FF 00 73 FF FF 00 01 00 FF 00 01 00 FF 00 01 00 FF 00 01 00 FF 00 01 00 FF 00 01 00 FF 00 25 C3 FF 00 53 3B FF 00 01 00 FF 00 01 00 FF 00 01 00 FF 00 01 00 FF 00 01 00 FF 00 71 FF FF 00 01 00 FF 00 01 00 FF
2019-11-03 20:59:14.097 7306-8088/? D/d.d.qhook: change 3dda0004-957f-7d4a-34a6-74696673696d: 2F 00 01 00 FF 00 73 FF FF 01 01 00 FF 00 01 00 FF 00 01 00 FF 00 01 00 FF 00 01 00 FF 00 01 00 FF 00 71 FF FF 00 79 FF FF 00 71 FF FF 00 01 00 FF 00 01 00 FF 00 71 FF FF 00 01 00 FF 00 01 A7 FF 00 01 00 FF 00 01 00 FF 00 01 00 FF 00 01 00 FF 00 01 A7 FF 00 01 00 FF 00 01 00 FF 00 01 00 FF 00 01 06 FF 00 61 3B FF 00 01 00 FF 00 01 00 FF 00 01 00 FF 00 01 00 FF 00 01 00 FF 00 01 00 FF 00 01 00 FF 00 01 07 FF 00 01 00 FF 00 71 8F FF 00 01 00 FF 00 01 00 FF 00 01 00 FF 00 01 00 FF 00 01 00 FF 00 01 00 FF 00 01 00 FF 00 01 00 FF 00 01 00 FF 00
2019-11-03 20:59:14.126 7306-8088/? D/d.d.qhook: change 3dda0004-957f-7d4a-34a6-74696673696d: 30 01 00 FF 00 31 EF FF 00 01 00 FF 00 01 00 FF 00 01 01 FF 00 01 00 FF 00 01 00 FF 00 01 00 FF 00 01 00 FF 00 01 00 FF 00 01 00 FF 00 01 00 FF 00 01 00 FF 00 01 00 FF 00 01 00 FF 00 01 00 FF 00 71 FF FF 00 01 00 FF 00 01 00 FF 00 01 00 FF 00 01 00 FF 00 01 00 FF 00 01 00 FF 00 71 FF FF 00 01 00 FF 00 01 00 FF 00 01 00 FF 00 01 00 FF 00 01 00 FF 00 01 00 FF 00 01 00 FF 00 01 00 FF 00 01 00 FF 00 01 00 FF 00 01 00 FF 00 01 00 FF 00 01 00 FF 00 01 00 FF 00 01 00 FF 00 01 00 FF 00 01 00 FF 00 01 00 FF 00 01 00 FF 00 01 00 FF 00 01 00 FF 00 01
2019-11-03 20:59:14.137 7306-8088/? D/d.d.qhook: change 3dda0004-957f-7d4a-34a6-74696673696d: 31 00 FF 00 01 00 FF 00 01 00 FF 00 01 00 FF 00 01 00 FF 00 75 FF FF 00 73 FF FF 00 01 00 FF 00 01 00 FF 00 01 00 FF 00 01 00 FF 00 31 7B FF 00 51 E7 FF 00 01 00 FF 00 01 00 FF 00 01 00 FF 00 01 00 FF 00 01 00 FF 00 01 00 FF 00 01 00 FF 00 01 00 FF 00 01 00 FF 00 01 00 FF 00 01 00 FF 00 01 00 FF 00 01 00 FF 00 01 00 FF 00 01 00 FF 00 01 06 FF 00 01 00 FF 00 01 00 FF 00 01 00 FF 00 01 00 FF 00 01 00 FF 00 01 00 FF 00 01 00 FF 00 01 00 FF 00 01 00 FF 00 71 FF FF 00 53 D7 FF 00 75 FF FF 00 75 FF FF 00 73 FF FF 00 71 FF FF 00 01 00 FF 00 71 FF
2019-11-03 20:59:14.169 7306-8088/? D/d.d.qhook: change 3dda0004-957f-7d4a-34a6-74696673696d: 32 FF 00 61 23 FF 00 01 00 FF 00 71 FF FF 00 71 FF FF 00 73 FF FF 01 73 FF FF 00 7D FF FF 00 12 10 FF 01 12 18 FF 00 1A 15 FF 01 7D FF FF 01 7F FF FF 00 61 0B FF 00 73 FF FF 00 15 73 FF 00 01 00 FF 00 01 00 FF 00 7D FF FF 01 7F FF FF 00 10 08 FF 01 14 09 FF 00 7B FF FF 01 79 FF FF 00 01 00 FF 00 71 FF FF 00 7B FF FF 00 71 FF FF 00 71 FF FF 00 73 FF FF 01 01 AF FF 00 75 FF FF 00 01 00 FF 00 01 00 FF 00 01 00 FF 00 01 00 FF 00 01 00 FF 00 77 FF FF 00 73 FF FF 00 77 FF FF 00 01 00 FF 00 73 FF FF 00 01 00 FF 00 01 00 FF 00 7F FF FF 01 75 FF FF
2019-11-03 20:59:14.181 7306-8088/? D/d.d.qhook: change 3dda0004-957f-7d4a-34a6-74696673696d: 33 00 77 FF FF 00 01 00 FF 00 77 FF FF 00 12 0A FF 01 77 FF FF 00 75 FF FF 00 01 00 FF 00 7B FF FF 01 20 0F FF 01 73 57 FF 00 75 FF FF 00 75 FF FF 00 43 F7 FF 00 01 00 FF 00 01 00 FF 00 77 FF FF 00 75 FF FF 00 25 D3 FF 01 10 07 FF 00 14 08 FF 01 75 FF FF 00 01 00 FF 00 01 00 FF 00 01 00 FF 00 01 00 FF 00 01 00 FF 00 01 00 FF 00 01 00 FF 00 01 00 FF 00 01 00 FF 00 01 00 FF 00 79 FF FF 00 46 1B FF 03 75 FF FF 00 73 FF FF 00 01 00 FF 00 01 00 FF 00 01 00 FF 00 75 FF FF 00 01 00 FF 00 14 0C FF 01 01 00 FF 00 7B FF FF 00 7D FF FF 01 01 00 FF 00
2019-11-03 20:59:14.198 7306-8088/? D/d.d.qhook: change 3dda0004-957f-7d4a-34a6-74696673696d: 34 01 00 FF 00 75 FF FF 00 7F FF FF 00 73 FF FF 00 7B FF FF 01 01 00 FF 00 03 DB FF 00 7F FF FF 00 1C 0F FF 01 71 FF FF 00 12 0C FF 01 75 FF FF 00 79 FF FF 00 73 FF FF 00 75 FF FF 00 73 FF FF 01 71 FF FF 00 01 00 FF 00 25 83 FF 00 75 FF FF 00 71 FF FF 00 79 FF FF 00 73 FF FF 00 77 FF FF 00 11 A3 FF 00 01 00 FF 00 01 00 FF 00 01 00 FF 00 01 00 FF 00 01 00 FF 00 75 FF FF 01 79 FF FF 00 21 F3 FF 00 23 C7 FF 00 01 00 FF 00 77 FF FF 00 01 00 FF 00 79 FF FF 00 7F FF FF 01 01 00 FF 00 77 FF FF 00 12 07 FF 01 12 0E FF 00 1A 0F FF 01 73 FF FF 00 77
2019-11-03 20:59:14.210 7306-8088/? D/d.d.qhook: change 3dda0004-957f-7d4a-34a6-74696673696d: 35 FF FF 00 75 FF FF 01 73 FF FF 00 01 A3 FF 00 01 00 FF 00 71 FF FF 00 77 FF FF 00 7B FF FF 00 73 FF FF 00 7B FF FF 01 7D FF FF 00 14 0F FF 01 7B FF FF 00 75 FF FF 00 71 FF FF 00 71 FF FF 00 73 FF FF 00 73 FF FF 00 71 FF FF 00 71 FF FF 00 71 FF FF 00 75 FF FF 01 73 FF FF 00 71 FF FF 00 7F FF FF 00 73 FF FF 00 73 FF FF 00 71 FF FF 00 7B FF FF 01 71 FF FF 00 77 FF FF 00 73 FF FF 00 73 FF FF 00 24 13 FF 01 77 FF FF 00 77 FF FF 01 7B FF FF 00 71 FF FF 00 71 FF FF 00 10 12 FF 01 7F FF FF 00 1C 1A FF 01 75 FF FF 00 77 FF FF 00 79 FF FF 01 7B FF
2019-11-03 20:59:14.240 7306-8088/? D/d.d.qhook: change 3dda0004-957f-7d4a-34a6-74696673696d: 36 FF 00 14 18 FF 01 12 13 FF 00 14 13 FF 01 10 18 FF 01 75 FF FF 00 73 FF FF 00 7D FF FF 00 12 15 FF 01 7D FF FF 00 16 14 FF 01 1C 19 FF 01 7B FF FF 00 7F FF FF 01 20 17 FF 01 1E 18 FF 01 1E 17 FF 01 26 1E FF 01 1C 1E FF 01 24 1D FF 02 12 1A FF 00 1C 18 FF 01 1A 19 FF 01 2E 1A FF 02 22 15 FF 01 18 18 FF 01 18 13 FF 01 7F FF FF 00 77 FF FF 00 77 FF FF 01 71 FF FF 00 71 FF FF 00 01 0F FF 00 1C 11 FF 01 14 0B FF 00 2A 17 FF 02 30 1E FF 01 10 0B FF 01 7B FF FF 00 10 13 FF 01 20 18 FF 01 16 0F FF 01 38 1A FF 02 16 0E FF 01 22 12 FF 01 73 FF FF
2019-11-03 20:59:14.245 7306-8088/? D/d.d.qhook: change 3dda0004-957f-7d4a-34a6-74696673696d: 37 00 73 FF FF 00 73 FF FF 00 16 0D FF 01 77 FF FF 00 01 00 FF 00 01 00 FF 00 7D FF FF 00 2E 20 FF 02 2E 20 FF 02 1C 11 FF 01 31 DF FF 00 77 FF FF 00 75 FF FF 00 79 FF FF 00 77 FF FF 00 75 FF FF 01 77 FF FF 00 31 E3 FF 00 71 FF FF 00 75 FF FF 00 41 B7 FF 00 75 FF FF 00 22 10 FF 01 26 15 FF 02 13 DB FF 00 75 FF FF 00 12 0D FF 00 73 FF FF 01 7B FF FF 00 53 63 FF 00 73 FF FF 00 73 03 FF 00 71 FF FF 00 01 00 FF 00 65 CB FF 00 75 FF FF 00 15 C7 FF 00 18 12 FF 01 7B FF FF 01 71 FF FF 00 71 FF FF 00 73 FF FF 00 01 00 FF 00 5B FB FF 00 18 13 FF 01
2019-11-03 20:59:14.275 7306-8088/? D/d.d.qhook: change 3dda0004-957f-7d4a-34a6-74696673696d: 38 73 FF FF 00 18 0D FF 01 18 13 FF 01 77 FF FF 00 75 FF FF 00 71 FF FF 00 73 FF FF 00 77 FF FF 00 20 20 FF 01 7B FF FF 01 7F FF FF 00 79 FF FF 00 12 14 FF 01 14 1B FF 01 75 FF FF 00 77 FF FF 00 75 FF FF 00 77 FF FF 01 71 FF FF 00 71 83 FF 00 71 FF FF 00 11 BF FF 00 01 00 FF 00 01 00 FF 00 77 FF FF 00 77 FF FF 00 7B FF FF 00 7B FF FF 01 75 FF FF 00 18 0E FF 01 10 0B FF 00 7B FF FF 01 18 18 FF 01 73 FF FF 00 7D FF FF 00 71 FF FF 00 79 FF FF 00 71 FF FF 00 41 B7 FF 00 71 BB FF 00 71 FF FF 00 73 FF FF 00 16 0D FF 01 1A 14 FF 01 7B FF FF 00 13
2019-11-03 20:59:14.287 7306-8088/? D/d.d.qhook: change 3dda0004-957f-7d4a-34a6-74696673696d: 39 B7 FF 00 1A 12 FF 01 16 15 FF 01 18 0F FF 01 7B FF FF 00 22 17 FF 02 71 FF FF 00 79 FF FF 00 73 FF FF 00 16 11 FF 01 77 FF FF 00 01 00 FF 00 10 0A FF 00 7B FF FF 01 01 00 FF 00 01 00 FF 00 01 00 FF 00 12 0A FF 00 1E 11 FF 01 22 12 FF 02 7F FF FF 00 18 0C FF 01 7D FF FF 00 18 0D FF 01 28 1B FF 02 73 FF FF 00 7F FF FF 00 1C 10 FF 01 10 0A FF 01 7B FF FF 00 16 0F FF 01 77 FF FF 00 12 09 FF 01 26 16 FF 01 2C 1D FF 01 26 16 FF 02 2E 1E FF 01 10 0C FF 01 79 FF FF 00 73 FF FF 00 73 FF FF 00 10 09 FF 01 7D FF FF 00 1A 12 FF 01 7B FF FF 01 22 12
2019-11-03 20:59:14.318 7306-8088/? D/d.d.qhook: change 3dda0004-957f-7d4a-34a6-74696673696d: 3A FF 01 7F FF FF 00 7B FF FF 01 7D FF FF 00 7F FF FF 01 14 17 FF 00 77 FF FF 01 01 1B FF 00 77 FF FF 00 75 FF FF 00 73 FF FF 00 73 FF FF 00 01 00 FF 00 7B FF FF 00 77 FF FF 01 01 00 FF 00 73 FF FF 00 01 00 FF 00 01 00 FF 00 01 00 FF 00 79 FF FF 00 71 FF FF 00 01 00 FF 00 01 00 FF 00 73 FF FF 00 7B FF FF 00 7F FF FF 01 18 10 FF 01 75 FF FF 00 10 0A FF 00 79 FF FF 01 22 1A FF 01 10 0A FF 00 20 1C FF 02 16 0B FF 00 20 16 FF 01 1E 13 FF 01 14 0E FF 01 22 14 FF 01 73 FF FF 00 73 FF FF 00 73 FF FF 01 73 FF FF 00 71 FF FF 00 11 17 FF 00 13 6B FF
2019-11-03 20:59:14.323 7306-8088/? D/d.d.qhook: change 3dda0004-957f-7d4a-34a6-74696673696d: BB 00 73 FF FF 00 01 00 FF 00 12 11 FF 00 20 11 FF 02 1C 14 FF 01 20 0E FF 01 1E 13 FF 01 71 FF FF 00 75 FF FF 00 71 FF FF 00 73 FF FF 00 71 FF FF 00 77 FF FF 00 79 FF FF 00 79 FF FF 01 16 17 FF 00 7D FF FF 01 24 10 FF 01 16 13 FF 01 73 FF FF 00 7F FF FF 01 10 0B FF 00 77 FF FF 00 71 FF FF 00 75 FF FF 00 75 FF FF 01 E2 03 8E 31 BF 5D 48 00 3C 00 A9 C6 3E D3
2019-11-03 20:59:14.374 7306-8088/? D/d.d.qhook: change 3dda0003-957f-7d4a-34a6-74696673696d: 88 01 01 00 2E 32 00 00 7A 03 FE F8
2019-11-03 20:59:14.464 7306-7306/? D/d.d.qhook: DELETE_FILE
2019-11-03 20:59:14.464 7306-7306/? D/d.d.qhook: write 3dda0003-957f-7d4a-34a6-74696673696d: 0B 01 01
2019-11-03 20:59:14.556 7306-8088/? D/d.d.qhook: change 3dda0003-957f-7d4a-34a6-74696673696d: 8B 01 01 00
2019-11-03 20:59:14.709 7306-7306/? D/d.d.qhook: LIST_FILE
2019-11-03 20:59:14.710 7306-7306/? D/d.d.qhook: write 3dda0003-957f-7d4a-34a6-74696673696d: 02 FF 02
2019-11-03 20:59:14.748 7306-7322/? D/d.d.qhook: change 3dda0003-957f-7d4a-34a6-74696673696d: 82 FF 02 00 0A 00 00 00 00
2019-11-03 20:59:14.778 7306-7322/? D/d.d.qhook: change 3dda0004-957f-7d4a-34a6-74696673696d: 80 00 02 40 01 00 00 C6 21 E0 22
2019-11-03 20:59:14.779 7306-7322/? D/d.d.qhook: change 3dda0003-957f-7d4a-34a6-74696673696d: 88 FF 02 00 0A 00 00 00 AC A6 21 A3
2019-11-03 20:59:14.792 7306-7306/? D/d.d.qhook: GET_FILE
2019-11-03 20:59:14.792 7306-7306/? D/d.d.qhook: write 3dda0003-957f-7d4a-34a6-74696673696d: 01 00 02 00 00 00 00 FF FF FF FF
2019-11-03 20:59:14.854 7306-7322/? D/d.d.qhook: change 3dda0003-957f-7d4a-34a6-74696673696d: 81 00 02 00 40 01 00 00 00
2019-11-03 20:59:14.908 7306-8088/? D/d.d.qhook: change 3dda0004-957f-7d4a-34a6-74696673696d: 00 00 01 02 57 48 00 00 00 8B 31 BF 5D 57 00 3C 00 C5 09 2D 00 00 00 00 00 8B 31 BF 5D 57 00 3C 00 F9 02 01 01 02 01 00 00 8B 31 BF 5D 57 00 3C 00 F9 02 00 0B 02 01 00 00 8C 31 BF 5D 13 00 3C 00 F9 02 00 0B 02 02 00 00 8C 31 BF 5D 1C 00 3C 00 C2 01 06 00 00 00 00 00 8D 31 BF 5D 03 00 3C 00 F9 02 00 08 02 01 00 00 8E 31 BF 5D 59 00 3C 00 F9 02 00 08 02 02 00 00 8E 31 BF 5D 60 00 3C 00 F9 02 00 08 01 01 00 00 8F 31 BF 5D 04 00 3C 00 F9 02 00 08 01 02 00 00 8F 31 BF 5D 0A 00 3C 00 D0 8F 31 BF 5D 3C 00 00 8E 31 BF 5D 48 00 3C 00 F9 02 00 06 01
2019-11-03 20:59:14.921 7306-7322/? D/d.d.qhook: change 3dda0004-957f-7d4a-34a6-74696673696d: 81 01 00 00 8E 31 BF 5D 4E 00 3C 00 F9 02 00 06 01 02 00 00 8E 31 BF 5D 57 00 3C 00 F9 02 00 08 02 01 00 00 8F 31 BF 5D 12 00 3C 00 F9 02 00 08 02 02 00 00 8F 31 BF 5D 19 00 3C 00 F9 02 01 01 02 02 00 00 92 31 BF 5D 27 00 3C 00 F9 02 01 01 03 01 00 00 92 31 BF 5D 39 00 3C 00 80 81 01 00 00 01 2A 32 92 31 BF 5D 3B 00 3C 00 F9 02 01 01 03 02 00 00 92 31 BF 5D 3B 00 3C 00 FF FF FF FF FF FF FF FF FF FF FF FF FF FF FF FF
2019-11-03 20:59:14.929 7306-7322/? D/d.d.qhook: change 3dda0003-957f-7d4a-34a6-74696673696d: 88 00 02 00 40 01 00 00 C6 21 E0 22
2019-11-03 20:59:14.959 7306-7306/? D/d.d.qhook: DELETE_FILE
2019-11-03 20:59:14.960 7306-7306/? D/d.d.qhook: write 3dda0003-957f-7d4a-34a6-74696673696d: 0B 00 02
2019-11-03 20:59:15.034 7306-7322/? D/d.d.qhook: change 3dda0003-957f-7d4a-34a6-74696673696d: 8B 00 02 00
2019-11-03 20:59:15.414 7306-7358/? D/d.d.qhook: PUT_FILE
2019-11-03 20:59:15.414 7306-7358/? D/d.d.qhook: write 3dda0003-957f-7d4a-34a6-74696673696d: 03 00 08 00 00 00 00 4F 00 00 00 4F 00 00 00
2019-11-03 20:59:15.452 7306-7322/? D/d.d.qhook: change 3dda0003-957f-7d4a-34a6-74696673696d: 8A 00 08 00 03 30 75 00 00
2019-11-03 20:59:15.482 7306-7322/? D/d.d.qhook: change 3dda0003-957f-7d4a-34a6-74696673696d: 83 00 08 00 00
2019-11-03 20:59:15.487 7306-7306/? D/d.d.qhook: write 3dda0004-957f-7d4a-34a6-74696673696d: 00 00 08 02 00 00 00 00 00 3F 00 00 00 0C 00 08 93 31 BF 5D 7E 01 3C 00 0A 00 01 64 02 00 04 7A 13 00 00 03 00 04 40 00 00 00 06 00 02 00 00 07 00 02 1E 00 04 00 04 AF 00 00 00 05 00 04 E8 03 00 00 01 00 07 67 01 BC 00 46 00 00 67 2E EE E4
2019-11-03 20:59:15.512 7306-7322/? D/d.d.qhook: change 3dda0003-957f-7d4a-34a6-74696673696d: 88 00 08 00 4F 00 00 00 AD 9E D3 30
2019-11-03 20:59:15.517 7306-7306/? D/d.d.qhook: VERIFY_FILE
2019-11-03 20:59:15.517 7306-7306/? D/d.d.qhook: write 3dda0003-957f-7d4a-34a6-74696673696d: 04 00 08
2019-11-03 20:59:15.543 7306-7322/? D/d.d.qhook: change 3dda0003-957f-7d4a-34a6-74696673696d: 8A 00 08 00 04 30 75 00 00
2019-11-03 20:59:15.587 7306-7322/? D/d.d.qhook: change 3dda0003-957f-7d4a-34a6-74696673696d: 84 00 08 00
2019-11-03 20:59:15.615 7306-7358/? D/d.d.qhook: PUT_FILE
2019-11-03 20:59:15.615 7306-7358/? D/d.d.qhook: write 3dda0003-957f-7d4a-34a6-74696673696d: 03 00 06 00 00 00 00 A0 01 00 00 A0 01 00 00
2019-11-03 20:59:15.648 7306-7322/? D/d.d.qhook: change 3dda0003-957f-7d4a-34a6-74696673696d: 8A 00 06 00 03 30 75 00 00
2019-11-03 20:59:15.678 7306-7322/? D/d.d.qhook: change 3dda0003-957f-7d4a-34a6-74696673696d: 83 00 06 00 00
2019-11-03 20:59:15.687 7306-7306/? D/d.d.qhook: write 3dda0004-957f-7d4a-34a6-74696673696d: 00 00 06 02 00 00 00 00 00 90 01 00 00 01 00 00 03 10 01 01 01 0C 00 00 20 04 01 02 18 00 00 01 02 14 00 00 01 02 1A 00 00 01 02 16 00 00 30 01 01 01 10 00 00 06 01 00 01 01 0C 2E 00 00 00 01 00 06 00 01 01 01 03 00 02 01 0F 00 8B 00 00 93 00 01 08 01 14 00 01 00 FE 08 00 93 00 02 01 00 BF D5 54 D1 01 00 01 02 18 36 00 00 00 01 00 08 00 04 00 00 07 02 01 00 01 01 1D 00 89 02 01 04 B0 02 00 89 05 01 07 B0 02 00 B0 02 00 B0 02 00 08 01 50 00 01 00 9C F6 EF CD 01 00 01 02 14 34 00 00 00 01 00 06 00 02 00 00 07 00 01 01 1D 00 89 02 01 04 B0 00
2019-11-03 20:59:15.694 7306-7306/? D/d.d.qhook: write 3dda0004-957f-7d4a-34a6-74696673696d: 01 00 89 05 01 07 B0 00 00 B0 00 00 B0 00 00 08 01 50 00 01 00 77 9C 0C 19 01 00 01 02 1A 36 00 00 00 01 00 08 00 04 00 00 07 02 00 00 01 01 1D 00 89 02 01 04 B0 03 00 89 05 01 07 B0 03 00 B0 03 00 B0 03 00 08 01 50 00 01 00 A6 79 57 CC 01 00 01 02 16 36 00 00 00 01 00 08 00 04 00 00 07 02 02 00 01 01 1D 00 89 02 01 04 B0 01 00 89 05 01 07 B0 01 00 B0 01 00 B0 01 00 08 01 50 00 01 00 C8 B7 88 87 01 00 01 01 10 5E 00 00 00 01 00 06 00 01 01 01 03 00 05 01 1D 00 85 01 F6 00 00 85 01 42 02 00 85 01 43 03 00 85 01 48 04 00 08 01 1E 00 01 00 02
2019-11-03 20:59:15.698 7306-7306/? D/d.d.qhook: write 3dda0004-957f-7d4a-34a6-74696673696d: 02 0D 00 8C 01 E9 00 01 93 00 01 01 00 03 0B 00 8C 01 E9 00 00 93 00 01 04 0A 00 8C 01 00 00 01 01 00 FE 08 00 93 00 02 01 00 34 17 48 35 00 49 F8 27 29 CE E6 F8 0B
2019-11-03 20:59:15.752 7306-7322/? D/d.d.qhook: change 3dda0003-957f-7d4a-34a6-74696673696d: 88 00 06 00 A0 01 00 00 41 F8 A9 3D
2019-11-03 20:59:15.757 7306-7306/? D/d.d.qhook: VERIFY_FILE
2019-11-03 20:59:15.757 7306-7306/? D/d.d.qhook: write 3dda0003-957f-7d4a-34a6-74696673696d: 04 00 06
2019-11-03 20:59:15.782 7306-7322/? D/d.d.qhook: change 3dda0003-957f-7d4a-34a6-74696673696d: 8A 00 06 00 04 30 75 00 00
2019-11-03 20:59:15.813 7306-7322/? D/d.d.qhook: change 3dda0003-957f-7d4a-34a6-74696673696d: 84 00 06 00
2019-11-03 20:59:57.857 7306-7360/? D/d.d.qhook: PUT_FILE
2019-11-03 20:59:57.858 7306-7360/? D/d.d.qhook: write 3dda0003-957f-7d4a-34a6-74696673696d: 03 00 0C 00 00 00 00 97 00 00 00 97 00 00 00
2019-11-03 20:59:57.903 7306-8088/? D/d.d.qhook: change 3dda0003-957f-7d4a-34a6-74696673696d: 8A 00 0C 00 03 30 75 00 00
2019-11-03 20:59:57.964 7306-8088/? D/d.d.qhook: change 3dda0003-957f-7d4a-34a6-74696673696d: 83 00 0C 00 00
2019-11-03 20:59:57.978 7306-7306/? D/d.d.qhook: write 3dda0004-957f-7d4a-34a6-74696673696d: 00 00 0C 02 00 00 00 00 00 87 00 00 00 19 00 04 04 CC 6A 8C 17 80 01 02 C1 01 FF C2 08 1D 00 1D 00 FF FF 10 27 C3 01 04 19 00 04 04 03 63 20 45 80 01 02 C1 01 FF C2 08 3B 00 3B 00 FF FF 10 27 C3 01 04 19 00 04 04 04 15 62 8F 80 01 02 C1 01 FF C2 08 77 00 77 00 FF FF 10 27 C3 01 04 19 00 04 04 92 32 63 22 80 01 02 C1 01 FF C2 08 B3 00 B3 00 FF FF 10 27 C3 01 04 19 00 04 04 92 32 63 22 80 01 02 C1 01 FF C2 08 B3 00 B3 00 FF FF 10 27 C3 01 04 A5 64 5C F4
2019-11-03 20:59:58.024 7306-8088/? D/d.d.qhook: change 3dda0003-957f-7d4a-34a6-74696673696d: 88 00 0C 00 97 00 00 00 83 53 1D 67
2019-11-03 20:59:58.029 7306-7306/? D/d.d.qhook: VERIFY_FILE
2019-11-03 20:59:58.029 7306-7306/? D/d.d.qhook: write 3dda0003-957f-7d4a-34a6-74696673696d: 04 00 0C
2019-11-03 20:59:58.052 7306-8088/? D/d.d.qhook: change 3dda0003-957f-7d4a-34a6-74696673696d: 8A 00 0C 00 04 30 75 00 00
2019-11-03 20:59:58.083 7306-8088/? D/d.d.qhook: change 3dda0003-957f-7d4a-34a6-74696673696d: 84 00 0C 00
2019-11-03 21:00:02.851 7306-8088/? D/d.d.qhook: PUT_FILE
2019-11-03 21:00:02.851 7306-8088/? D/d.d.qhook: write 3dda0003-957f-7d4a-34a6-74696673696d: 03 00 09 00 00 00 00 49 00 00 00 49 00 00 00
2019-11-03 21:00:02.883 7306-8088/? D/d.d.qhook: change 3dda0003-957f-7d4a-34a6-74696673696d: 83 00 09 00 00
2019-11-03 21:00:02.899 7306-7306/? D/d.d.qhook: write 3dda0004-957f-7d4a-34a6-74696673696d: 00 00 09 02 00 00 00 00 00 39 00 00 00 39 00 0A 03 02 04 04 0D 0D 0D 00 00 00 00 CC 6A 8C 17 63 6F 6D 2E 77 68 61 74 73 61 70 70 00 63 6F 6D 2E 77 68 61 74 73 61 70 70 00 63 6F 6D 2E 77 68 61 74 73 61 70 70 00 75 A0 FA 13
2019-11-03 21:00:02.944 7306-7322/? D/d.d.qhook: change 3dda0003-957f-7d4a-34a6-74696673696d: 88 00 09 00 49 00 00 00 F8 E8 52 B5
2019-11-03 21:00:02.958 7306-7306/? D/d.d.qhook: VERIFY_FILE
2019-11-03 21:00:02.958 7306-7306/? D/d.d.qhook: write 3dda0003-957f-7d4a-34a6-74696673696d: 04 00 09
2019-11-03 21:00:03.004 7306-7322/? D/d.d.qhook: change 3dda0003-957f-7d4a-34a6-74696673696d: 8A 00 09 00 04 30 75 00 00
2019-11-03 21:00:03.049 7306-7322/? D/d.d.qhook: change 3dda0003-957f-7d4a-34a6-74696673696d: 84 00 09 00
2019-11-03 21:00:25.966 7306-8797/? D/d.d.qhook: PUT_FILE
2019-11-03 21:00:25.966 7306-8797/? D/d.d.qhook: write 3dda0003-957f-7d4a-34a6-74696673696d: 03 00 0C 00 00 00 00 B2 00 00 00 B2 00 00 00
2019-11-03 21:00:26.691 7306-7322/? D/d.d.qhook: change 3dda0003-957f-7d4a-34a6-74696673696d: 8A 00 0C 00 03 30 75 00 00
2019-11-03 21:00:26.749 7306-7322/? D/d.d.qhook: change 3dda0003-957f-7d4a-34a6-74696673696d: 83 00 0C 00 00
2019-11-03 21:00:26.774 7306-7306/? D/d.d.qhook: write 3dda0004-957f-7d4a-34a6-74696673696d: 00 00 0C 02 00 00 00 00 00 A2 00 00 00 19 00 04 04 CC 6A 8C 17 80 01 02 C1 01 FF C2 08 3B 00 3B 00 FF FF 10 27 C3 01 04 19 00 04 04 CC 6A 8C 17 80 01 02 C1 01 FF C2 08 3B 00 3B 00 FF FF 10 27 C3 01 04 19 00 04 04 03 63 20 45 80 01 02 C1 01 FF C2 08 3B 00 3B 00 FF FF 10 27 C3 01 04 19 00 04 04 03 63 20 45 80 01 02 C1 01 FF C2 08 3B 00 3B 00 FF FF 10 27 C3 01 04 19 00 04 04 04 15 62 8F 80 01 02 C1 01 FF C2 08 77 00 77 00 FF FF 10 27 C3 01 04 19 00 04 04 92 32 63 22 80 01 02 C1 01 FF C2 08 B3 00 B3 00 FF FF 10 27 C3 01 04 F1 55 F4 93
2019-11-03 21:00:27.307 7306-7322/? D/d.d.qhook: change 3dda0003-957f-7d4a-34a6-74696673696d: 88 00 0C 00 B2 00 00 00 95 F8 8E E9
2019-11-03 21:00:27.324 7306-7306/? D/d.d.qhook: VERIFY_FILE
2019-11-03 21:00:27.324 7306-7306/? D/d.d.qhook: write 3dda0003-957f-7d4a-34a6-74696673696d: 04 00 0C
2019-11-03 21:00:27.393 7306-7322/? D/d.d.qhook: change 3dda0003-957f-7d4a-34a6-74696673696d: 8A 00 0C 00 04 30 75 00 00
2019-11-03 21:00:27.484 7306-7322/? D/d.d.qhook: change 3dda0003-957f-7d4a-34a6-74696673696d: 84 00 0C 00
2019-11-03 21:00:48.616 7306-7358/? D/d.d.qhook: PUT_FILE
2019-11-03 21:00:48.616 7306-7358/? D/d.d.qhook: write 3dda0003-957f-7d4a-34a6-74696673696d: 03 00 06 00 00 00 00 E8 00 00 00 E8 00 00 00
2019-11-03 21:00:48.753 7306-7322/? D/d.d.qhook: change 3dda0003-957f-7d4a-34a6-74696673696d: 8A 00 06 00 03 30 75 00 00
2019-11-03 21:00:48.783 7306-8088/? D/d.d.qhook: change 3dda0003-957f-7d4a-34a6-74696673696d: 83 00 06 00 00
2019-11-03 21:00:48.797 7306-7306/? D/d.d.qhook: write 3dda0004-957f-7d4a-34a6-74696673696d: 00 00 06 02 00 00 00 00 00 D8 00 00 00 01 00 00 03 10 01 01 01 0C 00 00 20 01 01 01 14 00 00 30 01 01 01 10 00 00 03 01 00 01 01 0C 2E 00 00 00 01 00 06 00 01 01 01 03 00 02 01 0F 00 8B 00 00 93 00 01 08 01 14 00 01 00 FE 08 00 93 00 02 01 00 BF D5 54 D1 01 00 01 01 14 2D 00 00 00 01 00 06 00 02 00 00 07 00 01 01 16 00 89 05 01 07 B0 00 00 B0 00 00 B0 00 00 08 01 50 00 01 00 D0 89 DE 6E 01 00 01 01 10 5E 00 00 00 01 00 06 00 01 01 01 03 00 05 01 1D 00 85 01 F6 00 00 85 01 42 02 00 85 01 43 03 00 85 01 48 04 00 08 01 1E 00 01 00 02 0D 00 8C
2019-11-03 21:00:48.801 7306-7306/? D/d.d.qhook: write 3dda0004-957f-7d4a-34a6-74696673696d: 01 01 E9 00 01 93 00 01 01 00 03 0B 00 8C 01 E9 00 00 93 00 01 04 0A 00 8C 01 00 00 01 01 00 FE 08 00 93 00 02 01 00 34 17 48 35 00 33 33 CF D4 BB 55 E7 73
2019-11-03 21:00:50.194 7306-8088/? D/d.d.qhook: change 3dda0003-957f-7d4a-34a6-74696673696d: 88 00 06 00 E8 00 00 00 BA C3 E5 A8
2019-11-03 21:00:50.213 7306-7306/? D/d.d.qhook: VERIFY_FILE
2019-11-03 21:00:50.213 7306-7306/? D/d.d.qhook: write 3dda0003-957f-7d4a-34a6-74696673696d: 04 00 06
2019-11-03 21:00:50.239 7306-8088/? D/d.d.qhook: change 3dda0003-957f-7d4a-34a6-74696673696d: 8A 00 06 00 04 30 75 00 00
2019-11-03 21:00:50.284 7306-8088/? D/d.d.qhook: change 3dda0003-957f-7d4a-34a6-74696673696d: 84 00 06 00
2019-11-03 21:02:20.482 7306-8088/? D/d.d.qhook: change 3dda0006-957f-7d4a-34a6-74696673696d: 01 02 26
2019-11-03 21:02:20.516 7306-7306/? D/d.d.qhook: write 3dda0006-957f-7d4a-34a6-74696673696d: 02 02 26 01
